{"seed": 614001, "strategy": "compact_baseline", "successful": true, "virtual_time_s": 6539.120111, "common_lower_bound_s": 2212.6058593611897, "time_over_lower_bound": 2.9553931095924764, "penalized_time_over_lower_bound": 2.9553931095924764, "errors": []}
{"seed": 614001, "strategy": "compact_optical_uniform", "successful": true, "virtual_time_s": 6186.120111, "common_lower_bound_s": 2212.6058593611897, "time_over_lower_bound": 2.7958527203692842, "penalized_time_over_lower_bound": 2.7958527203692842, "errors": []}
{"seed": 614001, "strategy": "compact_combo", "successful": true, "virtual_time_s": 6186.120111, "common_lower_bound_s": 2212.6058593611897, "time_over_lower_bound": 2.7958527203692842, "penalized_time_over_lower_bound": 2.7958527203692842, "errors": []}
{"seed": 614001, "strategy": "compact_optical_weighted", "successful": true, "virtual_time_s": 6186.120111, "common_lower_bound_s": 2212.6058593611897, "time_over_lower_bound": 2.7958527203692842, "penalized_time_over_lower_bound": 2.7958527203692842, "errors": []}
{"seed": 614002, "strategy": "compact_combo", "successful": true, "virtual_time_s": 7955.771981, "common_lower_bound_s": 1717.3380303672582, "time_over_lower_bound": 4.632618529561494, "penalized_time_over_lower_bound": 4.632618529561494, "errors": []}
{"seed": 614002, "strategy": "compact_baseline", "successful": true, "virtual_time_s": 7520.684536, "common_lower_bound_s": 1717.3380303672582, "time_over_lower_bound": 4.379268613990734, "penalized_time_over_lower_bound": 4.379268613990734, "errors": []}
{"seed": 614003, "strategy": "compact_baseline", "successful": true, "virtual_time_s": 7485.044461, "common_lower_bound_s": 2224.7593249796837, "time_over_lower_bound": 3.364428851677407, "penalized_time_over_lower_bound": 3.364428851677407, "errors": []}
{"seed": 614003, "strategy": "compact_combo", "successful": true, "virtual_time_s": 7119.044461, "common_lower_bound_s": 2224.7593249796837, "time_over_lower_bound": 3.1999166746115386, "penalized_time_over_lower_bound": 3.1999166746115386, "errors": []}
{"seed": 614003, "strategy": "compact_optical_uniform", "successful": true, "virtual_time_s": 7119.044461, "common_lower_bound_s": 2224.7593249796837, "time_over_lower_bound": 3.1999166746115386, "penalized_time_over_lower_bound": 3.1999166746115386, "errors": []}
{"seed": 614002, "strategy": "compact_optical_uniform", "successful": true, "virtual_time_s": 8763.919066, "common_lower_bound_s": 1717.3380303672582, "time_over_lower_bound": 5.103199784218258, "penalized_time_over_lower_bound": 5.103199784218258, "errors": []}
{"seed": 614003, "strategy": "compact_optical_weighted", "successful": true, "virtual_time_s": 7119.044461, "common_lower_bound_s": 2224.7593249796837, "time_over_lower_bound": 3.1999166746115386, "penalized_time_over_lower_bound": 3.1999166746115386, "errors": []}
{"seed": 614004, "strategy": "compact_baseline", "successful": true, "virtual_time_s": 7362.089785, "common_lower_bound_s": 2020.8313209895302, "time_over_lower_bound": 3.6430996038774, "penalized_time_over_lower_bound": 3.6430996038774, "errors": []}
{"seed": 614004, "strategy": "compact_combo", "successful": true, "virtual_time_s": 6742.660368, "common_lower_bound_s": 2020.8313209895302, "time_over_lower_bound": 3.336577525282197, "penalized_time_over_lower_bound": 3.336577525282197, "errors": []}
{"seed": 614004, "strategy": "compact_optical_uniform", "successful": true, "virtual_time_s": 6742.660368, "common_lower_bound_s": 2020.8313209895302, "time_over_lower_bound": 3.336577525282197, "penalized_time_over_lower_bound": 3.336577525282197, "errors": []}
{"seed": 614002, "strategy": "compact_optical_weighted", "successful": true, "virtual_time_s": 8866.768665, "common_lower_bound_s": 1717.3380303672582, "time_over_lower_bound": 5.163088750269982, "penalized_time_over_lower_bound": 5.163088750269982, "errors": []}
{"seed": 614004, "strategy": "compact_optical_weighted", "successful": true, "virtual_time_s": 6742.660368, "common_lower_bound_s": 2020.8313209895302, "time_over_lower_bound": 3.336577525282197, "penalized_time_over_lower_bound": 3.336577525282197, "errors": []}
{"seed": 614005, "strategy": "compact_baseline", "successful": true, "virtual_time_s": 7775.045706, "common_lower_bound_s": 1876.3103119936243, "time_over_lower_bound": 4.143795222091398, "penalized_time_over_lower_bound": 4.143795222091398, "errors": []}
{"seed": 614005, "strategy": "compact_combo", "successful": true, "virtual_time_s": 7258.46196, "common_lower_bound_s": 1876.3103119936243, "time_over_lower_bound": 3.868476292862086, "penalized_time_over_lower_bound": 3.868476292862086, "errors": []}
{"seed": 614005, "strategy": "compact_optical_uniform", "successful": true, "virtual_time_s": 7258.46196, "common_lower_bound_s": 1876.3103119936243, "time_over_lower_bound": 3.868476292862086, "penalized_time_over_lower_bound": 3.868476292862086, "errors": []}
{"seed": 614005, "strategy": "compact_optical_weighted", "successful": true, "virtual_time_s": 7258.46196, "common_lower_bound_s": 1876.3103119936243, "time_over_lower_bound": 3.868476292862086, "penalized_time_over_lower_bound": 3.868476292862086, "errors": []}
{"seed": 614006, "strategy": "compact_baseline", "successful": true, "virtual_time_s": 7018.678759, "common_lower_bound_s": 2211.5436739510583, "time_over_lower_bound": 3.173655958808492, "penalized_time_over_lower_bound": 3.173655958808492, "errors": []}
{"seed": 614006, "strategy": "compact_combo", "successful": true, "virtual_time_s": 6582.678759, "common_lower_bound_s": 2211.5436739510583, "time_over_lower_bound": 2.976508597381503, "penalized_time_over_lower_bound": 2.976508597381503, "errors": []}
{"seed": 614006, "strategy": "compact_optical_uniform", "successful": true, "virtual_time_s": 6582.678759, "common_lower_bound_s": 2211.5436739510583, "time_over_lower_bound": 2.976508597381503, "penalized_time_over_lower_bound": 2.976508597381503, "errors": []}
{"seed": 614006, "strategy": "compact_optical_weighted", "successful": true, "virtual_time_s": 6582.678759, "common_lower_bound_s": 2211.5436739510583, "time_over_lower_bound": 2.976508597381503, "penalized_time_over_lower_bound": 2.976508597381503, "errors": []}
{"seed": 614007, "strategy": "compact_baseline", "successful": true, "virtual_time_s": 6053.795282, "common_lower_bound_s": 2017.3410478549777, "time_over_lower_bound": 3.000878452573476, "penalized_time_over_lower_bound": 3.000878452573476, "errors": []}
{"seed": 614007, "strategy": "compact_combo", "successful": true, "virtual_time_s": 5891.795282, "common_lower_bound_s": 2017.3410478549777, "time_over_lower_bound": 2.9205747279393823, "penalized_time_over_lower_bound": 2.9205747279393823, "errors": []}
{"seed": 614007, "strategy": "compact_optical_uniform", "successful": true, "virtual_time_s": 5891.795282, "common_lower_bound_s": 2017.3410478549777, "time_over_lower_bound": 2.9205747279393823, "penalized_time_over_lower_bound": 2.9205747279393823, "errors": []}
{"seed": 614008, "strategy": "compact_baseline", "successful": true, "virtual_time_s": 6850.704082, "common_lower_bound_s": 2136.925642972357, "time_over_lower_bound": 3.205869190876952, "penalized_time_over_lower_bound": 3.205869190876952, "errors": []}
{"seed": 614007, "strategy": "compact_optical_weighted", "successful": true, "virtual_time_s": 5891.795282, "common_lower_bound_s": 2017.3410478549777, "time_over_lower_bound": 2.9205747279393823, "penalized_time_over_lower_bound": 2.9205747279393823, "errors": []}
{"seed": 614008, "strategy": "compact_combo", "successful": true, "virtual_time_s": 6317.704082, "common_lower_bound_s": 2136.925642972357, "time_over_lower_bound": 2.956445444312414, "penalized_time_over_lower_bound": 2.956445444312414, "errors": []}
{"seed": 614008, "strategy": "compact_optical_uniform", "successful": true, "virtual_time_s": 6317.704082, "common_lower_bound_s": 2136.925642972357, "time_over_lower_bound": 2.956445444312414, "penalized_time_over_lower_bound": 2.956445444312414, "errors": []}
{"seed": 614008, "strategy": "compact_optical_weighted", "successful": true, "virtual_time_s": 6317.704082, "common_lower_bound_s": 2136.925642972357, "time_over_lower_bound": 2.956445444312414, "penalized_time_over_lower_bound": 2.956445444312414, "errors": []}
{"seed": 614009, "strategy": "compact_baseline", "successful": true, "virtual_time_s": 7499.848191, "common_lower_bound_s": 1973.4338208941383, "time_over_lower_bound": 3.800405218352806, "penalized_time_over_lower_bound": 3.800405218352806, "errors": []}
{"seed": 614009, "strategy": "compact_combo", "successful": true, "virtual_time_s": 5324.114752, "common_lower_bound_s": 1973.4338208941383, "time_over_lower_bound": 2.6978937401547674, "penalized_time_over_lower_bound": 2.6978937401547674, "errors": []}
{"seed": 614009, "strategy": "compact_optical_uniform", "successful": true, "virtual_time_s": 5324.114752, "common_lower_bound_s": 1973.4338208941383, "time_over_lower_bound": 2.6978937401547674, "penalized_time_over_lower_bound": 2.6978937401547674, "errors": []}
{"seed": 614010, "strategy": "compact_baseline", "successful": true, "virtual_time_s": 7259.245723, "common_lower_bound_s": 2305.3461242739013, "time_over_lower_bound": 3.1488745427701854, "penalized_time_over_lower_bound": 3.1488745427701854, "errors": []}
{"seed": 614010, "strategy": "compact_combo", "successful": true, "virtual_time_s": 6639.379499, "common_lower_bound_s": 2305.3461242739013, "time_over_lower_bound": 2.879992478826215, "penalized_time_over_lower_bound": 2.879992478826215, "errors": []}
{"seed": 614009, "strategy": "compact_optical_weighted", "successful": true, "virtual_time_s": 5324.114752, "common_lower_bound_s": 1973.4338208941383, "time_over_lower_bound": 2.6978937401547674, "penalized_time_over_lower_bound": 2.6978937401547674, "errors": []}
{"seed": 614010, "strategy": "compact_optical_uniform", "successful": true, "virtual_time_s": 6639.379499, "common_lower_bound_s": 2305.3461242739013, "time_over_lower_bound": 2.879992478826215, "penalized_time_over_lower_bound": 2.879992478826215, "errors": []}
{"seed": 614010, "strategy": "compact_optical_weighted", "successful": true, "virtual_time_s": 6639.379499, "common_lower_bound_s": 2305.3461242739013, "time_over_lower_bound": 2.879992478826215, "penalized_time_over_lower_bound": 2.879992478826215, "errors": []}
{"seed": 614011, "strategy": "compact_baseline", "successful": true, "virtual_time_s": 7662.480665, "common_lower_bound_s": 2372.6954913344453, "time_over_lower_bound": 3.229441238028605, "penalized_time_over_lower_bound": 3.229441238028605, "errors": []}
{"seed": 614011, "strategy": "compact_combo", "successful": true, "virtual_time_s": 7242.480665, "common_lower_bound_s": 2372.6954913344453, "time_over_lower_bound": 3.0524273727711697, "penalized_time_over_lower_bound": 3.0524273727711697, "errors": []}
{"seed": 614011, "strategy": "compact_optical_uniform", "successful": true, "virtual_time_s": 7242.480665, "common_lower_bound_s": 2372.6954913344453, "time_over_lower_bound": 3.0524273727711697, "penalized_time_over_lower_bound": 3.0524273727711697, "errors": []}
{"seed": 614012, "strategy": "compact_baseline", "successful": true, "virtual_time_s": 5962.886456, "common_lower_bound_s": 2138.1388263251342, "time_over_lower_bound": 2.7888209982363694, "penalized_time_over_lower_bound": 2.7888209982363694, "errors": []}
{"seed": 614012, "strategy": "compact_combo", "successful": true, "virtual_time_s": 5866.886456, "common_lower_bound_s": 2138.1388263251342, "time_over_lower_bound": 2.7439221362831456, "penalized_time_over_lower_bound": 2.7439221362831456, "errors": []}
{"seed": 614012, "strategy": "compact_optical_uniform", "successful": true, "virtual_time_s": 5866.886456, "common_lower_bound_s": 2138.1388263251342, "time_over_lower_bound": 2.7439221362831456, "penalized_time_over_lower_bound": 2.7439221362831456, "errors": []}
{"seed": 614012, "strategy": "compact_optical_weighted", "successful": true, "virtual_time_s": 5866.886456, "common_lower_bound_s": 2138.1388263251342, "time_over_lower_bound": 2.7439221362831456, "penalized_time_over_lower_bound": 2.7439221362831456, "errors": []}
{"seed": 614011, "strategy": "compact_optical_weighted", "successful": true, "virtual_time_s": 7242.480665, "common_lower_bound_s": 2372.6954913344453, "time_over_lower_bound": 3.0524273727711697, "penalized_time_over_lower_bound": 3.0524273727711697, "errors": []}
{"seed": 614013, "strategy": "compact_combo", "successful": true, "virtual_time_s": 6650.84677, "common_lower_bound_s": 2084.0397109117334, "time_over_lower_bound": 3.191324395200878, "penalized_time_over_lower_bound": 3.191324395200878, "errors": []}
{"seed": 614013, "strategy": "compact_baseline", "successful": true, "virtual_time_s": 7208.207455, "common_lower_bound_s": 2084.0397109117334, "time_over_lower_bound": 3.458766844632978, "penalized_time_over_lower_bound": 3.458766844632978, "errors": []}
{"seed": 614013, "strategy": "compact_optical_uniform", "successful": true, "virtual_time_s": 6650.84677, "common_lower_bound_s": 2084.0397109117334, "time_over_lower_bound": 3.191324395200878, "penalized_time_over_lower_bound": 3.191324395200878, "errors": []}
{"seed": 614014, "strategy": "compact_baseline", "successful": true, "virtual_time_s": 7124.990675, "common_lower_bound_s": 2095.743911177594, "time_over_lower_bound": 3.399742991974856, "penalized_time_over_lower_bound": 3.399742991974856, "errors": []}
{"seed": 614014, "strategy": "compact_combo", "successful": true, "virtual_time_s": 6833.990675, "common_lower_bound_s": 2095.743911177594, "time_over_lower_bound": 3.2608901491022326, "penalized_time_over_lower_bound": 3.2608901491022326, "errors": []}
{"seed": 614014, "strategy": "compact_optical_uniform", "successful": true, "virtual_time_s": 6833.990675, "common_lower_bound_s": 2095.743911177594, "time_over_lower_bound": 3.2608901491022326, "penalized_time_over_lower_bound": 3.2608901491022326, "errors": []}
{"seed": 614014, "strategy": "compact_optical_weighted", "successful": true, "virtual_time_s": 6833.990675, "common_lower_bound_s": 2095.743911177594, "time_over_lower_bound": 3.2608901491022326, "penalized_time_over_lower_bound": 3.2608901491022326, "errors": []}
{"seed": 614015, "strategy": "compact_baseline", "successful": true, "virtual_time_s": 8355.517448, "common_lower_bound_s": 1923.012727676859, "time_over_lower_bound": 4.345014116518137, "penalized_time_over_lower_bound": 4.345014116518137, "errors": []}
{"seed": 614015, "strategy": "compact_combo", "successful": true, "virtual_time_s": 7686.744063, "common_lower_bound_s": 1923.012727676859, "time_over_lower_bound": 3.997240347070481, "penalized_time_over_lower_bound": 3.997240347070481, "errors": []}
{"seed": 614015, "strategy": "compact_optical_uniform", "successful": true, "virtual_time_s": 7686.744063, "common_lower_bound_s": 1923.012727676859, "time_over_lower_bound": 3.997240347070481, "penalized_time_over_lower_bound": 3.997240347070481, "errors": []}
{"seed": 614015, "strategy": "compact_optical_weighted", "successful": true, "virtual_time_s": 7686.744063, "common_lower_bound_s": 1923.012727676859, "time_over_lower_bound": 3.997240347070481, "penalized_time_over_lower_bound": 3.997240347070481, "errors": []}
{"seed": 614016, "strategy": "compact_baseline", "successful": true, "virtual_time_s": 6833.70031, "common_lower_bound_s": 1824.2828179879903, "time_over_lower_bound": 3.7459653967124016, "penalized_time_over_lower_bound": 3.7459653967124016, "errors": []}
{"seed": 614016, "strategy": "compact_combo", "successful": true, "virtual_time_s": 6515.839345, "common_lower_bound_s": 1824.2828179879903, "time_over_lower_bound": 3.5717265331624124, "penalized_time_over_lower_bound": 3.5717265331624124, "errors": []}
{"seed": 614016, "strategy": "compact_optical_uniform", "successful": true, "virtual_time_s": 6515.839345, "common_lower_bound_s": 1824.2828179879903, "time_over_lower_bound": 3.5717265331624124, "penalized_time_over_lower_bound": 3.5717265331624124, "errors": []}
{"seed": 614013, "strategy": "compact_optical_weighted", "successful": true, "virtual_time_s": 6650.84677, "common_lower_bound_s": 2084.0397109117334, "time_over_lower_bound": 3.191324395200878, "penalized_time_over_lower_bound": 3.191324395200878, "errors": []}
{"seed": 614017, "strategy": "compact_baseline", "successful": true, "virtual_time_s": 7650.707316, "common_lower_bound_s": 2147.117294559841, "time_over_lower_bound": 3.5632460953039806, "penalized_time_over_lower_bound": 3.5632460953039806, "errors": []}
{"seed": 614017, "strategy": "compact_combo", "successful": true, "virtual_time_s": 7287.707316, "common_lower_bound_s": 2147.117294559841, "time_over_lower_bound": 3.394182206284161, "penalized_time_over_lower_bound": 3.394182206284161, "errors": []}
{"seed": 614016, "strategy": "compact_optical_weighted", "successful": true, "virtual_time_s": 6515.839345, "common_lower_bound_s": 1824.2828179879903, "time_over_lower_bound": 3.5717265331624124, "penalized_time_over_lower_bound": 3.5717265331624124, "errors": []}
{"seed": 614017, "strategy": "compact_optical_weighted", "successful": true, "virtual_time_s": 7287.707316, "common_lower_bound_s": 2147.117294559841, "time_over_lower_bound": 3.394182206284161, "penalized_time_over_lower_bound": 3.394182206284161, "errors": []}
{"seed": 614017, "strategy": "compact_optical_uniform", "successful": true, "virtual_time_s": 7287.707316, "common_lower_bound_s": 2147.117294559841, "time_over_lower_bound": 3.394182206284161, "penalized_time_over_lower_bound": 3.394182206284161, "errors": []}
{"seed": 614018, "strategy": "compact_baseline", "successful": true, "virtual_time_s": 7358.766587, "common_lower_bound_s": 2084.60707447342, "time_over_lower_bound": 3.530049704383188, "penalized_time_over_lower_bound": 3.530049704383188, "errors": []}
{"seed": 614018, "strategy": "compact_combo", "successful": true, "virtual_time_s": 6602.950069, "common_lower_bound_s": 2084.60707447342, "time_over_lower_bound": 3.167479449655006, "penalized_time_over_lower_bound": 3.167479449655006, "errors": []}
{"seed": 614018, "strategy": "compact_optical_uniform", "successful": true, "virtual_time_s": 6602.950069, "common_lower_bound_s": 2084.60707447342, "time_over_lower_bound": 3.167479449655006, "penalized_time_over_lower_bound": 3.167479449655006, "errors": []}
{"seed": 614018, "strategy": "compact_optical_weighted", "successful": true, "virtual_time_s": 6602.950069, "common_lower_bound_s": 2084.60707447342, "time_over_lower_bound": 3.167479449655006, "penalized_time_over_lower_bound": 3.167479449655006, "errors": []}
{"seed": 614019, "strategy": "compact_combo", "successful": true, "virtual_time_s": 7165.781145, "common_lower_bound_s": 2267.226155185223, "time_over_lower_bound": 3.160593895148755, "penalized_time_over_lower_bound": 3.160593895148755, "errors": []}
{"seed": 614019, "strategy": "compact_baseline", "successful": true, "virtual_time_s": 7549.781145, "common_lower_bound_s": 2267.226155185223, "time_over_lower_bound": 3.3299638537308662, "penalized_time_over_lower_bound": 3.3299638537308662, "errors": []}
{"seed": 614019, "strategy": "compact_optical_uniform", "successful": true, "virtual_time_s": 7165.781145, "common_lower_bound_s": 2267.226155185223, "time_over_lower_bound": 3.160593895148755, "penalized_time_over_lower_bound": 3.160593895148755, "errors": []}
{"seed": 614019, "strategy": "compact_optical_weighted", "successful": true, "virtual_time_s": 7165.781145, "common_lower_bound_s": 2267.226155185223, "time_over_lower_bound": 3.160593895148755, "penalized_time_over_lower_bound": 3.160593895148755, "errors": []}
{"seed": 614020, "strategy": "compact_baseline", "successful": true, "virtual_time_s": 7800.707902, "common_lower_bound_s": 2195.0971445213663, "time_over_lower_bound": 3.553695981733382, "penalized_time_over_lower_bound": 3.553695981733382, "errors": []}
{"seed": 614020, "strategy": "compact_combo", "successful": true, "virtual_time_s": 7200.571271, "common_lower_bound_s": 2195.0971445213663, "time_over_lower_bound": 3.2802973157573216, "penalized_time_over_lower_bound": 3.2802973157573216, "errors": []}
{"seed": 614020, "strategy": "compact_optical_uniform", "successful": true, "virtual_time_s": 7200.571271, "common_lower_bound_s": 2195.0971445213663, "time_over_lower_bound": 3.2802973157573216, "penalized_time_over_lower_bound": 3.2802973157573216, "errors": []}
{"seed": 614020, "strategy": "compact_optical_weighted", "successful": true, "virtual_time_s": 7200.571271, "common_lower_bound_s": 2195.0971445213663, "time_over_lower_bound": 3.2802973157573216, "penalized_time_over_lower_bound": 3.2802973157573216, "errors": []}
{"seed": 614021, "strategy": "compact_baseline", "successful": true, "virtual_time_s": 6935.389121, "common_lower_bound_s": 1821.682781886976, "time_over_lower_bound": 3.807133267086178, "penalized_time_over_lower_bound": 3.807133267086178, "errors": []}
{"seed": 614021, "strategy": "compact_combo", "successful": true, "virtual_time_s": 6814.575389, "common_lower_bound_s": 1821.682781886976, "time_over_lower_bound": 3.740813415352795, "penalized_time_over_lower_bound": 3.740813415352795, "errors": []}
{"seed": 614021, "strategy": "compact_optical_uniform", "successful": true, "virtual_time_s": 6814.575389, "common_lower_bound_s": 1821.682781886976, "time_over_lower_bound": 3.740813415352795, "penalized_time_over_lower_bound": 3.740813415352795, "errors": []}
{"seed": 614021, "strategy": "compact_optical_weighted", "successful": true, "virtual_time_s": 6814.575389, "common_lower_bound_s": 1821.682781886976, "time_over_lower_bound": 3.740813415352795, "penalized_time_over_lower_bound": 3.740813415352795, "errors": []}
{"seed": 614022, "strategy": "compact_baseline", "successful": true, "virtual_time_s": 7099.445793, "common_lower_bound_s": 2160.607554675315, "time_over_lower_bound": 3.2858562294839646, "penalized_time_over_lower_bound": 3.2858562294839646, "errors": []}
{"seed": 614022, "strategy": "compact_combo", "successful": true, "virtual_time_s": 6825.445793, "common_lower_bound_s": 2160.607554675315, "time_over_lower_bound": 3.1590400478932383, "penalized_time_over_lower_bound": 3.1590400478932383, "errors": []}
{"seed": 614022, "strategy": "compact_optical_uniform", "successful": true, "virtual_time_s": 6825.445793, "common_lower_bound_s": 2160.607554675315, "time_over_lower_bound": 3.1590400478932383, "penalized_time_over_lower_bound": 3.1590400478932383, "errors": []}
{"seed": 614022, "strategy": "compact_optical_weighted", "successful": true, "virtual_time_s": 6825.445793, "common_lower_bound_s": 2160.607554675315, "time_over_lower_bound": 3.1590400478932383, "penalized_time_over_lower_bound": 3.1590400478932383, "errors": []}
{"seed": 614023, "strategy": "compact_baseline", "successful": true, "virtual_time_s": 7424.531473, "common_lower_bound_s": 2156.6200220997766, "time_over_lower_bound": 3.4426701954529575, "penalized_time_over_lower_bound": 3.4426701954529575, "errors": []}
{"seed": 614023, "strategy": "compact_combo", "successful": true, "virtual_time_s": 7209.568431, "common_lower_bound_s": 2156.6200220997766, "time_over_lower_bound": 3.3429942952956813, "penalized_time_over_lower_bound": 3.3429942952956813, "errors": []}
{"seed": 614023, "strategy": "compact_optical_uniform", "successful": true, "virtual_time_s": 7209.568431, "common_lower_bound_s": 2156.6200220997766, "time_over_lower_bound": 3.3429942952956813, "penalized_time_over_lower_bound": 3.3429942952956813, "errors": []}
{"seed": 614023, "strategy": "compact_optical_weighted", "successful": true, "virtual_time_s": 7209.568431, "common_lower_bound_s": 2156.6200220997766, "time_over_lower_bound": 3.3429942952956813, "penalized_time_over_lower_bound": 3.3429942952956813, "errors": []}
{"seed": 614024, "strategy": "compact_baseline", "successful": true, "virtual_time_s": 6578.256212, "common_lower_bound_s": 2186.6310538031526, "time_over_lower_bound": 3.0083978733214294, "penalized_time_over_lower_bound": 3.0083978733214294, "errors": []}
{"seed": 614024, "strategy": "compact_combo", "successful": true, "virtual_time_s": 6332.256212, "common_lower_bound_s": 2186.6310538031526, "time_over_lower_bound": 2.8958960410749066, "penalized_time_over_lower_bound": 2.8958960410749066, "errors": []}
{"seed": 614024, "strategy": "compact_optical_uniform", "successful": true, "virtual_time_s": 6332.256212, "common_lower_bound_s": 2186.6310538031526, "time_over_lower_bound": 2.8958960410749066, "penalized_time_over_lower_bound": 2.8958960410749066, "errors": []}
{"seed": 614024, "strategy": "compact_optical_weighted", "successful": true, "virtual_time_s": 6332.256212, "common_lower_bound_s": 2186.6310538031526, "time_over_lower_bound": 2.8958960410749066, "penalized_time_over_lower_bound": 2.8958960410749066, "errors": []}
{"summaries": {"compact_baseline": {"runs": 24, "successful": 24, "mean_time_s": 7204.567716416666, "mean_lower_bound_s": 2089.747405177356, "mean_time_over_mean_lower_bound": 3.447578256858856, "mean_individual_ratio": 3.471018064633776, "p95_time_s": 7796.8585726, "max_time_s": 8355.517448, "mean_runtime_s": 0.07052144999943266, "mean_components_s": {"movement_s": 5232.692716416666, "switching_s": 297.9166666666667, "detection_s": 1609.375, "optical_s": 38.75, "removal_s": 25.833333333333332}}, "compact_combo": {"runs": 24, "successful": 24, "mean_time_s": 6760.557285625, "mean_lower_bound_s": 2089.747405177356, "mean_time_over_mean_lower_bound": 3.235107395695622, "mean_individual_ratio": 3.2593201804730443, "p95_time_s": 7626.88855095, "max_time_s": 7955.771981, "mean_runtime_s": 0.070712195833039, "mean_components_s": {"movement_s": 5133.640618958333, "switching_s": 238.79166666666666, "detection_s": 1311.0416666666667, "optical_s": 51.25, "removal_s": 25.833333333333332}}, "compact_optical_uniform": {"runs": 24, "successful": 24, "mean_time_s": 6794.230080833333, "mean_lower_bound_s": 2089.747405177356, "mean_time_over_mean_lower_bound": 3.2512207284002868, "mean_individual_ratio": 3.2789277327504096, "p95_time_s": 7626.88855095, "max_time_s": 8763.919066, "mean_runtime_s": 0.07012589999915993, "mean_components_s": {"movement_s": 5167.188414166667, "switching_s": 238.79166666666666, "detection_s": 1311.0416666666667, "optical_s": 51.375, "removal_s": 25.833333333333332}}, "compact_optical_weighted": {"runs": 24, "successful": 24, "mean_time_s": 6798.515480791667, "mean_lower_bound_s": 2089.747405177356, "mean_time_over_mean_lower_bound": 3.2532714068448283, "mean_individual_ratio": 3.281423106335898, "p95_time_s": 7626.88855095, "max_time_s": 8866.768665, "mean_runtime_s": 0.07267434166533349, "mean_components_s": {"movement_s": 5171.598814125, "switching_s": 238.79166666666666, "detection_s": 1311.0416666666667, "optical_s": 51.25, "removal_s": 25.833333333333332}}}, "paired_vs_compact_baseline": {"compact_combo": {"pairs": 24, "all_complete": true, "mean_saved_s": 444.0104307916667, "saving_ci95_s": [287.4255568750001, 638.2568679583334], "mean_reduction_fraction": 0.06162901762723716, "wins": 23, "losses": 1, "ties": 0, "worst_regression_s": 435.0874450000001, "paired_ratio_p95": 0.9837023685165412}, "compact_optical_uniform": {"pairs": 24, "all_complete": true, "mean_saved_s": 410.33763558333334, "saving_ci95_s": [195.48389145833335, 629.5796071666667], "mean_reduction_fraction": 0.05695520560495515, "wins": 23, "losses": 1, "ties": 0, "worst_regression_s": 1243.2345300000006, "paired_ratio_p95": 0.9837023685165412}, "compact_optical_weighted": {"pairs": 24, "all_complete": true, "mean_saved_s": 406.05223562500004, "saving_ci95_s": [182.2932383750001, 628.4335227916667], "mean_reduction_fraction": 0.056360388521264015, "wins": 23, "losses": 1, "ties": 0, "worst_regression_s": 1346.0841289999998, "paired_ratio_p95": 0.9837023685165412}}}
