completed 100 / 1600 6.6
completed 200 / 1600 11.5
completed 300 / 1600 16.7
completed 400 / 1600 21.7
completed 500 / 1600 26.4
completed 600 / 1600 31.2
completed 700 / 1600 36.3
completed 800 / 1600 41.1
completed 900 / 1600 48.1
completed 1000 / 1600 53.9
completed 1100 / 1600 60.2
completed 1200 / 1600 66.4
completed 1300 / 1600 72.2
completed 1400 / 1600 76.7
completed 1500 / 1600 79.8
completed 1600 / 1600 82.3
v1 200 {'virtual_seconds': 3409.199, 'movement_metres': 12765.372, 'detects': 134.35, 'switches': 119.85, 'local_runtime_seconds': 0.044, 'full_scans': 0.0}
v2 200 {'virtual_seconds': 3148.545, 'movement_metres': 11371.973, 'detects': 134.85, 'switches': 135.375, 'local_runtime_seconds': 0.356, 'full_scans': 7.86}
v3 200 {'virtual_seconds': 3111.787, 'movement_metres': 11519.884, 'detects': 124.085, 'switches': 122.86, 'local_runtime_seconds': 0.16, 'full_scans': 6.89}
v3_origin20 200 {'virtual_seconds': 3115.982, 'movement_metres': 11156.461, 'detects': 136.67, 'switches': 136.815, 'local_runtime_seconds': 0.223, 'full_scans': 7.875}
v3_no_probe 200 {'virtual_seconds': 3163.973, 'movement_metres': 11847.289, 'detects': 121.81, 'switches': 120.94, 'local_runtime_seconds': 0.308, 'full_scans': 6.88}
v3_no_route 200 {'virtual_seconds': 3109.8, 'movement_metres': 11521.0, 'detects': 123.695, 'switches': 122.6, 'local_runtime_seconds': 0.249, 'full_scans': 6.86}
v3_no_through 200 {'virtual_seconds': 3116.104, 'movement_metres': 11548.844, 'detects': 123.82, 'switches': 122.71, 'local_runtime_seconds': 0.14, 'full_scans': 6.89}
v3_prior 200 {'virtual_seconds': 3112.287, 'movement_metres': 11539.16, 'detects': 123.5, 'switches': 122.43, 'local_runtime_seconds': 0.149, 'full_scans': 6.89}
