completed 100 / 680 6.4
completed 200 / 680 12.4
completed 300 / 680 18.6
completed 400 / 680 24.8
completed 500 / 680 30.6
completed 600 / 680 36.0
v2 40 {'virtual_seconds': 3180.267, 'movement_metres': 11518.462, 'detects': 134.6, 'switches': 135.825, 'local_runtime_seconds': 0.244, 'full_scans': 7.575}
six1124 40 {'virtual_seconds': 3210.987, 'movement_metres': 11906.683, 'detects': 126.9, 'switches': 127.4, 'local_runtime_seconds': 0.22, 'full_scans': 6.85}
six1170 40 {'virtual_seconds': 3223.15, 'movement_metres': 12050.627, 'detects': 124.175, 'switches': 124.4, 'local_runtime_seconds': 0.218, 'full_scans': 6.875}
six1220 40 {'virtual_seconds': 3243.794, 'movement_metres': 12142.471, 'detects': 124.575, 'switches': 124.675, 'local_runtime_seconds': 0.228, 'full_scans': 6.85}
six1300 40 {'virtual_seconds': 3258.911, 'movement_metres': 12228.305, 'detects': 124.2, 'switches': 124.5, 'local_runtime_seconds': 0.23, 'full_scans': 6.825}
six1380 40 {'virtual_seconds': 3246.125, 'movement_metres': 12142.124, 'detects': 124.925, 'switches': 125.325, 'local_runtime_seconds': 0.228, 'full_scans': 6.8}
six1450 40 {'virtual_seconds': 3250.775, 'movement_metres': 12191.624, 'detects': 124.05, 'switches': 124.45, 'local_runtime_seconds': 0.228, 'full_scans': 6.825}
seven1050 40 {'virtual_seconds': 3157.614, 'movement_metres': 11450.197, 'detects': 133.2, 'switches': 133.825, 'local_runtime_seconds': 0.244, 'full_scans': 7.55}
seven1120 40 {'virtual_seconds': 3190.975, 'movement_metres': 11646.376, 'detects': 132.325, 'switches': 132.325, 'local_runtime_seconds': 0.244, 'full_scans': 7.65}
seven1200 40 {'virtual_seconds': 3193.929, 'movement_metres': 11623.394, 'detects': 133.425, 'switches': 134.375, 'local_runtime_seconds': 0.242, 'full_scans': 7.625}
seven1300 40 {'virtual_seconds': 3185.182, 'movement_metres': 11624.412, 'detects': 131.975, 'switches': 132.675, 'local_runtime_seconds': 0.245, 'full_scans': 7.6}
rotate 40 {'virtual_seconds': 3161.247, 'movement_metres': 11450.61, 'detects': 133.7, 'switches': 134.875, 'local_runtime_seconds': 0.251, 'full_scans': 7.55}
commit 40 {'virtual_seconds': 3195.273, 'movement_metres': 11638.239, 'detects': 133.25, 'switches': 133.625, 'local_runtime_seconds': 0.235, 'full_scans': 7.575}
gain0 40 {'virtual_seconds': 3187.338, 'movement_metres': 11494.688, 'detects': 136.525, 'switches': 138.025, 'local_runtime_seconds': 0.241, 'full_scans': 7.575}
gain10 40 {'virtual_seconds': 3187.868, 'movement_metres': 11510.338, 'detects': 136.075, 'switches': 137.675, 'local_runtime_seconds': 0.244, 'full_scans': 7.575}
gain60 40 {'virtual_seconds': 3172.204, 'movement_metres': 11504.02, 'detects': 133.775, 'switches': 134.775, 'local_runtime_seconds': 0.244, 'full_scans': 7.575}
gain100 40 {'virtual_seconds': 3175.681, 'movement_metres': 11532.282, 'detects': 133.425, 'switches': 134.35, 'local_runtime_seconds': 0.244, 'full_scans': 7.575}
