completed 100 / 680 15.7
completed 200 / 680 31.3
completed 300 / 680 44.5
completed 400 / 680 58.9
completed 500 / 680 71.3
completed 600 / 680 81.8
v2 40 {'virtual_seconds': 3180.267, 'movement_metres': 11518.462, 'detects': 134.6, 'switches': 135.825, 'local_runtime_seconds': 0.258, 'full_scans': 7.575}
probe1g0 40 {'virtual_seconds': 3189.373, 'movement_metres': 11563.488, 'detects': 134.575, 'switches': 136.05, 'local_runtime_seconds': 0.199, 'full_scans': 7.575}
probe1g1 40 {'virtual_seconds': 3163.889, 'movement_metres': 11321.569, 'detects': 138.5, 'switches': 139.325, 'local_runtime_seconds': 0.219, 'full_scans': 7.6}
probe2g0 40 {'virtual_seconds': 3186.648, 'movement_metres': 11566.363, 'detects': 134.05, 'switches': 135.375, 'local_runtime_seconds': 0.2, 'full_scans': 7.575}
probe2g1 40 {'virtual_seconds': 3159.415, 'movement_metres': 11331.449, 'detects': 137.4, 'switches': 138.375, 'local_runtime_seconds': 0.209, 'full_scans': 7.6}
probe3g0 40 {'virtual_seconds': 3160.697, 'movement_metres': 11482.112, 'detects': 132.525, 'switches': 133.9, 'local_runtime_seconds': 0.193, 'full_scans': 7.575}
probe3g1 40 {'virtual_seconds': 3163.882, 'movement_metres': 11262.41, 'detects': 140.675, 'switches': 140.275, 'local_runtime_seconds': 0.263, 'full_scans': 7.6}
pen0.0 40 {'virtual_seconds': 3171.962, 'movement_metres': 11309.809, 'detects': 140.375, 'switches': 140.375, 'local_runtime_seconds': 0.22, 'full_scans': 7.575}
pen0.2 40 {'virtual_seconds': 3163.664, 'movement_metres': 11311.196, 'detects': 138.875, 'switches': 139.3, 'local_runtime_seconds': 0.21, 'full_scans': 7.6}
pen1.0 40 {'virtual_seconds': 3160.026, 'movement_metres': 11357.005, 'detects': 136.65, 'switches': 137.625, 'local_runtime_seconds': 0.211, 'full_scans': 7.6}
pen2.0 40 {'virtual_seconds': 3194.802, 'movement_metres': 11637.511, 'detects': 133.1, 'switches': 134.05, 'local_runtime_seconds': 0.189, 'full_scans': 7.675}
centroid 40 {'virtual_seconds': 3234.95, 'movement_metres': 11668.248, 'detects': 138.75, 'switches': 139.8, 'local_runtime_seconds': 0.247, 'full_scans': 7.725}
range 40 {'virtual_seconds': 3172.349, 'movement_metres': 11541.872, 'detects': 132.575, 'switches': 133.35, 'local_runtime_seconds': 6.776, 'full_scans': 7.575}
preobserve 40 {'virtual_seconds': 3181.768, 'movement_metres': 11518.591, 'detects': 134.925, 'switches': 135.675, 'local_runtime_seconds': 0.252, 'full_scans': 7.575}
priority100 40 {'virtual_seconds': 3354.469, 'movement_metres': 12391.721, 'detects': 134.4, 'switches': 136.375, 'local_runtime_seconds': 0.222, 'full_scans': 7.775}
priority200 40 {'virtual_seconds': 3349.765, 'movement_metres': 12375.201, 'detects': 134.225, 'switches': 135.85, 'local_runtime_seconds': 0.226, 'full_scans': 7.775}
priority350 40 {'virtual_seconds': 3346.248, 'movement_metres': 12354.74, 'detects': 134.325, 'switches': 135.925, 'local_runtime_seconds': 0.224, 'full_scans': 7.775}
