{"baseline_wall_s":0.5279881700116675,"candidate_wall_s":0.3656957139901351,"case_id":"q3-random-6000","different_fields":[],"first_different_action_index":null,"identical":true,"repeat":0}
{"baseline_wall_s":0.742569359994377,"candidate_wall_s":0.5524733440106502,"case_id":"q3-random-6001","different_fields":[],"first_different_action_index":null,"identical":true,"repeat":0}
{"baseline_wall_s":0.5234844899969175,"candidate_wall_s":0.3680526300013298,"case_id":"q3-random-6002","different_fields":[],"first_different_action_index":null,"identical":true,"repeat":0}
{"baseline_wall_s":0.6137430280068656,"candidate_wall_s":0.43676785699790344,"case_id":"q3-random-6003","different_fields":[],"first_different_action_index":null,"identical":true,"repeat":0}
{"baseline_wall_s":0.8457076259946916,"candidate_wall_s":0.5820596499979729,"case_id":"q3-random-6004","different_fields":[],"first_different_action_index":null,"identical":true,"repeat":0}
{"baseline_wall_s":0.6480155869940063,"candidate_wall_s":0.4402752519963542,"case_id":"q3-random-6005","different_fields":[],"first_different_action_index":null,"identical":true,"repeat":0}
{"baseline_wall_s":0.5764204389997758,"candidate_wall_s":0.41307993400550913,"case_id":"q3-random-6006","different_fields":[],"first_different_action_index":null,"identical":true,"repeat":0}
{"baseline_wall_s":0.5648757890012348,"candidate_wall_s":0.40808638599992264,"case_id":"q3-random-6007","different_fields":[],"first_different_action_index":null,"identical":true,"repeat":0}
{"baseline_wall_s":0.7619561929896008,"candidate_wall_s":0.554145079004229,"case_id":"q3-random-972000","different_fields":[],"first_different_action_index":null,"identical":true,"repeat":0}
{"baseline_wall_s":0.5925975939899217,"candidate_wall_s":0.4040488210011972,"case_id":"q3-random-972001","different_fields":[],"first_different_action_index":null,"identical":true,"repeat":0}
{"baseline_wall_s":0.4640906379936496,"candidate_wall_s":0.31255423500260804,"case_id":"q3-random-972002","different_fields":[],"first_different_action_index":null,"identical":true,"repeat":0}
{"baseline_wall_s":0.8115734089951729,"candidate_wall_s":0.5545348559971899,"case_id":"q3-random-972003","different_fields":[],"first_different_action_index":null,"identical":true,"repeat":0}
{"baseline_wall_s":0.6689728480123449,"candidate_wall_s":0.46500874000776093,"case_id":"q3-random-972004","different_fields":[],"first_different_action_index":null,"identical":true,"repeat":0}
{"baseline_wall_s":0.7128425350092584,"candidate_wall_s":0.5368223410041537,"case_id":"q3-random-972005","different_fields":[],"first_different_action_index":null,"identical":true,"repeat":0}
{"baseline_wall_s":0.6103048990044044,"candidate_wall_s":0.41001161400345154,"case_id":"q3-random-972006","different_fields":[],"first_different_action_index":null,"identical":true,"repeat":0}
{"baseline_wall_s":0.5520889119943604,"candidate_wall_s":0.40568344699568115,"case_id":"q3-random-972007","different_fields":[],"first_different_action_index":null,"identical":true,"repeat":0}
{"baseline_wall_s":0.8107139710045885,"candidate_wall_s":0.5571041319926735,"case_id":"q3-random-972008","different_fields":[],"first_different_action_index":null,"identical":true,"repeat":0}
{"baseline_wall_s":0.6401695270033088,"candidate_wall_s":0.43119094900612254,"case_id":"q3-random-972009","different_fields":[],"first_different_action_index":null,"identical":true,"repeat":0}
{"baseline_wall_s":0.613562914004433,"candidate_wall_s":0.43672279799648095,"case_id":"q3-random-972010","different_fields":[],"first_different_action_index":null,"identical":true,"repeat":0}
{"baseline_wall_s":0.495039037996321,"candidate_wall_s":0.320496168002137,"case_id":"q3-random-972011","different_fields":[],"first_different_action_index":null,"identical":true,"repeat":0}
{"baseline_wall_s":0.5688297089945991,"candidate_wall_s":0.3915725359984208,"case_id":"q3-random-972012","different_fields":[],"first_different_action_index":null,"identical":true,"repeat":0}
{"baseline_wall_s":0.5506843629991636,"candidate_wall_s":0.37596857800963335,"case_id":"q3-random-972013","different_fields":[],"first_different_action_index":null,"identical":true,"repeat":0}
{"baseline_wall_s":0.8742283699975815,"candidate_wall_s":0.6036187580029946,"case_id":"q3-random-972014","different_fields":[],"first_different_action_index":null,"identical":true,"repeat":0}
{"baseline_wall_s":0.6879138360091019,"candidate_wall_s":0.4772489649913041,"case_id":"q3-random-972015","different_fields":[],"first_different_action_index":null,"identical":true,"repeat":0}
{"baseline_wall_s":0.6873252329969546,"candidate_wall_s":0.4555380670062732,"case_id":"q3-random-972016","different_fields":[],"first_different_action_index":null,"identical":true,"repeat":0}
{"baseline_wall_s":0.4475112250074744,"candidate_wall_s":0.34200081300514285,"case_id":"q3-random-972017","different_fields":[],"first_different_action_index":null,"identical":true,"repeat":0}
{"baseline_wall_s":0.6133310260047438,"candidate_wall_s":0.42224417701072525,"case_id":"q3-random-972018","different_fields":[],"first_different_action_index":null,"identical":true,"repeat":0}
{"baseline_wall_s":0.4459799869946437,"candidate_wall_s":0.3078268639947055,"case_id":"q3-random-972019","different_fields":[],"first_different_action_index":null,"identical":true,"repeat":0}
{"baseline_wall_s":0.7781916309904773,"candidate_wall_s":0.5168434419902042,"case_id":"q3-random-972020","different_fields":[],"first_different_action_index":null,"identical":true,"repeat":0}
{"baseline_wall_s":0.7471640800067689,"candidate_wall_s":0.5496099199954187,"case_id":"q3-random-972021","different_fields":[],"first_different_action_index":null,"identical":true,"repeat":0}
{"baseline_wall_s":0.5626962319947779,"candidate_wall_s":0.4001477999991039,"case_id":"q3-random-972022","different_fields":[],"first_different_action_index":null,"identical":true,"repeat":0}
{"baseline_wall_s":0.630412737998995,"candidate_wall_s":0.42514440199011005,"case_id":"q3-random-972023","different_fields":[],"first_different_action_index":null,"identical":true,"repeat":0}
{"baseline_wall_s":0.5246296870027436,"candidate_wall_s":0.35859985899878666,"case_id":"q3-random-972024","different_fields":[],"first_different_action_index":null,"identical":true,"repeat":0}
{"baseline_wall_s":0.699382228005561,"candidate_wall_s":0.46680375099822413,"case_id":"q3-random-972025","different_fields":[],"first_different_action_index":null,"identical":true,"repeat":0}
{"baseline_wall_s":0.6269651949987747,"candidate_wall_s":0.44215222100319806,"case_id":"q3-random-972026","different_fields":[],"first_different_action_index":null,"identical":true,"repeat":0}
{"baseline_wall_s":0.6316145479941042,"candidate_wall_s":0.4165726339997491,"case_id":"q3-random-972027","different_fields":[],"first_different_action_index":null,"identical":true,"repeat":0}
{"baseline_wall_s":0.7020925249962602,"candidate_wall_s":0.4823980460059829,"case_id":"q3-random-972028","different_fields":[],"first_different_action_index":null,"identical":true,"repeat":0}
{"baseline_wall_s":0.6287599330098601,"candidate_wall_s":0.402819424009067,"case_id":"q3-random-972029","different_fields":[],"first_different_action_index":null,"identical":true,"repeat":0}
{"baseline_wall_s":0.7762767360109137,"candidate_wall_s":0.5324738630006323,"case_id":"q3-random-972030","different_fields":[],"first_different_action_index":null,"identical":true,"repeat":0}
{"baseline_wall_s":0.4076928419963224,"candidate_wall_s":0.271007491988712,"case_id":"q3-random-972031","different_fields":[],"first_different_action_index":null,"identical":true,"repeat":0}
{"baseline_wall_s":0.6541077419969952,"candidate_wall_s":0.44396292899909895,"case_id":"q3-v1-stress-minimum_radius-972100","different_fields":[],"first_different_action_index":null,"identical":true,"repeat":0}
{"baseline_wall_s":0.5362210599996615,"candidate_wall_s":0.32799896100186743,"case_id":"q3-v1-stress-boundary-972101","different_fields":[],"first_different_action_index":null,"identical":true,"repeat":0}
{"baseline_wall_s":0.31441309599904343,"candidate_wall_s":0.2634243049978977,"case_id":"q3-v1-stress-cluster-972102","different_fields":[],"first_different_action_index":null,"identical":true,"repeat":0}
{"baseline_wall_s":0.7195767989906017,"candidate_wall_s":0.4941694529989036,"case_id":"q3-v1-stress-positive_error-972103","different_fields":[],"first_different_action_index":null,"identical":true,"repeat":0}
{"baseline_wall_s":0.4531990579998819,"candidate_wall_s":0.32469430500350427,"case_id":"q3-v1-stress-negative_error-972104","different_fields":[],"first_different_action_index":null,"identical":true,"repeat":0}
{"baseline_wall_s":0.675634587998502,"candidate_wall_s":0.48891373600054067,"case_id":"q3-v1-stress-alternating_error-972105","different_fields":[],"first_different_action_index":null,"identical":true,"repeat":0}
{"baseline_wall_s":0.38380466899252497,"candidate_wall_s":0.28858576899801847,"case_id":"q3-v1-stress-narrow_strip-972106","different_fields":[],"first_different_action_index":null,"identical":true,"repeat":0}
{"baseline_wall_s":0.7043101260060212,"candidate_wall_s":0.4725528159906389,"case_id":"q3-v1-stress-minimum_radius-972107","different_fields":[],"first_different_action_index":null,"identical":true,"repeat":0}
{"baseline_wall_s":0.5393637170054717,"candidate_wall_s":0.3540960219979752,"case_id":"q3-v1-stress-boundary-972108","different_fields":[],"first_different_action_index":null,"identical":true,"repeat":0}
{"baseline_wall_s":0.17363548099820036,"candidate_wall_s":0.1394595780002419,"case_id":"q3-v1-stress-cluster-972109","different_fields":[],"first_different_action_index":null,"identical":true,"repeat":0}
{"baseline_wall_s":0.6765434309927514,"candidate_wall_s":0.46403704400290735,"case_id":"q3-v1-stress-positive_error-972110","different_fields":[],"first_different_action_index":null,"identical":true,"repeat":0}
{"baseline_wall_s":0.3733813090075273,"candidate_wall_s":0.24238358800357673,"case_id":"q3-v1-stress-negative_error-972111","different_fields":[],"first_different_action_index":null,"identical":true,"repeat":0}
{"baseline_wall_s":0.6485923799918965,"candidate_wall_s":0.45349865600292105,"case_id":"q3-v1-stress-alternating_error-972112","different_fields":[],"first_different_action_index":null,"identical":true,"repeat":0}
{"baseline_wall_s":0.3178472870058613,"candidate_wall_s":0.22167541799717583,"case_id":"q3-v1-stress-narrow_strip-972113","different_fields":[],"first_different_action_index":null,"identical":true,"repeat":0}
{"baseline_wall_s":0.537596823007334,"candidate_wall_s":0.37477987400779966,"case_id":"q3-random-6000","different_fields":[],"first_different_action_index":null,"identical":true,"repeat":1}
{"baseline_wall_s":0.7609213760006242,"candidate_wall_s":0.5649401630071225,"case_id":"q3-random-6001","different_fields":[],"first_different_action_index":null,"identical":true,"repeat":1}
{"baseline_wall_s":0.531181190002826,"candidate_wall_s":0.37150260199268814,"case_id":"q3-random-6002","different_fields":[],"first_different_action_index":null,"identical":true,"repeat":1}
{"baseline_wall_s":0.6220274990046164,"candidate_wall_s":0.43927918799454346,"case_id":"q3-random-6003","different_fields":[],"first_different_action_index":null,"identical":true,"repeat":1}
{"baseline_wall_s":0.8635691349918488,"candidate_wall_s":0.590727959992364,"case_id":"q3-random-6004","different_fields":[],"first_different_action_index":null,"identical":true,"repeat":1}
{"baseline_wall_s":0.6508799709990853,"candidate_wall_s":0.4557535500061931,"case_id":"q3-random-6005","different_fields":[],"first_different_action_index":null,"identical":true,"repeat":1}
{"baseline_wall_s":0.5841765189979924,"candidate_wall_s":0.4158709390030708,"case_id":"q3-random-6006","different_fields":[],"first_different_action_index":null,"identical":true,"repeat":1}
{"baseline_wall_s":0.5722055630030809,"candidate_wall_s":0.4047940500022378,"case_id":"q3-random-6007","different_fields":[],"first_different_action_index":null,"identical":true,"repeat":1}
{"baseline_wall_s":0.7764724300068337,"candidate_wall_s":0.5568062759994064,"case_id":"q3-random-972000","different_fields":[],"first_different_action_index":null,"identical":true,"repeat":1}
{"baseline_wall_s":0.6099022799899103,"candidate_wall_s":0.4085071580047952,"case_id":"q3-random-972001","different_fields":[],"first_different_action_index":null,"identical":true,"repeat":1}
{"baseline_wall_s":0.48155088699422777,"candidate_wall_s":0.3224751719972119,"case_id":"q3-random-972002","different_fields":[],"first_different_action_index":null,"identical":true,"repeat":1}
{"baseline_wall_s":0.8241210169944679,"candidate_wall_s":0.5588718299986795,"case_id":"q3-random-972003","different_fields":[],"first_different_action_index":null,"identical":true,"repeat":1}
{"baseline_wall_s":0.6755418489919975,"candidate_wall_s":0.47899087899713777,"case_id":"q3-random-972004","different_fields":[],"first_different_action_index":null,"identical":true,"repeat":1}
{"baseline_wall_s":0.7249107730021933,"candidate_wall_s":0.5346208609989844,"case_id":"q3-random-972005","different_fields":[],"first_different_action_index":null,"identical":true,"repeat":1}
{"baseline_wall_s":0.6158124100038549,"candidate_wall_s":0.40974727300636005,"case_id":"q3-random-972006","different_fields":[],"first_different_action_index":null,"identical":true,"repeat":1}
{"baseline_wall_s":0.5558845749910688,"candidate_wall_s":0.40219435300969053,"case_id":"q3-random-972007","different_fields":[],"first_different_action_index":null,"identical":true,"repeat":1}
{"baseline_wall_s":0.8186379489925457,"candidate_wall_s":0.559333881989005,"case_id":"q3-random-972008","different_fields":[],"first_different_action_index":null,"identical":true,"repeat":1}
{"baseline_wall_s":0.6398979869991308,"candidate_wall_s":0.4326733600028092,"case_id":"q3-random-972009","different_fields":[],"first_different_action_index":null,"identical":true,"repeat":1}
{"baseline_wall_s":0.623494479994406,"candidate_wall_s":0.4432290219992865,"case_id":"q3-random-972010","different_fields":[],"first_different_action_index":null,"identical":true,"repeat":1}
{"baseline_wall_s":0.4940347529918654,"candidate_wall_s":0.32329786200716626,"case_id":"q3-random-972011","different_fields":[],"first_different_action_index":null,"identical":true,"repeat":1}
{"baseline_wall_s":0.572205396994832,"candidate_wall_s":0.3945714900037274,"case_id":"q3-random-972012","different_fields":[],"first_different_action_index":null,"identical":true,"repeat":1}
{"baseline_wall_s":0.5510811520071002,"candidate_wall_s":0.3825610659987433,"case_id":"q3-random-972013","different_fields":[],"first_different_action_index":null,"identical":true,"repeat":1}
{"baseline_wall_s":0.8854299209924648,"candidate_wall_s":0.6119606510037556,"case_id":"q3-random-972014","different_fields":[],"first_different_action_index":null,"identical":true,"repeat":1}
{"baseline_wall_s":0.7043855149968294,"candidate_wall_s":0.4906177990051219,"case_id":"q3-random-972015","different_fields":[],"first_different_action_index":null,"identical":true,"repeat":1}
{"baseline_wall_s":0.7023055550089339,"candidate_wall_s":0.4575386099895695,"case_id":"q3-random-972016","different_fields":[],"first_different_action_index":null,"identical":true,"repeat":1}
{"baseline_wall_s":0.4464089929970214,"candidate_wall_s":0.34506103600142524,"case_id":"q3-random-972017","different_fields":[],"first_different_action_index":null,"identical":true,"repeat":1}
{"baseline_wall_s":0.6141026929981308,"candidate_wall_s":0.4267643610073719,"case_id":"q3-random-972018","different_fields":[],"first_different_action_index":null,"identical":true,"repeat":1}
{"baseline_wall_s":0.4428436149901245,"candidate_wall_s":0.3114505069970619,"case_id":"q3-random-972019","different_fields":[],"first_different_action_index":null,"identical":true,"repeat":1}
{"baseline_wall_s":0.7863024159887573,"candidate_wall_s":0.5248330869944766,"case_id":"q3-random-972020","different_fields":[],"first_different_action_index":null,"identical":true,"repeat":1}
{"baseline_wall_s":0.7536512380029308,"candidate_wall_s":0.5577326910133706,"case_id":"q3-random-972021","different_fields":[],"first_different_action_index":null,"identical":true,"repeat":1}
{"baseline_wall_s":0.5648527540033683,"candidate_wall_s":0.40367600199533626,"case_id":"q3-random-972022","different_fields":[],"first_different_action_index":null,"identical":true,"repeat":1}
{"baseline_wall_s":0.6237182450131513,"candidate_wall_s":0.43374762499297503,"case_id":"q3-random-972023","different_fields":[],"first_different_action_index":null,"identical":true,"repeat":1}
{"baseline_wall_s":0.5248569370014593,"candidate_wall_s":0.3614969180052867,"case_id":"q3-random-972024","different_fields":[],"first_different_action_index":null,"identical":true,"repeat":1}
{"baseline_wall_s":0.7112542680115439,"candidate_wall_s":0.47658106600283645,"case_id":"q3-random-972025","different_fields":[],"first_different_action_index":null,"identical":true,"repeat":1}
{"baseline_wall_s":0.6341630629904103,"candidate_wall_s":0.42960787599440664,"case_id":"q3-random-972026","different_fields":[],"first_different_action_index":null,"identical":true,"repeat":1}
{"baseline_wall_s":0.628891490996466,"candidate_wall_s":0.4110584260051837,"case_id":"q3-random-972027","different_fields":[],"first_different_action_index":null,"identical":true,"repeat":1}
{"baseline_wall_s":0.7086541640019277,"candidate_wall_s":0.4887938819883857,"case_id":"q3-random-972028","different_fields":[],"first_different_action_index":null,"identical":true,"repeat":1}
{"baseline_wall_s":0.6348615710012382,"candidate_wall_s":0.4064511339965975,"case_id":"q3-random-972029","different_fields":[],"first_different_action_index":null,"identical":true,"repeat":1}
{"baseline_wall_s":0.7764891190017806,"candidate_wall_s":0.5345861629903084,"case_id":"q3-random-972030","different_fields":[],"first_different_action_index":null,"identical":true,"repeat":1}
{"baseline_wall_s":0.41069379799591843,"candidate_wall_s":0.27484546799678355,"case_id":"q3-random-972031","different_fields":[],"first_different_action_index":null,"identical":true,"repeat":1}
{"baseline_wall_s":0.6658598630019696,"candidate_wall_s":0.45084297900029924,"case_id":"q3-v1-stress-minimum_radius-972100","different_fields":[],"first_different_action_index":null,"identical":true,"repeat":1}
{"baseline_wall_s":0.5458493950136472,"candidate_wall_s":0.3292920179956127,"case_id":"q3-v1-stress-boundary-972101","different_fields":[],"first_different_action_index":null,"identical":true,"repeat":1}
{"baseline_wall_s":0.317780761004542,"candidate_wall_s":0.2658499420067528,"case_id":"q3-v1-stress-cluster-972102","different_fields":[],"first_different_action_index":null,"identical":true,"repeat":1}
{"baseline_wall_s":0.717212165996898,"candidate_wall_s":0.4909638709941646,"case_id":"q3-v1-stress-positive_error-972103","different_fields":[],"first_different_action_index":null,"identical":true,"repeat":1}
{"baseline_wall_s":0.45336002499971073,"candidate_wall_s":0.32022907699865755,"case_id":"q3-v1-stress-negative_error-972104","different_fields":[],"first_different_action_index":null,"identical":true,"repeat":1}
{"baseline_wall_s":0.6889710869872943,"candidate_wall_s":0.49454775599588174,"case_id":"q3-v1-stress-alternating_error-972105","different_fields":[],"first_different_action_index":null,"identical":true,"repeat":1}
{"baseline_wall_s":0.3885164269886445,"candidate_wall_s":0.293561327009229,"case_id":"q3-v1-stress-narrow_strip-972106","different_fields":[],"first_different_action_index":null,"identical":true,"repeat":1}
{"baseline_wall_s":0.7097419369965792,"candidate_wall_s":0.4814605909923557,"case_id":"q3-v1-stress-minimum_radius-972107","different_fields":[],"first_different_action_index":null,"identical":true,"repeat":1}
{"baseline_wall_s":0.5622215970070101,"candidate_wall_s":0.35596293800335843,"case_id":"q3-v1-stress-boundary-972108","different_fields":[],"first_different_action_index":null,"identical":true,"repeat":1}
{"baseline_wall_s":0.17137438801000826,"candidate_wall_s":0.13597106900124345,"case_id":"q3-v1-stress-cluster-972109","different_fields":[],"first_different_action_index":null,"identical":true,"repeat":1}
{"baseline_wall_s":0.6892995289963437,"candidate_wall_s":0.47092634699947666,"case_id":"q3-v1-stress-positive_error-972110","different_fields":[],"first_different_action_index":null,"identical":true,"repeat":1}
{"baseline_wall_s":0.3658208540000487,"candidate_wall_s":0.24249278398929164,"case_id":"q3-v1-stress-negative_error-972111","different_fields":[],"first_different_action_index":null,"identical":true,"repeat":1}
{"baseline_wall_s":0.6534464540018234,"candidate_wall_s":0.457420295002521,"case_id":"q3-v1-stress-alternating_error-972112","different_fields":[],"first_different_action_index":null,"identical":true,"repeat":1}
{"baseline_wall_s":0.31815505800477695,"candidate_wall_s":0.2196942640002817,"case_id":"q3-v1-stress-narrow_strip-972113","different_fields":[],"first_different_action_index":null,"identical":true,"repeat":1}
{"all_pairs_exactly_identical":true,"all_runs_successful":true,"balanced_ab_ba":true,"case_count":54,"completed_at_utc":"2026-09-11T21:41:00.680950+00:00","different_pairs":[],"elapsed_including_startup_and_bounds_s":137.78275584201037,"final_load_average":[8.04541015625,8.16845703125,8.16796875],"groups":{"baseline":{"failed_clear_count":0,"max_program_cpu_s":0.885358517,"max_program_runtime_s":0.8854299209924648,"max_virtual_time_s":4606.630194,"mean_program_cpu_s":0.6057361974907407,"mean_program_runtime_s":0.6058019513514376,"mean_time_over_physical_lower_bound":2.238410506986696,"mean_virtual_time_s":3068.233924,"p95_program_cpu_s":0.8161100063,"p95_program_runtime_s":0.8161653599934652,"p95_virtual_time_s":3666.4991646,"runs":108,"success_rate":1},"candidate":{"failed_clear_count":0,"max_program_cpu_s":0.6119318720000001,"max_program_runtime_s":0.6119606510037556,"max_virtual_time_s":4606.630194,"mean_program_cpu_s":0.41993524991666664,"mean_program_runtime_s":0.41996671767588445,"mean_time_over_physical_lower_bound":2.238410506986696,"mean_virtual_time_s":3068.233924,"p95_program_cpu_s":0.55914211095,"p95_program_runtime_s":0.5591721637923911,"p95_virtual_time_s":3666.4991646,"runs":108,"success_rate":1}},"paired_runs":108,"repeats":2,"runtime_reductions":{"mean_program_cpu_s_reduction_fraction":0.3067357512127451,"mean_program_runtime_s_reduction_fraction":0.306759054276711,"p95_program_cpu_s_reduction_fraction":0.314869188425977,"p95_program_runtime_s_reduction_fraction":0.3148788331363779},"scope":"Synthetic research cases, not official tests. Runtime reduction is hardware/load dependent. Identical observed trajectories are finite-case evidence, not a proof for every possible input.","source_unchanged":true,"valid_runtime_only_result":true}
