{"seed": 621001, "strategy": "compact_baseline", "successful": true, "virtual_time_s": 7219.991157, "common_lower_bound_s": 2215.743214562834, "time_over_lower_bound": 3.2584963408878154, "penalized_time_over_lower_bound": 3.2584963408878154, "errors": []}
{"seed": 621001, "strategy": "compact_clear_before_probe", "successful": true, "virtual_time_s": 6840.704219, "common_lower_bound_s": 2215.743214562834, "time_over_lower_bound": 3.0873181395930263, "penalized_time_over_lower_bound": 3.0873181395930263, "errors": []}
{"seed": 621001, "strategy": "compact_joint_probe", "successful": true, "virtual_time_s": 6840.704219, "common_lower_bound_s": 2215.743214562834, "time_over_lower_bound": 3.0873181395930263, "penalized_time_over_lower_bound": 3.0873181395930263, "errors": []}
{"seed": 621001, "strategy": "compact_joint_optical", "successful": true, "virtual_time_s": 6840.704219, "common_lower_bound_s": 2215.743214562834, "time_over_lower_bound": 3.0873181395930263, "penalized_time_over_lower_bound": 3.0873181395930263, "errors": []}
{"seed": 621002, "strategy": "compact_baseline", "successful": true, "virtual_time_s": 7878.526613, "common_lower_bound_s": 2361.838253673885, "time_over_lower_bound": 3.335760440303141, "penalized_time_over_lower_bound": 3.335760440303141, "errors": []}
{"seed": 621002, "strategy": "compact_clear_before_probe", "successful": true, "virtual_time_s": 7278.361694, "common_lower_bound_s": 2361.838253673885, "time_over_lower_bound": 3.081651202269405, "penalized_time_over_lower_bound": 3.081651202269405, "errors": []}
{"seed": 621001, "strategy": "compact_joint_continuation", "successful": true, "virtual_time_s": 6840.704219, "common_lower_bound_s": 2215.743214562834, "time_over_lower_bound": 3.0873181395930263, "penalized_time_over_lower_bound": 3.0873181395930263, "errors": []}
{"seed": 621002, "strategy": "compact_joint_probe", "successful": true, "virtual_time_s": 7278.361694, "common_lower_bound_s": 2361.838253673885, "time_over_lower_bound": 3.081651202269405, "penalized_time_over_lower_bound": 3.081651202269405, "errors": []}
{"seed": 621002, "strategy": "compact_joint_optical", "successful": true, "virtual_time_s": 7278.361694, "common_lower_bound_s": 2361.838253673885, "time_over_lower_bound": 3.081651202269405, "penalized_time_over_lower_bound": 3.081651202269405, "errors": []}
{"seed": 621003, "strategy": "compact_baseline", "successful": true, "virtual_time_s": 7355.402659, "common_lower_bound_s": 2341.0547037229894, "time_over_lower_bound": 3.1419183188255584, "penalized_time_over_lower_bound": 3.1419183188255584, "errors": []}
{"seed": 621002, "strategy": "compact_joint_continuation", "successful": true, "virtual_time_s": 7270.758394, "common_lower_bound_s": 2361.838253673885, "time_over_lower_bound": 3.0784319725070906, "penalized_time_over_lower_bound": 3.0784319725070906, "errors": []}
{"seed": 621003, "strategy": "compact_clear_before_probe", "successful": true, "virtual_time_s": 6525.183884, "common_lower_bound_s": 2341.0547037229894, "time_over_lower_bound": 2.7872838142666945, "penalized_time_over_lower_bound": 2.7872838142666945, "errors": []}
{"seed": 621003, "strategy": "compact_joint_probe", "successful": true, "virtual_time_s": 6525.183884, "common_lower_bound_s": 2341.0547037229894, "time_over_lower_bound": 2.7872838142666945, "penalized_time_over_lower_bound": 2.7872838142666945, "errors": []}
{"seed": 621003, "strategy": "compact_joint_optical", "successful": true, "virtual_time_s": 6525.183884, "common_lower_bound_s": 2341.0547037229894, "time_over_lower_bound": 2.7872838142666945, "penalized_time_over_lower_bound": 2.7872838142666945, "errors": []}
{"seed": 621003, "strategy": "compact_joint_continuation", "successful": true, "virtual_time_s": 6525.183884, "common_lower_bound_s": 2341.0547037229894, "time_over_lower_bound": 2.7872838142666945, "penalized_time_over_lower_bound": 2.7872838142666945, "errors": []}
{"seed": 621004, "strategy": "compact_baseline", "successful": true, "virtual_time_s": 6378.842865, "common_lower_bound_s": 2078.562773851466, "time_over_lower_bound": 3.0688718884252624, "penalized_time_over_lower_bound": 3.0688718884252624, "errors": []}
{"seed": 621004, "strategy": "compact_clear_before_probe", "successful": true, "virtual_time_s": 6181.842865, "common_lower_bound_s": 2078.562773851466, "time_over_lower_bound": 2.9740948614919023, "penalized_time_over_lower_bound": 2.9740948614919023, "errors": []}
{"seed": 621004, "strategy": "compact_joint_probe", "successful": true, "virtual_time_s": 6181.842865, "common_lower_bound_s": 2078.562773851466, "time_over_lower_bound": 2.9740948614919023, "penalized_time_over_lower_bound": 2.9740948614919023, "errors": []}
{"seed": 621004, "strategy": "compact_joint_optical", "successful": true, "virtual_time_s": 6181.842865, "common_lower_bound_s": 2078.562773851466, "time_over_lower_bound": 2.9740948614919023, "penalized_time_over_lower_bound": 2.9740948614919023, "errors": []}
{"seed": 621005, "strategy": "compact_baseline", "successful": true, "virtual_time_s": 6288.61305, "common_lower_bound_s": 2104.899952924356, "time_over_lower_bound": 2.9876066276989435, "penalized_time_over_lower_bound": 2.9876066276989435, "errors": []}
{"seed": 621004, "strategy": "compact_joint_continuation", "successful": true, "virtual_time_s": 6181.842865, "common_lower_bound_s": 2078.562773851466, "time_over_lower_bound": 2.9740948614919023, "penalized_time_over_lower_bound": 2.9740948614919023, "errors": []}
{"seed": 621005, "strategy": "compact_clear_before_probe", "successful": true, "virtual_time_s": 5989.61305, "common_lower_bound_s": 2104.899952924356, "time_over_lower_bound": 2.8455571209826758, "penalized_time_over_lower_bound": 2.8455571209826758, "errors": []}
{"seed": 621005, "strategy": "compact_joint_probe", "successful": true, "virtual_time_s": 5989.61305, "common_lower_bound_s": 2104.899952924356, "time_over_lower_bound": 2.8455571209826758, "penalized_time_over_lower_bound": 2.8455571209826758, "errors": []}
{"seed": 621005, "strategy": "compact_joint_optical", "successful": true, "virtual_time_s": 5989.61305, "common_lower_bound_s": 2104.899952924356, "time_over_lower_bound": 2.8455571209826758, "penalized_time_over_lower_bound": 2.8455571209826758, "errors": []}
{"seed": 621005, "strategy": "compact_joint_continuation", "successful": true, "virtual_time_s": 5989.61305, "common_lower_bound_s": 2104.899952924356, "time_over_lower_bound": 2.8455571209826758, "penalized_time_over_lower_bound": 2.8455571209826758, "errors": []}
{"seed": 621006, "strategy": "compact_baseline", "successful": true, "virtual_time_s": 5443.524432, "common_lower_bound_s": 1523.1481872303552, "time_over_lower_bound": 3.5738639730769295, "penalized_time_over_lower_bound": 3.5738639730769295, "errors": []}
{"seed": 621006, "strategy": "compact_clear_before_probe", "successful": true, "virtual_time_s": 3772.559872, "common_lower_bound_s": 1523.1481872303552, "time_over_lower_bound": 2.476817360010062, "penalized_time_over_lower_bound": 2.476817360010062, "errors": []}
{"seed": 621006, "strategy": "compact_joint_probe", "successful": true, "virtual_time_s": 3772.559872, "common_lower_bound_s": 1523.1481872303552, "time_over_lower_bound": 2.476817360010062, "penalized_time_over_lower_bound": 2.476817360010062, "errors": []}
{"seed": 621006, "strategy": "compact_joint_optical", "successful": true, "virtual_time_s": 3772.559872, "common_lower_bound_s": 1523.1481872303552, "time_over_lower_bound": 2.476817360010062, "penalized_time_over_lower_bound": 2.476817360010062, "errors": []}
{"seed": 621007, "strategy": "compact_baseline", "successful": true, "virtual_time_s": 7647.134392, "common_lower_bound_s": 2000.4854814262694, "time_over_lower_bound": 3.822639285813705, "penalized_time_over_lower_bound": 3.822639285813705, "errors": []}
{"seed": 621007, "strategy": "compact_clear_before_probe", "successful": true, "virtual_time_s": 7220.677958, "common_lower_bound_s": 2000.4854814262694, "time_over_lower_bound": 3.6094628154221513, "penalized_time_over_lower_bound": 3.6094628154221513, "errors": []}
{"seed": 621007, "strategy": "compact_joint_probe", "successful": true, "virtual_time_s": 7220.677958, "common_lower_bound_s": 2000.4854814262694, "time_over_lower_bound": 3.6094628154221513, "penalized_time_over_lower_bound": 3.6094628154221513, "errors": []}
{"seed": 621007, "strategy": "compact_joint_optical", "successful": true, "virtual_time_s": 7220.677958, "common_lower_bound_s": 2000.4854814262694, "time_over_lower_bound": 3.6094628154221513, "penalized_time_over_lower_bound": 3.6094628154221513, "errors": []}
{"seed": 621006, "strategy": "compact_joint_continuation", "successful": true, "virtual_time_s": 3772.559872, "common_lower_bound_s": 1523.1481872303552, "time_over_lower_bound": 2.476817360010062, "penalized_time_over_lower_bound": 2.476817360010062, "errors": []}
{"seed": 621007, "strategy": "compact_joint_continuation", "successful": true, "virtual_time_s": 7220.677958, "common_lower_bound_s": 2000.4854814262694, "time_over_lower_bound": 3.6094628154221513, "penalized_time_over_lower_bound": 3.6094628154221513, "errors": []}
{"seed": 621008, "strategy": "compact_baseline", "successful": true, "virtual_time_s": 6248.66125, "common_lower_bound_s": 1484.078880834753, "time_over_lower_bound": 4.210464369983692, "penalized_time_over_lower_bound": 4.210464369983692, "errors": []}
{"seed": 621008, "strategy": "compact_clear_before_probe", "successful": true, "virtual_time_s": 5792.515495, "common_lower_bound_s": 1484.078880834753, "time_over_lower_bound": 3.903104861745537, "penalized_time_over_lower_bound": 3.903104861745537, "errors": []}
{"seed": 621008, "strategy": "compact_joint_probe", "successful": true, "virtual_time_s": 5792.515495, "common_lower_bound_s": 1484.078880834753, "time_over_lower_bound": 3.903104861745537, "penalized_time_over_lower_bound": 3.903104861745537, "errors": []}
{"seed": 621008, "strategy": "compact_joint_optical", "successful": true, "virtual_time_s": 5792.515495, "common_lower_bound_s": 1484.078880834753, "time_over_lower_bound": 3.903104861745537, "penalized_time_over_lower_bound": 3.903104861745537, "errors": []}
{"seed": 621009, "strategy": "compact_baseline", "successful": true, "virtual_time_s": 7775.231701, "common_lower_bound_s": 2477.769708303891, "time_over_lower_bound": 3.137996107928199, "penalized_time_over_lower_bound": 3.137996107928199, "errors": []}
{"seed": 621009, "strategy": "compact_clear_before_probe", "successful": true, "virtual_time_s": 7393.155815, "common_lower_bound_s": 2477.769708303891, "time_over_lower_bound": 2.9837945755099415, "penalized_time_over_lower_bound": 2.9837945755099415, "errors": []}
{"seed": 621009, "strategy": "compact_joint_probe", "successful": true, "virtual_time_s": 6521.17125, "common_lower_bound_s": 2477.769708303891, "time_over_lower_bound": 2.631871407639389, "penalized_time_over_lower_bound": 2.631871407639389, "errors": []}
{"seed": 621009, "strategy": "compact_joint_optical", "successful": true, "virtual_time_s": 6521.17125, "common_lower_bound_s": 2477.769708303891, "time_over_lower_bound": 2.631871407639389, "penalized_time_over_lower_bound": 2.631871407639389, "errors": []}
{"seed": 621009, "strategy": "compact_joint_continuation", "successful": true, "virtual_time_s": 6335.55727, "common_lower_bound_s": 2477.769708303891, "time_over_lower_bound": 2.5569596919226534, "penalized_time_over_lower_bound": 2.5569596919226534, "errors": []}
{"seed": 621010, "strategy": "compact_baseline", "successful": true, "virtual_time_s": 6884.204041, "common_lower_bound_s": 1960.2912845151307, "time_over_lower_bound": 3.511827091912403, "penalized_time_over_lower_bound": 3.511827091912403, "errors": []}
{"seed": 621010, "strategy": "compact_clear_before_probe", "successful": true, "virtual_time_s": 6653.204041, "common_lower_bound_s": 1960.2912845151307, "time_over_lower_bound": 3.393987461738698, "penalized_time_over_lower_bound": 3.393987461738698, "errors": []}
{"seed": 621010, "strategy": "compact_joint_probe", "successful": true, "virtual_time_s": 6653.204041, "common_lower_bound_s": 1960.2912845151307, "time_over_lower_bound": 3.393987461738698, "penalized_time_over_lower_bound": 3.393987461738698, "errors": []}
{"seed": 621008, "strategy": "compact_joint_continuation", "successful": true, "virtual_time_s": 5297.391432, "common_lower_bound_s": 1484.078880834753, "time_over_lower_bound": 3.569481043366351, "penalized_time_over_lower_bound": 3.569481043366351, "errors": []}
{"seed": 621010, "strategy": "compact_joint_optical", "successful": true, "virtual_time_s": 6653.204041, "common_lower_bound_s": 1960.2912845151307, "time_over_lower_bound": 3.393987461738698, "penalized_time_over_lower_bound": 3.393987461738698, "errors": []}
{"seed": 621011, "strategy": "compact_baseline", "successful": true, "virtual_time_s": 7572.535216, "common_lower_bound_s": 2371.285771009686, "time_over_lower_bound": 3.193430040604359, "penalized_time_over_lower_bound": 3.193430040604359, "errors": []}
{"seed": 621010, "strategy": "compact_joint_continuation", "successful": true, "virtual_time_s": 6612.260743, "common_lower_bound_s": 1960.2912845151307, "time_over_lower_bound": 3.3731011279966556, "penalized_time_over_lower_bound": 3.3731011279966556, "errors": []}
{"seed": 621011, "strategy": "compact_clear_before_probe", "successful": true, "virtual_time_s": 7178.869965, "common_lower_bound_s": 2371.285771009686, "time_over_lower_bound": 3.0274166246707837, "penalized_time_over_lower_bound": 3.0274166246707837, "errors": []}
{"seed": 621011, "strategy": "compact_joint_probe", "successful": true, "virtual_time_s": 7178.869965, "common_lower_bound_s": 2371.285771009686, "time_over_lower_bound": 3.0274166246707837, "penalized_time_over_lower_bound": 3.0274166246707837, "errors": []}
{"seed": 621011, "strategy": "compact_joint_optical", "successful": true, "virtual_time_s": 7178.869965, "common_lower_bound_s": 2371.285771009686, "time_over_lower_bound": 3.0274166246707837, "penalized_time_over_lower_bound": 3.0274166246707837, "errors": []}
{"seed": 621012, "strategy": "compact_baseline", "successful": true, "virtual_time_s": 6699.864205, "common_lower_bound_s": 2070.047398072051, "time_over_lower_bound": 3.2365752645277364, "penalized_time_over_lower_bound": 3.2365752645277364, "errors": []}
{"seed": 621011, "strategy": "compact_joint_continuation", "successful": true, "virtual_time_s": 7178.869965, "common_lower_bound_s": 2371.285771009686, "time_over_lower_bound": 3.0274166246707837, "penalized_time_over_lower_bound": 3.0274166246707837, "errors": []}
{"seed": 621012, "strategy": "compact_clear_before_probe", "successful": true, "virtual_time_s": 6405.540433, "common_lower_bound_s": 2070.047398072051, "time_over_lower_bound": 3.0943931230588406, "penalized_time_over_lower_bound": 3.0943931230588406, "errors": []}
{"seed": 621012, "strategy": "compact_joint_probe", "successful": true, "virtual_time_s": 6405.540433, "common_lower_bound_s": 2070.047398072051, "time_over_lower_bound": 3.0943931230588406, "penalized_time_over_lower_bound": 3.0943931230588406, "errors": []}
{"seed": 621012, "strategy": "compact_joint_optical", "successful": true, "virtual_time_s": 6405.540433, "common_lower_bound_s": 2070.047398072051, "time_over_lower_bound": 3.0943931230588406, "penalized_time_over_lower_bound": 3.0943931230588406, "errors": []}
{"seed": 621013, "strategy": "compact_baseline", "successful": true, "virtual_time_s": 7058.627179, "common_lower_bound_s": 1975.3478940933496, "time_over_lower_bound": 3.5733590017771464, "penalized_time_over_lower_bound": 3.5733590017771464, "errors": []}
{"seed": 621013, "strategy": "compact_clear_before_probe", "successful": true, "virtual_time_s": 6770.300629, "common_lower_bound_s": 1975.3478940933496, "time_over_lower_bound": 3.4273965863149645, "penalized_time_over_lower_bound": 3.4273965863149645, "errors": []}
{"seed": 621012, "strategy": "compact_joint_continuation", "successful": true, "virtual_time_s": 6405.540433, "common_lower_bound_s": 2070.047398072051, "time_over_lower_bound": 3.0943931230588406, "penalized_time_over_lower_bound": 3.0943931230588406, "errors": []}
{"seed": 621013, "strategy": "compact_joint_probe", "successful": true, "virtual_time_s": 6770.300629, "common_lower_bound_s": 1975.3478940933496, "time_over_lower_bound": 3.4273965863149645, "penalized_time_over_lower_bound": 3.4273965863149645, "errors": []}
{"seed": 621013, "strategy": "compact_joint_optical", "successful": true, "virtual_time_s": 6770.300629, "common_lower_bound_s": 1975.3478940933496, "time_over_lower_bound": 3.4273965863149645, "penalized_time_over_lower_bound": 3.4273965863149645, "errors": []}
{"seed": 621013, "strategy": "compact_joint_continuation", "successful": true, "virtual_time_s": 6770.300629, "common_lower_bound_s": 1975.3478940933496, "time_over_lower_bound": 3.4273965863149645, "penalized_time_over_lower_bound": 3.4273965863149645, "errors": []}
{"seed": 621014, "strategy": "compact_baseline", "successful": true, "virtual_time_s": 6432.0174, "common_lower_bound_s": 2428.743967646453, "time_over_lower_bound": 2.648289603878203, "penalized_time_over_lower_bound": 2.648289603878203, "errors": []}
{"seed": 621014, "strategy": "compact_clear_before_probe", "successful": true, "virtual_time_s": 6065.202869, "common_lower_bound_s": 2428.743967646453, "time_over_lower_bound": 2.4972590564485957, "penalized_time_over_lower_bound": 2.4972590564485957, "errors": []}
{"seed": 621014, "strategy": "compact_joint_probe", "successful": true, "virtual_time_s": 6065.202869, "common_lower_bound_s": 2428.743967646453, "time_over_lower_bound": 2.4972590564485957, "penalized_time_over_lower_bound": 2.4972590564485957, "errors": []}
{"seed": 621014, "strategy": "compact_joint_optical", "successful": true, "virtual_time_s": 6065.202869, "common_lower_bound_s": 2428.743967646453, "time_over_lower_bound": 2.4972590564485957, "penalized_time_over_lower_bound": 2.4972590564485957, "errors": []}
{"seed": 621015, "strategy": "compact_baseline", "successful": true, "virtual_time_s": 6219.352395, "common_lower_bound_s": 2034.621087976355, "time_over_lower_bound": 3.05676198470242, "penalized_time_over_lower_bound": 3.05676198470242, "errors": []}
{"seed": 621014, "strategy": "compact_joint_continuation", "successful": true, "virtual_time_s": 6065.202869, "common_lower_bound_s": 2428.743967646453, "time_over_lower_bound": 2.4972590564485957, "penalized_time_over_lower_bound": 2.4972590564485957, "errors": []}
{"seed": 621015, "strategy": "compact_clear_before_probe", "successful": true, "virtual_time_s": 6057.352395, "common_lower_bound_s": 2034.621087976355, "time_over_lower_bound": 2.9771402797287796, "penalized_time_over_lower_bound": 2.9771402797287796, "errors": []}
{"seed": 621015, "strategy": "compact_joint_probe", "successful": true, "virtual_time_s": 6057.352395, "common_lower_bound_s": 2034.621087976355, "time_over_lower_bound": 2.9771402797287796, "penalized_time_over_lower_bound": 2.9771402797287796, "errors": []}
{"seed": 621015, "strategy": "compact_joint_optical", "successful": true, "virtual_time_s": 6057.352395, "common_lower_bound_s": 2034.621087976355, "time_over_lower_bound": 2.9771402797287796, "penalized_time_over_lower_bound": 2.9771402797287796, "errors": []}
{"seed": 621015, "strategy": "compact_joint_continuation", "successful": true, "virtual_time_s": 6057.352395, "common_lower_bound_s": 2034.621087976355, "time_over_lower_bound": 2.9771402797287796, "penalized_time_over_lower_bound": 2.9771402797287796, "errors": []}
{"seed": 621016, "strategy": "compact_baseline", "successful": true, "virtual_time_s": 7078.667265, "common_lower_bound_s": 1986.762862997617, "time_over_lower_bound": 3.562915029687914, "penalized_time_over_lower_bound": 3.562915029687914, "errors": []}
{"seed": 621016, "strategy": "compact_clear_before_probe", "successful": true, "virtual_time_s": 5582.26196, "common_lower_bound_s": 1986.762862997617, "time_over_lower_bound": 2.809727352955205, "penalized_time_over_lower_bound": 2.809727352955205, "errors": []}
{"seed": 621016, "strategy": "compact_joint_probe", "successful": true, "virtual_time_s": 5541.650645, "common_lower_bound_s": 1986.762862997617, "time_over_lower_bound": 2.7892864056452047, "penalized_time_over_lower_bound": 2.7892864056452047, "errors": []}
{"seed": 621016, "strategy": "compact_joint_optical", "successful": true, "virtual_time_s": 5541.650645, "common_lower_bound_s": 1986.762862997617, "time_over_lower_bound": 2.7892864056452047, "penalized_time_over_lower_bound": 2.7892864056452047, "errors": []}
{"seed": 621017, "strategy": "compact_baseline", "successful": true, "virtual_time_s": 7188.153458, "common_lower_bound_s": 2079.8911947470624, "time_over_lower_bound": 3.4560237940110894, "penalized_time_over_lower_bound": 3.4560237940110894, "errors": []}
{"seed": 621017, "strategy": "compact_clear_before_probe", "successful": true, "virtual_time_s": 6820.776755, "common_lower_bound_s": 2079.8911947470624, "time_over_lower_bound": 3.279391139414618, "penalized_time_over_lower_bound": 3.279391139414618, "errors": []}
{"seed": 621017, "strategy": "compact_joint_probe", "successful": true, "virtual_time_s": 6974.943574, "common_lower_bound_s": 2079.8911947470624, "time_over_lower_bound": 3.3535136797616136, "penalized_time_over_lower_bound": 3.3535136797616136, "errors": []}
{"seed": 621016, "strategy": "compact_joint_continuation", "successful": true, "virtual_time_s": 5489.776234, "common_lower_bound_s": 1986.762862997617, "time_over_lower_bound": 2.7631763892128802, "penalized_time_over_lower_bound": 2.7631763892128802, "errors": []}
{"seed": 621017, "strategy": "compact_joint_optical", "successful": true, "virtual_time_s": 6974.943574, "common_lower_bound_s": 2079.8911947470624, "time_over_lower_bound": 3.3535136797616136, "penalized_time_over_lower_bound": 3.3535136797616136, "errors": []}
{"seed": 621018, "strategy": "compact_baseline", "successful": true, "virtual_time_s": 7635.830713, "common_lower_bound_s": 2348.573371771026, "time_over_lower_bound": 3.2512634285902378, "penalized_time_over_lower_bound": 3.2512634285902378, "errors": []}
{"seed": 621018, "strategy": "compact_clear_before_probe", "successful": true, "virtual_time_s": 6777.280074, "common_lower_bound_s": 2348.573371771026, "time_over_lower_bound": 2.8857008069070242, "penalized_time_over_lower_bound": 2.8857008069070242, "errors": []}
{"seed": 621017, "strategy": "compact_joint_continuation", "successful": true, "virtual_time_s": 6733.566218, "common_lower_bound_s": 2079.8911947470624, "time_over_lower_bound": 3.2374608032411403, "penalized_time_over_lower_bound": 3.2374608032411403, "errors": []}
{"seed": 621018, "strategy": "compact_joint_probe", "successful": true, "virtual_time_s": 6777.280074, "common_lower_bound_s": 2348.573371771026, "time_over_lower_bound": 2.8857008069070242, "penalized_time_over_lower_bound": 2.8857008069070242, "errors": []}
{"seed": 621018, "strategy": "compact_joint_optical", "successful": true, "virtual_time_s": 6777.280074, "common_lower_bound_s": 2348.573371771026, "time_over_lower_bound": 2.8857008069070242, "penalized_time_over_lower_bound": 2.8857008069070242, "errors": []}
{"seed": 621018, "strategy": "compact_joint_continuation", "successful": true, "virtual_time_s": 6777.280074, "common_lower_bound_s": 2348.573371771026, "time_over_lower_bound": 2.8857008069070242, "penalized_time_over_lower_bound": 2.8857008069070242, "errors": []}
{"seed": 621019, "strategy": "compact_baseline", "successful": true, "virtual_time_s": 8310.694887, "common_lower_bound_s": 2041.6359087836643, "time_over_lower_bound": 4.07060575847298, "penalized_time_over_lower_bound": 4.07060575847298, "errors": []}
{"seed": 621019, "strategy": "compact_clear_before_probe", "successful": true, "virtual_time_s": 7966.259281, "common_lower_bound_s": 2041.6359087836643, "time_over_lower_bound": 3.90190006294806, "penalized_time_over_lower_bound": 3.90190006294806, "errors": []}
{"seed": 621019, "strategy": "compact_joint_probe", "successful": true, "virtual_time_s": 7614.134398, "common_lower_bound_s": 2041.6359087836643, "time_over_lower_bound": 3.729428134194719, "penalized_time_over_lower_bound": 3.729428134194719, "errors": []}
{"seed": 621019, "strategy": "compact_joint_optical", "successful": true, "virtual_time_s": 7614.134398, "common_lower_bound_s": 2041.6359087836643, "time_over_lower_bound": 3.729428134194719, "penalized_time_over_lower_bound": 3.729428134194719, "errors": []}
{"seed": 621020, "strategy": "compact_baseline", "successful": true, "virtual_time_s": 7355.044642, "common_lower_bound_s": 2051.1018144478744, "time_over_lower_bound": 3.5858993396580203, "penalized_time_over_lower_bound": 3.5858993396580203, "errors": []}
{"seed": 621019, "strategy": "compact_joint_continuation", "successful": true, "virtual_time_s": 7614.134398, "common_lower_bound_s": 2041.6359087836643, "time_over_lower_bound": 3.729428134194719, "penalized_time_over_lower_bound": 3.729428134194719, "errors": []}
{"seed": 621020, "strategy": "compact_clear_before_probe", "successful": true, "virtual_time_s": 6326.084589, "common_lower_bound_s": 2051.1018144478744, "time_over_lower_bound": 3.084237235050609, "penalized_time_over_lower_bound": 3.084237235050609, "errors": []}
{"seed": 621020, "strategy": "compact_joint_probe", "successful": true, "virtual_time_s": 6326.084589, "common_lower_bound_s": 2051.1018144478744, "time_over_lower_bound": 3.084237235050609, "penalized_time_over_lower_bound": 3.084237235050609, "errors": []}
{"seed": 621020, "strategy": "compact_joint_optical", "successful": true, "virtual_time_s": 6326.084589, "common_lower_bound_s": 2051.1018144478744, "time_over_lower_bound": 3.084237235050609, "penalized_time_over_lower_bound": 3.084237235050609, "errors": []}
{"seed": 621021, "strategy": "compact_baseline", "successful": true, "virtual_time_s": 8716.916508, "common_lower_bound_s": 2253.2969375409602, "time_over_lower_bound": 3.8685165557952765, "penalized_time_over_lower_bound": 3.8685165557952765, "errors": []}
{"seed": 621021, "strategy": "compact_clear_before_probe", "successful": true, "virtual_time_s": 8245.623748, "common_lower_bound_s": 2253.2969375409602, "time_over_lower_bound": 3.6593595857803414, "penalized_time_over_lower_bound": 3.6593595857803414, "errors": []}
{"seed": 621020, "strategy": "compact_joint_continuation", "successful": true, "virtual_time_s": 6326.084589, "common_lower_bound_s": 2051.1018144478744, "time_over_lower_bound": 3.084237235050609, "penalized_time_over_lower_bound": 3.084237235050609, "errors": []}
{"seed": 621021, "strategy": "compact_joint_probe", "successful": true, "virtual_time_s": 8350.958916, "common_lower_bound_s": 2253.2969375409602, "time_over_lower_bound": 3.70610671717038, "penalized_time_over_lower_bound": 3.70610671717038, "errors": []}
{"seed": 621021, "strategy": "compact_joint_optical", "successful": true, "virtual_time_s": 7809.758916, "common_lower_bound_s": 2253.2969375409602, "time_over_lower_bound": 3.4659253229726783, "penalized_time_over_lower_bound": 3.4659253229726783, "errors": []}
{"seed": 621022, "strategy": "compact_baseline", "successful": true, "virtual_time_s": 8542.685059, "common_lower_bound_s": 2409.350618381212, "time_over_lower_bound": 3.5456379797223687, "penalized_time_over_lower_bound": 3.5456379797223687, "errors": []}
{"seed": 621022, "strategy": "compact_clear_before_probe", "successful": true, "virtual_time_s": 8060.145223, "common_lower_bound_s": 2409.350618381212, "time_over_lower_bound": 3.345360015893174, "penalized_time_over_lower_bound": 3.345360015893174, "errors": []}
{"seed": 621022, "strategy": "compact_joint_probe", "successful": true, "virtual_time_s": 8060.145223, "common_lower_bound_s": 2409.350618381212, "time_over_lower_bound": 3.345360015893174, "penalized_time_over_lower_bound": 3.345360015893174, "errors": []}
{"seed": 621022, "strategy": "compact_joint_optical", "successful": true, "virtual_time_s": 8060.145223, "common_lower_bound_s": 2409.350618381212, "time_over_lower_bound": 3.345360015893174, "penalized_time_over_lower_bound": 3.345360015893174, "errors": []}
{"seed": 621021, "strategy": "compact_joint_continuation", "successful": true, "virtual_time_s": 7628.567919, "common_lower_bound_s": 2253.2969375409602, "time_over_lower_bound": 3.3855138183985254, "penalized_time_over_lower_bound": 3.3855138183985254, "errors": []}
{"seed": 621022, "strategy": "compact_joint_continuation", "successful": true, "virtual_time_s": 8060.145223, "common_lower_bound_s": 2409.350618381212, "time_over_lower_bound": 3.345360015893174, "penalized_time_over_lower_bound": 3.345360015893174, "errors": []}
{"seed": 621023, "strategy": "compact_baseline", "successful": true, "virtual_time_s": 6759.005908, "common_lower_bound_s": 1966.816047374046, "time_over_lower_bound": 3.436521639644006, "penalized_time_over_lower_bound": 3.436521639644006, "errors": []}
{"seed": 621023, "strategy": "compact_clear_before_probe", "successful": true, "virtual_time_s": 6171.789231, "common_lower_bound_s": 1966.816047374046, "time_over_lower_bound": 3.137959566295047, "penalized_time_over_lower_bound": 3.137959566295047, "errors": []}
{"seed": 621023, "strategy": "compact_joint_probe", "successful": true, "virtual_time_s": 6171.789231, "common_lower_bound_s": 1966.816047374046, "time_over_lower_bound": 3.137959566295047, "penalized_time_over_lower_bound": 3.137959566295047, "errors": []}
{"seed": 621023, "strategy": "compact_joint_optical", "successful": true, "virtual_time_s": 6171.789231, "common_lower_bound_s": 1966.816047374046, "time_over_lower_bound": 3.137959566295047, "penalized_time_over_lower_bound": 3.137959566295047, "errors": []}
{"seed": 621023, "strategy": "compact_joint_continuation", "successful": true, "virtual_time_s": 6171.789231, "common_lower_bound_s": 1966.816047374046, "time_over_lower_bound": 3.137959566295047, "penalized_time_over_lower_bound": 3.137959566295047, "errors": []}
{"seed": 621024, "strategy": "compact_baseline", "successful": true, "virtual_time_s": 6344.335082, "common_lower_bound_s": 1931.935134643131, "time_over_lower_bound": 3.2839275854734797, "penalized_time_over_lower_bound": 3.2839275854734797, "errors": []}
{"seed": 621024, "strategy": "compact_clear_before_probe", "successful": true, "virtual_time_s": 4061.642473, "common_lower_bound_s": 1931.935134643131, "time_over_lower_bound": 2.1023700020602765, "penalized_time_over_lower_bound": 2.1023700020602765, "errors": []}
{"seed": 621024, "strategy": "compact_joint_probe", "successful": true, "virtual_time_s": 4061.642473, "common_lower_bound_s": 1931.935134643131, "time_over_lower_bound": 2.1023700020602765, "penalized_time_over_lower_bound": 2.1023700020602765, "errors": []}
{"seed": 621024, "strategy": "compact_joint_optical", "successful": true, "virtual_time_s": 4061.642473, "common_lower_bound_s": 1931.935134643131, "time_over_lower_bound": 2.1023700020602765, "penalized_time_over_lower_bound": 2.1023700020602765, "errors": []}
{"seed": 621024, "strategy": "compact_joint_continuation", "successful": true, "virtual_time_s": 3964.180336, "common_lower_bound_s": 1931.935134643131, "time_over_lower_bound": 2.051922067627942, "penalized_time_over_lower_bound": 2.051922067627942, "errors": []}
{"summaries": {"compact_baseline": {"runs": 24, "successful": 24, "mean_time_s": 7126.410919875, "mean_lower_bound_s": 2104.0534354387673, "mean_time_over_mean_lower_bound": 3.3869914137370274, "mean_individual_ratio": 3.40913214380837, "p95_time_s": 8507.886533199999, "max_time_s": 8716.916508, "mean_runtime_s": 0.1453375958323401, "mean_components_s": {"movement_s": 5164.077586541666, "switching_s": 294.5, "detection_s": 1588.125, "optical_s": 54.625, "removal_s": 25.083333333333332}}, "compact_clear_before_probe": {"runs": 24, "successful": 24, "mean_time_s": 6505.70618825, "mean_lower_bound_s": 2104.0534354387673, "mean_time_over_mean_lower_bound": 3.0919871514067974, "mean_individual_ratio": 3.098861818773184, "p95_time_s": 8046.0623317, "max_time_s": 8245.623748, "mean_runtime_s": 0.14229954582939777, "mean_components_s": {"movement_s": 4898.789521583333, "switching_s": 236.0, "detection_s": 1285.2083333333333, "optical_s": 60.625, "removal_s": 25.083333333333332}}, "compact_joint_continuation": {"runs": 24, "successful": 24, "mean_time_s": 6387.055841666666, "mean_lower_bound_s": 2104.0534354387673, "mean_time_over_mean_lower_bound": 3.035595833303894, "mean_individual_ratio": 3.0417863522750954, "p95_time_s": 7626.40289085, "max_time_s": 8060.145223, "mean_runtime_s": 0.5664765416671192, "mean_components_s": {"movement_s": 4804.680841666666, "switching_s": 235.875, "detection_s": 1282.9166666666667, "optical_s": 38.5, "removal_s": 25.083333333333332}}, "compact_joint_optical": {"runs": 24, "successful": 24, "mean_time_s": 6441.272072583333, "mean_lower_bound_s": 2104.0534354387673, "mean_time_over_mean_lower_bound": 3.061363349472209, "mean_individual_ratio": 3.0711889951734106, "p95_time_s": 7780.415238299999, "max_time_s": 8060.145223, "mean_runtime_s": 0.35585299999729614, "mean_components_s": {"movement_s": 4850.897072583333, "switching_s": 235.95833333333334, "detection_s": 1284.5833333333333, "optical_s": 44.75, "removal_s": 25.083333333333332}}, "compact_joint_probe": {"runs": 24, "successful": 24, "mean_time_s": 6463.8220725833335, "mean_lower_bound_s": 2104.0534354387673, "mean_time_over_mean_lower_bound": 3.072080757889785, "mean_individual_ratio": 3.081196553264981, "p95_time_s": 7993.2435992499995, "max_time_s": 8350.958916, "mean_runtime_s": 0.35155396249926224, "mean_components_s": {"movement_s": 4867.6970725833335, "switching_s": 235.95833333333334, "detection_s": 1284.5833333333333, "optical_s": 50.5, "removal_s": 25.083333333333332}}}, "paired_vs_compact_baseline": {"compact_clear_before_probe": {"pairs": 24, "all_complete": true, "mean_saved_s": 620.704731625, "saving_ci95_s": [434.0008586249999, 850.9532073333334], "mean_reduction_fraction": 0.08709920584201836, "wins": 24, "losses": 0, "ties": 0, "worst_regression_s": 0.0, "paired_ratio_p95": 0.9687158957806664}, "compact_joint_continuation": {"pairs": 24, "all_complete": true, "mean_saved_s": 739.3550782083332, "saving_ci95_s": [537.2091208749999, 974.2130839999999], "mean_reduction_fraction": 0.10374858908940132, "wins": 24, "losses": 0, "ties": 0, "worst_regression_s": 0.0, "paired_ratio_p95": 0.9678237817957491}, "compact_joint_optical": {"pairs": 24, "all_complete": true, "mean_saved_s": 685.1388472916666, "saving_ci95_s": [491.93434312499977, 913.6089004166666], "mean_reduction_fraction": 0.0961408000457662, "wins": 24, "losses": 0, "ties": 0, "worst_regression_s": 0.0, "paired_ratio_p95": 0.9701554042636157}, "compact_joint_probe": {"pairs": 24, "all_complete": true, "mean_saved_s": 662.5888472916666, "saving_ci95_s": [467.97414437500004, 891.239399125], "mean_reduction_fraction": 0.09297651436907162, "wins": 24, "losses": 0, "ties": 0, "worst_regression_s": 0.0, "paired_ratio_p95": 0.9701554042636157}}}
