{"seed": 621301, "strategy": "compact_baseline", "successful": true, "virtual_time_s": 8677.660738, "common_lower_bound_s": 2228.7988885125305, "time_over_lower_bound": 3.893424742234752, "penalized_time_over_lower_bound": 3.893424742234752, "errors": []}
{"seed": 621301, "strategy": "compact_clear_before_probe", "successful": true, "virtual_time_s": 7884.195844, "common_lower_bound_s": 2228.7988885125305, "time_over_lower_bound": 3.5374191384588327, "penalized_time_over_lower_bound": 3.5374191384588327, "errors": []}
{"seed": 621302, "strategy": "compact_baseline", "successful": true, "virtual_time_s": 6997.612994, "common_lower_bound_s": 2111.8761826344844, "time_over_lower_bound": 3.3134579818362018, "penalized_time_over_lower_bound": 3.3134579818362018, "errors": []}
{"seed": 621301, "strategy": "compact_joint_probe", "successful": true, "virtual_time_s": 7399.168679, "common_lower_bound_s": 2228.7988885125305, "time_over_lower_bound": 3.3198009551853747, "penalized_time_over_lower_bound": 3.3198009551853747, "errors": []}
{"seed": 621302, "strategy": "compact_clear_before_probe", "successful": true, "virtual_time_s": 6671.151537, "common_lower_bound_s": 2111.8761826344844, "time_over_lower_bound": 3.1588743657679754, "penalized_time_over_lower_bound": 3.1588743657679754, "errors": []}
{"seed": 621302, "strategy": "compact_joint_probe", "successful": true, "virtual_time_s": 6671.151537, "common_lower_bound_s": 2111.8761826344844, "time_over_lower_bound": 3.1588743657679754, "penalized_time_over_lower_bound": 3.1588743657679754, "errors": []}
{"seed": 621302, "strategy": "compact_joint_continuation", "successful": true, "virtual_time_s": 6671.151537, "common_lower_bound_s": 2111.8761826344844, "time_over_lower_bound": 3.1588743657679754, "penalized_time_over_lower_bound": 3.1588743657679754, "errors": []}
{"seed": 621303, "strategy": "compact_baseline", "successful": true, "virtual_time_s": 6217.037599, "common_lower_bound_s": 546.0000044444444, "time_over_lower_bound": 11.386515656397922, "penalized_time_over_lower_bound": 11.386515656397922, "errors": []}
{"seed": 621303, "strategy": "compact_clear_before_probe", "successful": true, "virtual_time_s": 5944.419501, "common_lower_bound_s": 546.0000044444444, "time_over_lower_bound": 10.887215114674685, "penalized_time_over_lower_bound": 10.887215114674685, "errors": []}
{"seed": 621301, "strategy": "compact_joint_continuation", "successful": true, "virtual_time_s": 7241.855491, "common_lower_bound_s": 2228.7988885125305, "time_over_lower_bound": 3.2492189081416467, "penalized_time_over_lower_bound": 3.2492189081416467, "errors": []}
{"seed": 621304, "strategy": "compact_baseline", "successful": true, "virtual_time_s": 6406.998322, "common_lower_bound_s": 1685.6617255014867, "time_over_lower_bound": 3.8008802270775353, "penalized_time_over_lower_bound": 3.8008802270775353, "errors": []}
{"seed": 621304, "strategy": "compact_clear_before_probe", "successful": true, "virtual_time_s": 6328.998322, "common_lower_bound_s": 1685.6617255014867, "time_over_lower_bound": 3.754607597866123, "penalized_time_over_lower_bound": 3.754607597866123, "errors": []}
{"seed": 621303, "strategy": "compact_joint_probe", "successful": true, "virtual_time_s": 5944.419501, "common_lower_bound_s": 546.0000044444444, "time_over_lower_bound": 10.887215114674685, "penalized_time_over_lower_bound": 10.887215114674685, "errors": []}
{"seed": 621303, "strategy": "compact_joint_continuation", "successful": true, "virtual_time_s": 5944.419501, "common_lower_bound_s": 546.0000044444444, "time_over_lower_bound": 10.887215114674685, "penalized_time_over_lower_bound": 10.887215114674685, "errors": []}
{"seed": 621304, "strategy": "compact_joint_probe", "successful": true, "virtual_time_s": 6328.998322, "common_lower_bound_s": 1685.6617255014867, "time_over_lower_bound": 3.754607597866123, "penalized_time_over_lower_bound": 3.754607597866123, "errors": []}
{"seed": 621304, "strategy": "compact_joint_continuation", "successful": true, "virtual_time_s": 6328.998322, "common_lower_bound_s": 1685.6617255014867, "time_over_lower_bound": 3.754607597866123, "penalized_time_over_lower_bound": 3.754607597866123, "errors": []}
{"seed": 621305, "strategy": "compact_baseline", "successful": true, "virtual_time_s": 8609.188285, "common_lower_bound_s": 2704.6602309454447, "time_over_lower_bound": 3.183094196637986, "penalized_time_over_lower_bound": 3.183094196637986, "errors": []}
{"seed": 621305, "strategy": "compact_clear_before_probe", "successful": true, "virtual_time_s": 8166.188285, "common_lower_bound_s": 2704.6602309454447, "time_over_lower_bound": 3.0193028283428474, "penalized_time_over_lower_bound": 3.0193028283428474, "errors": []}
{"seed": 621306, "strategy": "compact_baseline", "successful": true, "virtual_time_s": 6534.457238, "common_lower_bound_s": 675.9503517455908, "time_over_lower_bound": 9.667066850583415, "penalized_time_over_lower_bound": 9.667066850583415, "errors": []}
{"seed": 621305, "strategy": "compact_joint_probe", "successful": true, "virtual_time_s": 8166.188285, "common_lower_bound_s": 2704.6602309454447, "time_over_lower_bound": 3.0193028283428474, "penalized_time_over_lower_bound": 3.0193028283428474, "errors": []}
{"seed": 621306, "strategy": "compact_clear_before_probe", "successful": true, "virtual_time_s": 6105.457238, "common_lower_bound_s": 675.9503517455908, "time_over_lower_bound": 9.032404853748679, "penalized_time_over_lower_bound": 9.032404853748679, "errors": []}
{"seed": 621306, "strategy": "compact_joint_probe", "successful": true, "virtual_time_s": 6011.236967, "common_lower_bound_s": 675.9503517455908, "time_over_lower_bound": 8.89301551730306, "penalized_time_over_lower_bound": 8.89301551730306, "errors": []}
{"seed": 621307, "strategy": "compact_baseline", "successful": true, "virtual_time_s": 6628.847988, "common_lower_bound_s": 2310.3116408006767, "time_over_lower_bound": 2.8692440755320194, "penalized_time_over_lower_bound": 2.8692440755320194, "errors": []}
{"seed": 621307, "strategy": "compact_clear_before_probe", "successful": true, "virtual_time_s": 6346.309196, "common_lower_bound_s": 2310.3116408006767, "time_over_lower_bound": 2.7469494088687454, "penalized_time_over_lower_bound": 2.7469494088687454, "errors": []}
{"seed": 621307, "strategy": "compact_joint_probe", "successful": true, "virtual_time_s": 6346.309196, "common_lower_bound_s": 2310.3116408006767, "time_over_lower_bound": 2.7469494088687454, "penalized_time_over_lower_bound": 2.7469494088687454, "errors": []}
{"seed": 621307, "strategy": "compact_joint_continuation", "successful": true, "virtual_time_s": 6346.309196, "common_lower_bound_s": 2310.3116408006767, "time_over_lower_bound": 2.7469494088687454, "penalized_time_over_lower_bound": 2.7469494088687454, "errors": []}
{"seed": 621306, "strategy": "compact_joint_continuation", "successful": true, "virtual_time_s": 5841.690306, "common_lower_bound_s": 675.9503517455908, "time_over_lower_bound": 8.642188425398812, "penalized_time_over_lower_bound": 8.642188425398812, "errors": []}
{"seed": 621308, "strategy": "compact_baseline", "successful": true, "virtual_time_s": 9188.002329, "common_lower_bound_s": 2235.2746393792813, "time_over_lower_bound": 4.110457912926279, "penalized_time_over_lower_bound": 4.110457912926279, "errors": []}
{"seed": 621308, "strategy": "compact_clear_before_probe", "successful": true, "virtual_time_s": 8470.367199, "common_lower_bound_s": 2235.2746393792813, "time_over_lower_bound": 3.789407820308003, "penalized_time_over_lower_bound": 3.789407820308003, "errors": []}
{"seed": 621308, "strategy": "compact_joint_probe", "successful": true, "virtual_time_s": 7408.426048, "common_lower_bound_s": 2235.2746393792813, "time_over_lower_bound": 3.3143247444784967, "penalized_time_over_lower_bound": 3.3143247444784967, "errors": []}
{"seed": 621308, "strategy": "compact_joint_continuation", "successful": true, "virtual_time_s": 7102.641907, "common_lower_bound_s": 2235.2746393792813, "time_over_lower_bound": 3.1775253840719766, "penalized_time_over_lower_bound": 3.1775253840719766, "errors": []}
{"seed": 621309, "strategy": "compact_baseline", "successful": true, "virtual_time_s": 8683.56365, "common_lower_bound_s": 1857.8105719099626, "time_over_lower_bound": 4.674084527935845, "penalized_time_over_lower_bound": 4.674084527935845, "errors": []}
{"seed": 621309, "strategy": "compact_clear_before_probe", "successful": true, "virtual_time_s": 8200.723159, "common_lower_bound_s": 1857.8105719099626, "time_over_lower_bound": 4.414186937567627, "penalized_time_over_lower_bound": 4.414186937567627, "errors": []}
{"seed": 621309, "strategy": "compact_joint_probe", "successful": true, "virtual_time_s": 8367.991363, "common_lower_bound_s": 1857.8105719099626, "time_over_lower_bound": 4.504222060916094, "penalized_time_over_lower_bound": 4.504222060916094, "errors": []}
{"seed": 621310, "strategy": "compact_baseline", "successful": true, "virtual_time_s": 5724.941622, "common_lower_bound_s": 681.0000044444444, "time_over_lower_bound": 8.406668993593286, "penalized_time_over_lower_bound": 8.406668993593286, "errors": []}
{"seed": 621310, "strategy": "compact_clear_before_probe", "successful": true, "virtual_time_s": 5504.325992, "common_lower_bound_s": 681.0000044444444, "time_over_lower_bound": 8.082710655032074, "penalized_time_over_lower_bound": 8.082710655032074, "errors": []}
{"seed": 621309, "strategy": "compact_joint_continuation", "successful": true, "virtual_time_s": 7301.268221, "common_lower_bound_s": 1857.8105719099626, "time_over_lower_bound": 3.9300391177631058, "penalized_time_over_lower_bound": 3.9300391177631058, "errors": []}
{"seed": 621310, "strategy": "compact_joint_probe", "successful": true, "virtual_time_s": 5504.325992, "common_lower_bound_s": 681.0000044444444, "time_over_lower_bound": 8.082710655032074, "penalized_time_over_lower_bound": 8.082710655032074, "errors": []}
{"seed": 621310, "strategy": "compact_joint_continuation", "successful": true, "virtual_time_s": 5504.325992, "common_lower_bound_s": 681.0000044444444, "time_over_lower_bound": 8.082710655032074, "penalized_time_over_lower_bound": 8.082710655032074, "errors": []}
{"seed": 621311, "strategy": "compact_baseline", "successful": true, "virtual_time_s": 8758.316094, "common_lower_bound_s": 2062.096380442661, "time_over_lower_bound": 4.247287458076955, "penalized_time_over_lower_bound": 4.247287458076955, "errors": []}
{"seed": 621311, "strategy": "compact_clear_before_probe", "successful": true, "virtual_time_s": 8132.360408, "common_lower_bound_s": 2062.096380442661, "time_over_lower_bound": 3.943734388522743, "penalized_time_over_lower_bound": 3.943734388522743, "errors": []}
{"seed": 621305, "strategy": "compact_joint_continuation", "successful": true, "virtual_time_s": 8285.692009, "common_lower_bound_s": 2704.6602309454447, "time_over_lower_bound": 3.063487204122361, "penalized_time_over_lower_bound": 3.063487204122361, "errors": []}
{"seed": 621311, "strategy": "compact_joint_probe", "successful": true, "virtual_time_s": 7842.944512, "common_lower_bound_s": 2062.096380442661, "time_over_lower_bound": 3.8033840640932555, "penalized_time_over_lower_bound": 3.8033840640932555, "errors": []}
{"seed": 621312, "strategy": "compact_baseline", "successful": true, "virtual_time_s": 9429.72689, "common_lower_bound_s": 2777.712956832119, "time_over_lower_bound": 3.3947808994469546, "penalized_time_over_lower_bound": 3.3947808994469546, "errors": []}
{"seed": 621311, "strategy": "compact_joint_continuation", "successful": true, "virtual_time_s": 7787.405165, "common_lower_bound_s": 2062.096380442661, "time_over_lower_bound": 3.7764506251295162, "penalized_time_over_lower_bound": 3.7764506251295162, "errors": []}
{"seed": 621312, "strategy": "compact_clear_before_probe", "successful": true, "virtual_time_s": 8992.72689, "common_lower_bound_s": 2777.712956832119, "time_over_lower_bound": 3.237457228214063, "penalized_time_over_lower_bound": 3.237457228214063, "errors": []}
{"seed": 621312, "strategy": "compact_joint_probe", "successful": true, "virtual_time_s": 9784.465894, "common_lower_bound_s": 2777.712956832119, "time_over_lower_bound": 3.5224899210459926, "penalized_time_over_lower_bound": 3.5224899210459926, "errors": []}
{"seed": 621313, "strategy": "compact_baseline", "successful": true, "virtual_time_s": 6051.571156, "common_lower_bound_s": 295.968913082434, "time_over_lower_bound": 20.446644524164945, "penalized_time_over_lower_bound": 20.446644524164945, "errors": []}
{"seed": 621313, "strategy": "compact_clear_before_probe", "successful": true, "virtual_time_s": 1817.361619, "common_lower_bound_s": 295.968913082434, "time_over_lower_bound": 6.140380082734648, "penalized_time_over_lower_bound": 6.140380082734648, "errors": []}
{"seed": 621313, "strategy": "compact_joint_probe", "successful": true, "virtual_time_s": 1817.361619, "common_lower_bound_s": 295.968913082434, "time_over_lower_bound": 6.140380082734648, "penalized_time_over_lower_bound": 6.140380082734648, "errors": []}
{"seed": 621314, "strategy": "compact_baseline", "successful": true, "virtual_time_s": 7586.097598, "common_lower_bound_s": 1965.796018542933, "time_over_lower_bound": 3.859046170834596, "penalized_time_over_lower_bound": 3.859046170834596, "errors": []}
{"seed": 621314, "strategy": "compact_clear_before_probe", "successful": true, "virtual_time_s": 7376.160992, "common_lower_bound_s": 1965.796018542933, "time_over_lower_bound": 3.7522514657788766, "penalized_time_over_lower_bound": 3.7522514657788766, "errors": []}
{"seed": 621312, "strategy": "compact_joint_continuation", "successful": true, "virtual_time_s": 8380.632253, "common_lower_bound_s": 2777.712956832119, "time_over_lower_bound": 3.0170980166927714, "penalized_time_over_lower_bound": 3.0170980166927714, "errors": []}
{"seed": 621313, "strategy": "compact_joint_continuation", "successful": true, "virtual_time_s": 1817.361619, "common_lower_bound_s": 295.968913082434, "time_over_lower_bound": 6.140380082734648, "penalized_time_over_lower_bound": 6.140380082734648, "errors": []}
{"seed": 621314, "strategy": "compact_joint_probe", "successful": true, "virtual_time_s": 7179.73766, "common_lower_bound_s": 1965.796018542933, "time_over_lower_bound": 3.6523309602192042, "penalized_time_over_lower_bound": 3.6523309602192042, "errors": []}
{"seed": 621315, "strategy": "compact_baseline", "successful": true, "virtual_time_s": 8536.155666, "common_lower_bound_s": 1911.7856584650594, "time_over_lower_bound": 4.465017104926677, "penalized_time_over_lower_bound": 4.465017104926677, "errors": []}
{"seed": 621315, "strategy": "compact_clear_before_probe", "successful": true, "virtual_time_s": 8234.89665, "common_lower_bound_s": 1911.7856584650594, "time_over_lower_bound": 4.307437192834505, "penalized_time_over_lower_bound": 4.307437192834505, "errors": []}
{"seed": 621314, "strategy": "compact_joint_continuation", "successful": true, "virtual_time_s": 7179.73766, "common_lower_bound_s": 1965.796018542933, "time_over_lower_bound": 3.6523309602192042, "penalized_time_over_lower_bound": 3.6523309602192042, "errors": []}
{"seed": 621316, "strategy": "compact_baseline", "successful": true, "virtual_time_s": 7421.748131, "common_lower_bound_s": 2101.2423891664275, "time_over_lower_bound": 3.5320761513593117, "penalized_time_over_lower_bound": 3.5320761513593117, "errors": []}
{"seed": 621315, "strategy": "compact_joint_probe", "successful": true, "virtual_time_s": 7323.985065, "common_lower_bound_s": 1911.7856584650594, "time_over_lower_bound": 3.830965585797052, "penalized_time_over_lower_bound": 3.830965585797052, "errors": []}
{"seed": 621316, "strategy": "compact_clear_before_probe", "successful": true, "virtual_time_s": 7242.748131, "common_lower_bound_s": 2101.2423891664275, "time_over_lower_bound": 3.446888454345922, "penalized_time_over_lower_bound": 3.446888454345922, "errors": []}
{"seed": 621316, "strategy": "compact_joint_probe", "successful": true, "virtual_time_s": 6983.532481, "common_lower_bound_s": 2101.2423891664275, "time_over_lower_bound": 3.3235254138245325, "penalized_time_over_lower_bound": 3.3235254138245325, "errors": []}
{"seed": 621315, "strategy": "compact_joint_continuation", "successful": true, "virtual_time_s": 7080.790367, "common_lower_bound_s": 1911.7856584650594, "time_over_lower_bound": 3.7037574456359543, "penalized_time_over_lower_bound": 3.7037574456359543, "errors": []}
{"seed": 621317, "strategy": "compact_baseline", "successful": true, "virtual_time_s": 6508.211466, "common_lower_bound_s": 681.0000044444444, "time_over_lower_bound": 9.556844968465688, "penalized_time_over_lower_bound": 9.556844968465688, "errors": []}
{"seed": 621316, "strategy": "compact_joint_continuation", "successful": true, "virtual_time_s": 6993.757533, "common_lower_bound_s": 2101.2423891664275, "time_over_lower_bound": 3.3283916072978403, "penalized_time_over_lower_bound": 3.3283916072978403, "errors": []}
{"seed": 621317, "strategy": "compact_clear_before_probe", "successful": true, "virtual_time_s": 6068.55821, "common_lower_bound_s": 681.0000044444444, "time_over_lower_bound": 8.911245477818598, "penalized_time_over_lower_bound": 8.911245477818598, "errors": []}
{"seed": 621317, "strategy": "compact_joint_probe", "successful": true, "virtual_time_s": 6151.639941, "common_lower_bound_s": 681.0000044444444, "time_over_lower_bound": 9.033245082015045, "penalized_time_over_lower_bound": 9.033245082015045, "errors": []}
{"seed": 621318, "strategy": "compact_baseline", "successful": true, "virtual_time_s": 7878.257753, "common_lower_bound_s": 2101.5573041204852, "time_over_lower_bound": 3.748771321892219, "penalized_time_over_lower_bound": 3.748771321892219, "errors": []}
{"seed": 621318, "strategy": "compact_clear_before_probe", "successful": true, "virtual_time_s": 7588.782963, "common_lower_bound_s": 2101.5573041204852, "time_over_lower_bound": 3.611028330334277, "penalized_time_over_lower_bound": 3.611028330334277, "errors": []}
{"seed": 621317, "strategy": "compact_joint_continuation", "successful": true, "virtual_time_s": 6116.551339, "common_lower_bound_s": 681.0000044444444, "time_over_lower_bound": 8.981719969282299, "penalized_time_over_lower_bound": 8.981719969282299, "errors": []}
{"seed": 621318, "strategy": "compact_joint_probe", "successful": true, "virtual_time_s": 7405.381005, "common_lower_bound_s": 2101.5573041204852, "time_over_lower_bound": 3.5237587813953035, "penalized_time_over_lower_bound": 3.5237587813953035, "errors": []}
{"seed": 621319, "strategy": "compact_baseline", "successful": true, "virtual_time_s": 8067.654463, "common_lower_bound_s": 2777.712956832119, "time_over_lower_bound": 2.9044233829693002, "penalized_time_over_lower_bound": 2.9044233829693002, "errors": []}
{"seed": 621319, "strategy": "compact_clear_before_probe", "successful": true, "virtual_time_s": 7635.654463, "common_lower_bound_s": 2777.712956832119, "time_over_lower_bound": 2.748899753741361, "penalized_time_over_lower_bound": 2.748899753741361, "errors": []}
{"seed": 621319, "strategy": "compact_joint_probe", "successful": true, "virtual_time_s": 8479.119614, "common_lower_bound_s": 2777.712956832119, "time_over_lower_bound": 3.0525542940441652, "penalized_time_over_lower_bound": 3.0525542940441652, "errors": []}
{"seed": 621318, "strategy": "compact_joint_continuation", "successful": true, "virtual_time_s": 7390.339805, "common_lower_bound_s": 2101.5573041204852, "time_over_lower_bound": 3.5166016127706317, "penalized_time_over_lower_bound": 3.5166016127706317, "errors": []}
{"seed": 621320, "strategy": "compact_baseline", "successful": true, "virtual_time_s": 6913.374518, "common_lower_bound_s": 720.9391802887571, "time_over_lower_bound": 9.589400475128834, "penalized_time_over_lower_bound": 9.589400475128834, "errors": []}
{"seed": 621320, "strategy": "compact_clear_before_probe", "successful": true, "virtual_time_s": 6465.065538, "common_lower_bound_s": 720.9391802887571, "time_over_lower_bound": 8.96756025301684, "penalized_time_over_lower_bound": 8.96756025301684, "errors": []}
{"seed": 621320, "strategy": "compact_joint_probe", "successful": true, "virtual_time_s": 6465.065538, "common_lower_bound_s": 720.9391802887571, "time_over_lower_bound": 8.96756025301684, "penalized_time_over_lower_bound": 8.96756025301684, "errors": []}
{"seed": 621320, "strategy": "compact_joint_continuation", "successful": true, "virtual_time_s": 6392.591016, "common_lower_bound_s": 720.9391802887571, "time_over_lower_bound": 8.867032325028557, "penalized_time_over_lower_bound": 8.867032325028557, "errors": []}
{"seed": 621321, "strategy": "compact_baseline", "successful": true, "virtual_time_s": 6188.319998, "common_lower_bound_s": 2214.6239365544907, "time_over_lower_bound": 2.794298343775594, "penalized_time_over_lower_bound": 2.794298343775594, "errors": []}
{"seed": 621321, "strategy": "compact_clear_before_probe", "successful": true, "virtual_time_s": 5800.319998, "common_lower_bound_s": 2214.6239365544907, "time_over_lower_bound": 2.619099298196935, "penalized_time_over_lower_bound": 2.619099298196935, "errors": []}
{"seed": 621321, "strategy": "compact_joint_probe", "successful": true, "virtual_time_s": 5800.319998, "common_lower_bound_s": 2214.6239365544907, "time_over_lower_bound": 2.619099298196935, "penalized_time_over_lower_bound": 2.619099298196935, "errors": []}
{"seed": 621322, "strategy": "compact_baseline", "successful": true, "virtual_time_s": 7940.733693, "common_lower_bound_s": 2221.002441393463, "time_over_lower_bound": 3.5752926448914493, "penalized_time_over_lower_bound": 3.5752926448914493, "errors": []}
{"seed": 621319, "strategy": "compact_joint_continuation", "successful": true, "virtual_time_s": 7336.947124, "common_lower_bound_s": 2777.712956832119, "time_over_lower_bound": 2.6413626022638144, "penalized_time_over_lower_bound": 2.6413626022638144, "errors": []}
{"seed": 621321, "strategy": "compact_joint_continuation", "successful": true, "virtual_time_s": 5800.319998, "common_lower_bound_s": 2214.6239365544907, "time_over_lower_bound": 2.619099298196935, "penalized_time_over_lower_bound": 2.619099298196935, "errors": []}
{"seed": 621322, "strategy": "compact_clear_before_probe", "successful": true, "virtual_time_s": 7575.733693, "common_lower_bound_s": 2221.002441393463, "time_over_lower_bound": 3.410952438326436, "penalized_time_over_lower_bound": 3.410952438326436, "errors": []}
{"seed": 621323, "strategy": "compact_baseline", "successful": true, "virtual_time_s": 9368.622839, "common_lower_bound_s": 2097.6556099957133, "time_over_lower_bound": 4.466234969342343, "penalized_time_over_lower_bound": 4.466234969342343, "errors": []}
{"seed": 621322, "strategy": "compact_joint_probe", "successful": true, "virtual_time_s": 7228.62185, "common_lower_bound_s": 2221.002441393463, "time_over_lower_bound": 3.2546663233133337, "penalized_time_over_lower_bound": 3.2546663233133337, "errors": []}
{"seed": 621323, "strategy": "compact_clear_before_probe", "successful": true, "virtual_time_s": 8933.007014, "common_lower_bound_s": 2097.6556099957133, "time_over_lower_bound": 4.258567026652319, "penalized_time_over_lower_bound": 4.258567026652319, "errors": []}
{"seed": 621322, "strategy": "compact_joint_continuation", "successful": true, "virtual_time_s": 7095.753309, "common_lower_bound_s": 2221.002441393463, "time_over_lower_bound": 3.1948426425628353, "penalized_time_over_lower_bound": 3.1948426425628353, "errors": []}
{"seed": 621323, "strategy": "compact_joint_probe", "successful": true, "virtual_time_s": 7976.825545, "common_lower_bound_s": 2097.6556099957133, "time_over_lower_bound": 3.802733636059687, "penalized_time_over_lower_bound": 3.802733636059687, "errors": []}
{"seed": 621324, "strategy": "compact_baseline", "successful": true, "virtual_time_s": 9181.8142, "common_lower_bound_s": 726.0000044444444, "time_over_lower_bound": 12.647126919821693, "penalized_time_over_lower_bound": 12.647126919821693, "errors": []}
{"seed": 621324, "strategy": "compact_clear_before_probe", "successful": true, "virtual_time_s": 8808.958889, "common_lower_bound_s": 726.0000044444444, "time_over_lower_bound": 12.133552114425761, "penalized_time_over_lower_bound": 12.133552114425761, "errors": []}
{"seed": 621323, "strategy": "compact_joint_continuation", "successful": true, "virtual_time_s": 7873.264828, "common_lower_bound_s": 2097.6556099957133, "time_over_lower_bound": 3.753363893711842, "penalized_time_over_lower_bound": 3.753363893711842, "errors": []}
{"seed": 621324, "strategy": "compact_joint_probe", "successful": true, "virtual_time_s": 6534.691849, "common_lower_bound_s": 726.0000044444444, "time_over_lower_bound": 9.000952904952845, "penalized_time_over_lower_bound": 9.000952904952845, "errors": []}
{"seed": 621325, "strategy": "compact_baseline", "successful": true, "virtual_time_s": 7675.887645, "common_lower_bound_s": 1810.2131379299226, "time_over_lower_bound": 4.240322580896632, "penalized_time_over_lower_bound": 4.240322580896632, "errors": []}
{"seed": 621325, "strategy": "compact_clear_before_probe", "successful": true, "virtual_time_s": 7081.027814, "common_lower_bound_s": 1810.2131379299226, "time_over_lower_bound": 3.911709436656471, "penalized_time_over_lower_bound": 3.911709436656471, "errors": []}
{"seed": 621324, "strategy": "compact_joint_continuation", "successful": true, "virtual_time_s": 6534.894557, "common_lower_bound_s": 726.0000044444444, "time_over_lower_bound": 9.001232117072348, "penalized_time_over_lower_bound": 9.001232117072348, "errors": []}
{"seed": 621325, "strategy": "compact_joint_probe", "successful": true, "virtual_time_s": 7038.153078, "common_lower_bound_s": 1810.2131379299226, "time_over_lower_bound": 3.88802452624364, "penalized_time_over_lower_bound": 3.88802452624364, "errors": []}
{"seed": 621325, "strategy": "compact_joint_continuation", "successful": true, "virtual_time_s": 7038.153078, "common_lower_bound_s": 1810.2131379299226, "time_over_lower_bound": 3.88802452624364, "penalized_time_over_lower_bound": 3.88802452624364, "errors": []}
{"seed": 621326, "strategy": "compact_baseline", "successful": true, "virtual_time_s": 15052.2276, "common_lower_bound_s": 2422.838423580975, "time_over_lower_bound": 6.2126419382736575, "penalized_time_over_lower_bound": 6.2126419382736575, "errors": []}
{"seed": 621326, "strategy": "compact_clear_before_probe", "successful": true, "virtual_time_s": 14414.126925, "common_lower_bound_s": 2422.838423580975, "time_over_lower_bound": 5.949272879573952, "penalized_time_over_lower_bound": 5.949272879573952, "errors": []}
{"seed": 621326, "strategy": "compact_joint_probe", "successful": true, "virtual_time_s": 10989.581974, "common_lower_bound_s": 2422.838423580975, "time_over_lower_bound": 4.535829491162398, "penalized_time_over_lower_bound": 4.535829491162398, "errors": []}
{"seed": 621327, "strategy": "compact_baseline", "successful": true, "virtual_time_s": 5830.361337, "common_lower_bound_s": 295.9536924876673, "time_over_lower_bound": 19.700248670636057, "penalized_time_over_lower_bound": 19.700248670636057, "errors": []}
{"seed": 621327, "strategy": "compact_clear_before_probe", "successful": true, "virtual_time_s": 1689.966938, "common_lower_bound_s": 295.9536924876673, "time_over_lower_bound": 5.710241098175934, "penalized_time_over_lower_bound": 5.710241098175934, "errors": []}
{"seed": 621327, "strategy": "compact_joint_probe", "successful": true, "virtual_time_s": 1689.966938, "common_lower_bound_s": 295.9536924876673, "time_over_lower_bound": 5.710241098175934, "penalized_time_over_lower_bound": 5.710241098175934, "errors": []}
{"seed": 621328, "strategy": "compact_baseline", "successful": true, "virtual_time_s": 7105.687281, "common_lower_bound_s": 2192.843597457617, "time_over_lower_bound": 3.240398580746176, "penalized_time_over_lower_bound": 3.240398580746176, "errors": []}
{"seed": 621328, "strategy": "compact_clear_before_probe", "successful": true, "virtual_time_s": 6832.07258, "common_lower_bound_s": 2192.843597457617, "time_over_lower_bound": 3.115622376315897, "penalized_time_over_lower_bound": 3.115622376315897, "errors": []}
{"seed": 621327, "strategy": "compact_joint_continuation", "successful": true, "virtual_time_s": 1582.519185, "common_lower_bound_s": 295.9536924876673, "time_over_lower_bound": 5.347185134599885, "penalized_time_over_lower_bound": 5.347185134599885, "errors": []}
{"seed": 621328, "strategy": "compact_joint_probe", "successful": true, "virtual_time_s": 6711.132971, "common_lower_bound_s": 2192.843597457617, "time_over_lower_bound": 3.06047042241448, "penalized_time_over_lower_bound": 3.06047042241448, "errors": []}
{"seed": 621328, "strategy": "compact_joint_continuation", "successful": true, "virtual_time_s": 6711.132971, "common_lower_bound_s": 2192.843597457617, "time_over_lower_bound": 3.06047042241448, "penalized_time_over_lower_bound": 3.06047042241448, "errors": []}
{"seed": 621329, "strategy": "compact_baseline", "successful": true, "virtual_time_s": 7853.935879, "common_lower_bound_s": 2131.909552805405, "time_over_lower_bound": 3.683991128359509, "penalized_time_over_lower_bound": 3.683991128359509, "errors": []}
{"seed": 621329, "strategy": "compact_clear_before_probe", "successful": true, "virtual_time_s": 7518.235156, "common_lower_bound_s": 2131.909552805405, "time_over_lower_bound": 3.526526322895202, "penalized_time_over_lower_bound": 3.526526322895202, "errors": []}
{"seed": 621329, "strategy": "compact_joint_probe", "successful": true, "virtual_time_s": 7488.269491, "common_lower_bound_s": 2131.909552805405, "time_over_lower_bound": 3.5124705366351483, "penalized_time_over_lower_bound": 3.5124705366351483, "errors": []}
{"seed": 621330, "strategy": "compact_baseline", "successful": true, "virtual_time_s": 6826.880848, "common_lower_bound_s": 2236.3624700331466, "time_over_lower_bound": 3.052671889945825, "penalized_time_over_lower_bound": 3.052671889945825, "errors": []}
{"seed": 621330, "strategy": "compact_clear_before_probe", "successful": true, "virtual_time_s": 6486.132922, "common_lower_bound_s": 2236.3624700331466, "time_over_lower_bound": 2.9003048517013723, "penalized_time_over_lower_bound": 2.9003048517013723, "errors": []}
{"seed": 621330, "strategy": "compact_joint_probe", "successful": true, "virtual_time_s": 6486.132922, "common_lower_bound_s": 2236.3624700331466, "time_over_lower_bound": 2.9003048517013723, "penalized_time_over_lower_bound": 2.9003048517013723, "errors": []}
{"seed": 621330, "strategy": "compact_joint_continuation", "successful": true, "virtual_time_s": 6463.473439, "common_lower_bound_s": 2236.3624700331466, "time_over_lower_bound": 2.890172557270737, "penalized_time_over_lower_bound": 2.890172557270737, "errors": []}
{"seed": 621329, "strategy": "compact_joint_continuation", "successful": true, "virtual_time_s": 7256.359549, "common_lower_bound_s": 2131.909552805405, "time_over_lower_bound": 3.4036901516066997, "penalized_time_over_lower_bound": 3.4036901516066997, "errors": []}
{"seed": 621331, "strategy": "compact_baseline", "successful": true, "virtual_time_s": 6264.307823, "common_lower_bound_s": 681.0000044444444, "time_over_lower_bound": 9.198689841581402, "penalized_time_over_lower_bound": 9.198689841581402, "errors": []}
{"seed": 621331, "strategy": "compact_clear_before_probe", "successful": true, "virtual_time_s": 5762.355275, "common_lower_bound_s": 681.0000044444444, "time_over_lower_bound": 8.461608278109916, "penalized_time_over_lower_bound": 8.461608278109916, "errors": []}
{"seed": 621331, "strategy": "compact_joint_continuation", "successful": true, "virtual_time_s": 5762.355275, "common_lower_bound_s": 681.0000044444444, "time_over_lower_bound": 8.461608278109916, "penalized_time_over_lower_bound": 8.461608278109916, "errors": []}
{"seed": 621331, "strategy": "compact_joint_probe", "successful": true, "virtual_time_s": 5762.355275, "common_lower_bound_s": 681.0000044444444, "time_over_lower_bound": 8.461608278109916, "penalized_time_over_lower_bound": 8.461608278109916, "errors": []}
{"seed": 621332, "strategy": "compact_baseline", "successful": true, "virtual_time_s": 7896.84064, "common_lower_bound_s": 1857.5592979970713, "time_over_lower_bound": 4.251191683902007, "penalized_time_over_lower_bound": 4.251191683902007, "errors": []}
{"seed": 621332, "strategy": "compact_clear_before_probe", "successful": true, "virtual_time_s": 7267.132427, "common_lower_bound_s": 1857.5592979970713, "time_over_lower_bound": 3.912194046691185, "penalized_time_over_lower_bound": 3.912194046691185, "errors": []}
{"seed": 621332, "strategy": "compact_joint_probe", "successful": true, "virtual_time_s": 6942.483918, "common_lower_bound_s": 1857.5592979970713, "time_over_lower_bound": 3.737422501389749, "penalized_time_over_lower_bound": 3.737422501389749, "errors": []}
{"seed": 621333, "strategy": "compact_baseline", "successful": true, "virtual_time_s": 12869.808979, "common_lower_bound_s": 2836.2988774316836, "time_over_lower_bound": 4.53753625240434, "penalized_time_over_lower_bound": 4.53753625240434, "errors": []}
{"seed": 621332, "strategy": "compact_joint_continuation", "successful": true, "virtual_time_s": 6825.035959, "common_lower_bound_s": 1857.5592979970713, "time_over_lower_bound": 3.6741954705613713, "penalized_time_over_lower_bound": 3.6741954705613713, "errors": []}
{"seed": 621333, "strategy": "compact_clear_before_probe", "successful": true, "virtual_time_s": 12519.906883, "common_lower_bound_s": 2836.2988774316836, "time_over_lower_bound": 4.414170517296466, "penalized_time_over_lower_bound": 4.414170517296466, "errors": []}
{"seed": 621333, "strategy": "compact_joint_probe", "successful": true, "virtual_time_s": 10276.326612, "common_lower_bound_s": 2836.2988774316836, "time_over_lower_bound": 3.623146592119864, "penalized_time_over_lower_bound": 3.623146592119864, "errors": []}
{"seed": 621334, "strategy": "compact_baseline", "successful": true, "virtual_time_s": 7927.057673, "common_lower_bound_s": 540.9676733764061, "time_over_lower_bound": 14.653477579397507, "penalized_time_over_lower_bound": 14.653477579397507, "errors": []}
{"seed": 621326, "strategy": "compact_joint_continuation", "successful": true, "virtual_time_s": 9896.283757, "common_lower_bound_s": 2422.838423580975, "time_over_lower_bound": 4.084582636911136, "penalized_time_over_lower_bound": 4.084582636911136, "errors": []}
{"seed": 621334, "strategy": "compact_clear_before_probe", "successful": true, "virtual_time_s": 7161.040958, "common_lower_bound_s": 540.9676733764061, "time_over_lower_bound": 13.237465583303601, "penalized_time_over_lower_bound": 13.237465583303601, "errors": []}
{"seed": 621334, "strategy": "compact_joint_probe", "successful": true, "virtual_time_s": 5620.843748, "common_lower_bound_s": 540.9676733764061, "time_over_lower_bound": 10.390350523013616, "penalized_time_over_lower_bound": 10.390350523013616, "errors": []}
{"seed": 621335, "strategy": "compact_baseline", "successful": true, "virtual_time_s": 6986.210725, "common_lower_bound_s": 1874.3674696624264, "time_over_lower_bound": 3.7272364347308145, "penalized_time_over_lower_bound": 3.7272364347308145, "errors": []}
{"seed": 621334, "strategy": "compact_joint_continuation", "successful": true, "virtual_time_s": 5570.498022, "common_lower_bound_s": 540.9676733764061, "time_over_lower_bound": 10.29728447031259, "penalized_time_over_lower_bound": 10.29728447031259, "errors": []}
{"seed": 621335, "strategy": "compact_clear_before_probe", "successful": true, "virtual_time_s": 6684.92019, "common_lower_bound_s": 1874.3674696624264, "time_over_lower_bound": 3.5664939229893666, "penalized_time_over_lower_bound": 3.5664939229893666, "errors": []}
{"seed": 621335, "strategy": "compact_joint_probe", "successful": true, "virtual_time_s": 6684.92019, "common_lower_bound_s": 1874.3674696624264, "time_over_lower_bound": 3.5664939229893666, "penalized_time_over_lower_bound": 3.5664939229893666, "errors": []}
{"seed": 621335, "strategy": "compact_joint_continuation", "successful": true, "virtual_time_s": 6684.92019, "common_lower_bound_s": 1874.3674696624264, "time_over_lower_bound": 3.5664939229893666, "penalized_time_over_lower_bound": 3.5664939229893666, "errors": []}
{"seed": 621336, "strategy": "compact_baseline", "successful": true, "virtual_time_s": 7938.765555, "common_lower_bound_s": 2166.6799114221435, "time_over_lower_bound": 3.66402324272681, "penalized_time_over_lower_bound": 3.66402324272681, "errors": []}
{"seed": 621336, "strategy": "compact_clear_before_probe", "successful": true, "virtual_time_s": 7440.5336, "common_lower_bound_s": 2166.6799114221435, "time_over_lower_bound": 3.434071438413927, "penalized_time_over_lower_bound": 3.434071438413927, "errors": []}
{"seed": 621336, "strategy": "compact_joint_probe", "successful": true, "virtual_time_s": 6852.13039, "common_lower_bound_s": 2166.6799114221435, "time_over_lower_bound": 3.1625023861980925, "penalized_time_over_lower_bound": 3.1625023861980925, "errors": []}
{"seed": 621337, "strategy": "compact_baseline", "successful": true, "virtual_time_s": 7893.101112, "common_lower_bound_s": 2212.506406672719, "time_over_lower_bound": 3.567492997170594, "penalized_time_over_lower_bound": 3.567492997170594, "errors": []}
{"seed": 621336, "strategy": "compact_joint_continuation", "successful": true, "virtual_time_s": 6852.13039, "common_lower_bound_s": 2166.6799114221435, "time_over_lower_bound": 3.1625023861980925, "penalized_time_over_lower_bound": 3.1625023861980925, "errors": []}
{"seed": 621337, "strategy": "compact_clear_before_probe", "successful": true, "virtual_time_s": 7632.101112, "common_lower_bound_s": 2212.506406672719, "time_over_lower_bound": 3.4495272370657433, "penalized_time_over_lower_bound": 3.4495272370657433, "errors": []}
{"seed": 621337, "strategy": "compact_joint_probe", "successful": true, "virtual_time_s": 7266.211108, "common_lower_bound_s": 2212.506406672719, "time_over_lower_bound": 3.284153702825793, "penalized_time_over_lower_bound": 3.284153702825793, "errors": []}
{"seed": 621337, "strategy": "compact_joint_continuation", "successful": true, "virtual_time_s": 7258.041683, "common_lower_bound_s": 2212.506406672719, "time_over_lower_bound": 3.2804613180374997, "penalized_time_over_lower_bound": 3.2804613180374997, "errors": []}
{"seed": 621333, "strategy": "compact_joint_continuation", "successful": true, "virtual_time_s": 8748.961004, "common_lower_bound_s": 2836.2988774316836, "time_over_lower_bound": 3.084640012240999, "penalized_time_over_lower_bound": 3.084640012240999, "errors": []}
{"seed": 621338, "strategy": "compact_baseline", "successful": true, "virtual_time_s": 5671.265907, "common_lower_bound_s": 256.00000444444436, "time_over_lower_bound": 22.15338206461143, "penalized_time_over_lower_bound": 22.15338206461143, "errors": []}
{"seed": 621338, "strategy": "compact_clear_before_probe", "successful": true, "virtual_time_s": 2614.533659, "common_lower_bound_s": 256.00000444444436, "time_over_lower_bound": 10.213021928159346, "penalized_time_over_lower_bound": 10.213021928159346, "errors": []}
{"seed": 621339, "strategy": "compact_baseline", "successful": true, "virtual_time_s": 7115.4095, "common_lower_bound_s": 1679.066218927267, "time_over_lower_bound": 4.237718214917062, "penalized_time_over_lower_bound": 4.237718214917062, "errors": []}
{"seed": 621339, "strategy": "compact_clear_before_probe", "successful": true, "virtual_time_s": 6904.4095, "common_lower_bound_s": 1679.066218927267, "time_over_lower_bound": 4.112053129394226, "penalized_time_over_lower_bound": 4.112053129394226, "errors": []}
{"seed": 621339, "strategy": "compact_joint_probe", "successful": true, "virtual_time_s": 6592.420508, "common_lower_bound_s": 1679.066218927267, "time_over_lower_bound": 3.926242118200561, "penalized_time_over_lower_bound": 3.926242118200561, "errors": []}
{"seed": 621338, "strategy": "compact_joint_probe", "successful": true, "virtual_time_s": 2614.533659, "common_lower_bound_s": 256.00000444444436, "time_over_lower_bound": 10.213021928159346, "penalized_time_over_lower_bound": 10.213021928159346, "errors": []}
{"seed": 621339, "strategy": "compact_joint_continuation", "successful": true, "virtual_time_s": 6496.157342, "common_lower_bound_s": 1679.066218927267, "time_over_lower_bound": 3.8689107485887653, "penalized_time_over_lower_bound": 3.8689107485887653, "errors": []}
{"seed": 621340, "strategy": "compact_baseline", "successful": true, "virtual_time_s": 11198.674332, "common_lower_bound_s": 2742.552467925641, "time_over_lower_bound": 4.083303587796166, "penalized_time_over_lower_bound": 4.083303587796166, "errors": []}
{"seed": 621340, "strategy": "compact_clear_before_probe", "successful": true, "virtual_time_s": 10812.397813, "common_lower_bound_s": 2742.552467925641, "time_over_lower_bound": 3.942457961862831, "penalized_time_over_lower_bound": 3.942457961862831, "errors": []}
{"seed": 621340, "strategy": "compact_joint_probe", "successful": true, "virtual_time_s": 10034.505495, "common_lower_bound_s": 2742.552467925641, "time_over_lower_bound": 3.658819881243587, "penalized_time_over_lower_bound": 3.658819881243587, "errors": []}
{"seed": 621341, "strategy": "compact_baseline", "successful": true, "virtual_time_s": 6750.767544, "common_lower_bound_s": 585.9322345703997, "time_over_lower_bound": 11.52141347702026, "penalized_time_over_lower_bound": 11.52141347702026, "errors": []}
{"seed": 621338, "strategy": "compact_joint_continuation", "successful": true, "virtual_time_s": 2167.521749, "common_lower_bound_s": 256.00000444444436, "time_over_lower_bound": 8.466881685036778, "penalized_time_over_lower_bound": 8.466881685036778, "errors": []}
{"seed": 621341, "strategy": "compact_clear_before_probe", "successful": true, "virtual_time_s": 6245.151816, "common_lower_bound_s": 585.9322345703997, "time_over_lower_bound": 10.658488213366327, "penalized_time_over_lower_bound": 10.658488213366327, "errors": []}
{"seed": 621341, "strategy": "compact_joint_probe", "successful": true, "virtual_time_s": 6015.133826, "common_lower_bound_s": 585.9322345703997, "time_over_lower_bound": 10.265920649356735, "penalized_time_over_lower_bound": 10.265920649356735, "errors": []}
{"seed": 621341, "strategy": "compact_joint_continuation", "successful": true, "virtual_time_s": 5905.396534, "common_lower_bound_s": 585.9322345703997, "time_over_lower_bound": 10.078633987989727, "penalized_time_over_lower_bound": 10.078633987989727, "errors": []}
{"seed": 621342, "strategy": "compact_baseline", "successful": true, "virtual_time_s": 7849.386927, "common_lower_bound_s": 2012.628753079102, "time_over_lower_bound": 3.9000669721086396, "penalized_time_over_lower_bound": 3.9000669721086396, "errors": []}
{"seed": 621342, "strategy": "compact_clear_before_probe", "successful": true, "virtual_time_s": 4650.998267, "common_lower_bound_s": 2012.628753079102, "time_over_lower_bound": 2.310907195320787, "penalized_time_over_lower_bound": 2.310907195320787, "errors": []}
{"seed": 621342, "strategy": "compact_joint_probe", "successful": true, "virtual_time_s": 4650.998267, "common_lower_bound_s": 2012.628753079102, "time_over_lower_bound": 2.310907195320787, "penalized_time_over_lower_bound": 2.310907195320787, "errors": []}
{"seed": 621343, "strategy": "compact_baseline", "successful": true, "virtual_time_s": 9479.173707, "common_lower_bound_s": 2160.432565322095, "time_over_lower_bound": 4.3876276719550225, "penalized_time_over_lower_bound": 4.3876276719550225, "errors": []}
{"seed": 621342, "strategy": "compact_joint_continuation", "successful": true, "virtual_time_s": 4650.998267, "common_lower_bound_s": 2012.628753079102, "time_over_lower_bound": 2.310907195320787, "penalized_time_over_lower_bound": 2.310907195320787, "errors": []}
{"seed": 621343, "strategy": "compact_clear_before_probe", "successful": true, "virtual_time_s": 8975.691418, "common_lower_bound_s": 2160.432565322095, "time_over_lower_bound": 4.154580690030393, "penalized_time_over_lower_bound": 4.154580690030393, "errors": []}
{"seed": 621343, "strategy": "compact_joint_probe", "successful": true, "virtual_time_s": 7125.152023, "common_lower_bound_s": 2160.432565322095, "time_over_lower_bound": 3.298021024756088, "penalized_time_over_lower_bound": 3.298021024756088, "errors": []}
{"seed": 621344, "strategy": "compact_baseline", "successful": true, "virtual_time_s": 8510.670666, "common_lower_bound_s": 2257.8130911618728, "time_over_lower_bound": 3.7694310035293492, "penalized_time_over_lower_bound": 3.7694310035293492, "errors": []}
{"seed": 621344, "strategy": "compact_clear_before_probe", "successful": true, "virtual_time_s": 7932.14104, "common_lower_bound_s": 2257.8130911618728, "time_over_lower_bound": 3.513196495781727, "penalized_time_over_lower_bound": 3.513196495781727, "errors": []}
{"seed": 621340, "strategy": "compact_joint_continuation", "successful": true, "virtual_time_s": 8957.039679, "common_lower_bound_s": 2742.552467925641, "time_over_lower_bound": 3.2659501627601504, "penalized_time_over_lower_bound": 3.2659501627601504, "errors": []}
{"seed": 621343, "strategy": "compact_joint_continuation", "successful": true, "virtual_time_s": 6997.01408, "common_lower_bound_s": 2160.432565322095, "time_over_lower_bound": 3.2387097807687546, "penalized_time_over_lower_bound": 3.2387097807687546, "errors": []}
{"seed": 621344, "strategy": "compact_joint_probe", "successful": true, "virtual_time_s": 7690.208624, "common_lower_bound_s": 2257.8130911618728, "time_over_lower_bound": 3.406043066232117, "penalized_time_over_lower_bound": 3.406043066232117, "errors": []}
{"seed": 621345, "strategy": "compact_baseline", "successful": true, "virtual_time_s": 8109.323262, "common_lower_bound_s": 591.0000044444444, "time_over_lower_bound": 13.721359054172899, "penalized_time_over_lower_bound": 13.721359054172899, "errors": []}
{"seed": 621345, "strategy": "compact_clear_before_probe", "successful": true, "virtual_time_s": 7572.325572, "common_lower_bound_s": 591.0000044444444, "time_over_lower_bound": 12.81273352801103, "penalized_time_over_lower_bound": 12.81273352801103, "errors": []}
{"seed": 621344, "strategy": "compact_joint_continuation", "successful": true, "virtual_time_s": 7269.354432, "common_lower_bound_s": 2257.8130911618728, "time_over_lower_bound": 3.219644026538611, "penalized_time_over_lower_bound": 3.219644026538611, "errors": []}
{"seed": 621346, "strategy": "compact_baseline", "successful": true, "virtual_time_s": 7817.871271, "common_lower_bound_s": 2309.08076696965, "time_over_lower_bound": 3.385707153613287, "penalized_time_over_lower_bound": 3.385707153613287, "errors": []}
{"seed": 621346, "strategy": "compact_clear_before_probe", "successful": true, "virtual_time_s": 7230.229142, "common_lower_bound_s": 2309.08076696965, "time_over_lower_bound": 3.131215350032419, "penalized_time_over_lower_bound": 3.131215350032419, "errors": []}
{"seed": 621345, "strategy": "compact_joint_probe", "successful": true, "virtual_time_s": 6797.628337, "common_lower_bound_s": 591.0000044444444, "time_over_lower_bound": 11.501909113164814, "penalized_time_over_lower_bound": 11.501909113164814, "errors": []}
{"seed": 621346, "strategy": "compact_joint_probe", "successful": true, "virtual_time_s": 7226.05556, "common_lower_bound_s": 2309.08076696965, "time_over_lower_bound": 3.129407885321916, "penalized_time_over_lower_bound": 3.129407885321916, "errors": []}
{"seed": 621346, "strategy": "compact_joint_continuation", "successful": true, "virtual_time_s": 7208.32797, "common_lower_bound_s": 2309.08076696965, "time_over_lower_bound": 3.1217305488451736, "penalized_time_over_lower_bound": 3.1217305488451736, "errors": []}
{"seed": 621345, "strategy": "compact_joint_continuation", "successful": true, "virtual_time_s": 6486.68654, "common_lower_bound_s": 591.0000044444444, "time_over_lower_bound": 10.97578086500635, "penalized_time_over_lower_bound": 10.97578086500635, "errors": []}
{"seed": 621347, "strategy": "compact_baseline", "successful": true, "virtual_time_s": 19114.569136, "common_lower_bound_s": 2704.6602309454456, "time_over_lower_bound": 7.06727185814326, "penalized_time_over_lower_bound": 7.06727185814326, "errors": []}
{"seed": 621347, "strategy": "compact_clear_before_probe", "successful": true, "virtual_time_s": 18594.569136, "common_lower_bound_s": 2704.6602309454456, "time_over_lower_bound": 6.875011109805851, "penalized_time_over_lower_bound": 6.875011109805851, "errors": []}
{"seed": 621348, "strategy": "compact_baseline", "successful": true, "virtual_time_s": 5708.963842, "common_lower_bound_s": 675.9635532835235, "time_over_lower_bound": 8.445668134425961, "penalized_time_over_lower_bound": 8.445668134425961, "errors": []}
{"seed": 621348, "strategy": "compact_clear_before_probe", "successful": true, "virtual_time_s": 5559.566133, "common_lower_bound_s": 675.9635532835235, "time_over_lower_bound": 8.224653690267997, "penalized_time_over_lower_bound": 8.224653690267997, "errors": []}
{"seed": 621347, "strategy": "compact_joint_probe", "successful": true, "virtual_time_s": 15131.185708, "common_lower_bound_s": 2704.6602309454456, "time_over_lower_bound": 5.594486706639199, "penalized_time_over_lower_bound": 5.594486706639199, "errors": []}
{"seed": 621348, "strategy": "compact_joint_probe", "successful": true, "virtual_time_s": 5547.234467, "common_lower_bound_s": 675.9635532835235, "time_over_lower_bound": 8.206410597219419, "penalized_time_over_lower_bound": 8.206410597219419, "errors": []}
{"seed": 621349, "strategy": "compact_baseline", "successful": true, "virtual_time_s": 7396.580844, "common_lower_bound_s": 2356.6985793060576, "time_over_lower_bound": 3.13853494415818, "penalized_time_over_lower_bound": 3.13853494415818, "errors": []}
{"seed": 621349, "strategy": "compact_clear_before_probe", "successful": true, "virtual_time_s": 7027.965648, "common_lower_bound_s": 2356.6985793060576, "time_over_lower_bound": 2.9821232590845037, "penalized_time_over_lower_bound": 2.9821232590845037, "errors": []}
{"seed": 621348, "strategy": "compact_joint_continuation", "successful": true, "virtual_time_s": 5501.615654, "common_lower_bound_s": 675.9635532835235, "time_over_lower_bound": 8.138923507451922, "penalized_time_over_lower_bound": 8.138923507451922, "errors": []}
{"seed": 621349, "strategy": "compact_joint_probe", "successful": true, "virtual_time_s": 7027.965648, "common_lower_bound_s": 2356.6985793060576, "time_over_lower_bound": 2.9821232590845037, "penalized_time_over_lower_bound": 2.9821232590845037, "errors": []}
{"seed": 621349, "strategy": "compact_joint_continuation", "successful": true, "virtual_time_s": 7027.965648, "common_lower_bound_s": 2356.6985793060576, "time_over_lower_bound": 2.9821232590845037, "penalized_time_over_lower_bound": 2.9821232590845037, "errors": []}
{"seed": 621350, "strategy": "compact_baseline", "successful": true, "virtual_time_s": 6546.133334, "common_lower_bound_s": 1966.1924824244766, "time_over_lower_bound": 3.3293451137235968, "penalized_time_over_lower_bound": 3.3293451137235968, "errors": []}
{"seed": 621350, "strategy": "compact_clear_before_probe", "successful": true, "virtual_time_s": 6351.133334, "common_lower_bound_s": 1966.1924824244766, "time_over_lower_bound": 3.2301686588530396, "penalized_time_over_lower_bound": 3.2301686588530396, "errors": []}
{"seed": 621350, "strategy": "compact_joint_probe", "successful": true, "virtual_time_s": 6351.133334, "common_lower_bound_s": 1966.1924824244766, "time_over_lower_bound": 3.2301686588530396, "penalized_time_over_lower_bound": 3.2301686588530396, "errors": []}
{"seed": 621351, "strategy": "compact_baseline", "successful": true, "virtual_time_s": 5837.66255, "common_lower_bound_s": 1722.5271512241354, "time_over_lower_bound": 3.3890104697922423, "penalized_time_over_lower_bound": 3.3890104697922423, "errors": []}
{"seed": 621350, "strategy": "compact_joint_continuation", "successful": true, "virtual_time_s": 6338.689176, "common_lower_bound_s": 1966.1924824244766, "time_over_lower_bound": 3.2238395948823264, "penalized_time_over_lower_bound": 3.2238395948823264, "errors": []}
{"seed": 621351, "strategy": "compact_clear_before_probe", "successful": true, "virtual_time_s": 5711.66255, "common_lower_bound_s": 1722.5271512241354, "time_over_lower_bound": 3.315862130789019, "penalized_time_over_lower_bound": 3.315862130789019, "errors": []}
{"seed": 621351, "strategy": "compact_joint_probe", "successful": true, "virtual_time_s": 5711.66255, "common_lower_bound_s": 1722.5271512241354, "time_over_lower_bound": 3.315862130789019, "penalized_time_over_lower_bound": 3.315862130789019, "errors": []}
{"seed": 621351, "strategy": "compact_joint_continuation", "successful": true, "virtual_time_s": 5711.66255, "common_lower_bound_s": 1722.5271512241354, "time_over_lower_bound": 3.315862130789019, "penalized_time_over_lower_bound": 3.315862130789019, "errors": []}
{"seed": 621352, "strategy": "compact_baseline", "successful": true, "virtual_time_s": 5934.682249, "common_lower_bound_s": 256.00000444444436, "time_over_lower_bound": 23.18235213268487, "penalized_time_over_lower_bound": 23.18235213268487, "errors": []}
{"seed": 621352, "strategy": "compact_clear_before_probe", "successful": true, "virtual_time_s": 3501.790976, "common_lower_bound_s": 256.00000444444436, "time_over_lower_bound": 13.678870762519608, "penalized_time_over_lower_bound": 13.678870762519608, "errors": []}
{"seed": 621352, "strategy": "compact_joint_probe", "successful": true, "virtual_time_s": 3260.80864, "common_lower_bound_s": 256.00000444444436, "time_over_lower_bound": 12.73753352886227, "penalized_time_over_lower_bound": 12.73753352886227, "errors": []}
{"seed": 621353, "strategy": "compact_baseline", "successful": true, "virtual_time_s": 8769.900748, "common_lower_bound_s": 1996.0501205904654, "time_over_lower_bound": 4.393627523444008, "penalized_time_over_lower_bound": 4.393627523444008, "errors": []}
{"seed": 621352, "strategy": "compact_joint_continuation", "successful": true, "virtual_time_s": 3260.80864, "common_lower_bound_s": 256.00000444444436, "time_over_lower_bound": 12.73753352886227, "penalized_time_over_lower_bound": 12.73753352886227, "errors": []}
{"seed": 621353, "strategy": "compact_clear_before_probe", "successful": true, "virtual_time_s": 8295.408305, "common_lower_bound_s": 1996.0501205904654, "time_over_lower_bound": 4.1559118277781915, "penalized_time_over_lower_bound": 4.1559118277781915, "errors": []}
{"seed": 621353, "strategy": "compact_joint_probe", "successful": true, "virtual_time_s": 8018.379084, "common_lower_bound_s": 1996.0501205904654, "time_over_lower_bound": 4.017123117944568, "penalized_time_over_lower_bound": 4.017123117944568, "errors": []}
{"seed": 621353, "strategy": "compact_joint_continuation", "successful": true, "virtual_time_s": 8004.783305, "common_lower_bound_s": 1996.0501205904654, "time_over_lower_bound": 4.0103117764558185, "penalized_time_over_lower_bound": 4.0103117764558185, "errors": []}
{"seed": 621354, "strategy": "compact_baseline", "successful": true, "virtual_time_s": 9419.45482, "common_lower_bound_s": 2742.5524679256405, "time_over_lower_bound": 3.43455774507917, "penalized_time_over_lower_bound": 3.43455774507917, "errors": []}
{"seed": 621347, "strategy": "compact_joint_continuation", "successful": true, "virtual_time_s": 8007.277689, "common_lower_bound_s": 2704.6602309454456, "time_over_lower_bound": 2.9605484627549545, "penalized_time_over_lower_bound": 2.9605484627549545, "errors": []}
{"seed": 621354, "strategy": "compact_clear_before_probe", "successful": true, "virtual_time_s": 8981.45482, "common_lower_bound_s": 2742.5524679256405, "time_over_lower_bound": 3.274852505116601, "penalized_time_over_lower_bound": 3.274852505116601, "errors": []}
{"seed": 621354, "strategy": "compact_joint_probe", "successful": true, "virtual_time_s": 8264.207769, "common_lower_bound_s": 2742.5524679256405, "time_over_lower_bound": 3.0133271343576973, "penalized_time_over_lower_bound": 3.0133271343576973, "errors": []}
{"seed": 621355, "strategy": "compact_baseline", "successful": true, "virtual_time_s": 7229.078797, "common_lower_bound_s": 765.9661301314084, "time_over_lower_bound": 9.437856992135915, "penalized_time_over_lower_bound": 9.437856992135915, "errors": []}
{"seed": 621355, "strategy": "compact_clear_before_probe", "successful": true, "virtual_time_s": 6853.181145, "common_lower_bound_s": 765.9661301314084, "time_over_lower_bound": 8.947107287660716, "penalized_time_over_lower_bound": 8.947107287660716, "errors": []}
{"seed": 621355, "strategy": "compact_joint_probe", "successful": true, "virtual_time_s": 6399.135639, "common_lower_bound_s": 765.9661301314084, "time_over_lower_bound": 8.354332374856014, "penalized_time_over_lower_bound": 8.354332374856014, "errors": []}
{"seed": 621356, "strategy": "compact_baseline", "successful": true, "virtual_time_s": 7077.842013, "common_lower_bound_s": 1792.4251998982052, "time_over_lower_bound": 3.948751676444832, "penalized_time_over_lower_bound": 3.948751676444832, "errors": []}
{"seed": 621356, "strategy": "compact_clear_before_probe", "successful": true, "virtual_time_s": 6878.518879, "common_lower_bound_s": 1792.4251998982052, "time_over_lower_bound": 3.837548634883421, "penalized_time_over_lower_bound": 3.837548634883421, "errors": []}
{"seed": 621355, "strategy": "compact_joint_continuation", "successful": true, "virtual_time_s": 6234.105003, "common_lower_bound_s": 765.9661301314084, "time_over_lower_bound": 8.13887815369915, "penalized_time_over_lower_bound": 8.13887815369915, "errors": []}
{"seed": 621356, "strategy": "compact_joint_probe", "successful": true, "virtual_time_s": 6878.518879, "common_lower_bound_s": 1792.4251998982052, "time_over_lower_bound": 3.837548634883421, "penalized_time_over_lower_bound": 3.837548634883421, "errors": []}
{"seed": 621356, "strategy": "compact_joint_continuation", "successful": true, "virtual_time_s": 6878.518879, "common_lower_bound_s": 1792.4251998982052, "time_over_lower_bound": 3.837548634883421, "penalized_time_over_lower_bound": 3.837548634883421, "errors": []}
{"seed": 621354, "strategy": "compact_joint_continuation", "successful": true, "virtual_time_s": 8270.549196, "common_lower_bound_s": 2742.5524679256405, "time_over_lower_bound": 3.0156393697931767, "penalized_time_over_lower_bound": 3.0156393697931767, "errors": []}
{"seed": 621357, "strategy": "compact_baseline", "successful": true, "virtual_time_s": 7368.527283, "common_lower_bound_s": 1958.870246931302, "time_over_lower_bound": 3.7616209111059185, "penalized_time_over_lower_bound": 3.7616209111059185, "errors": []}
{"seed": 621357, "strategy": "compact_clear_before_probe", "successful": true, "virtual_time_s": 6965.865076, "common_lower_bound_s": 1958.870246931302, "time_over_lower_bound": 3.556062524770327, "penalized_time_over_lower_bound": 3.556062524770327, "errors": []}
{"seed": 621357, "strategy": "compact_joint_probe", "successful": true, "virtual_time_s": 6583.13461, "common_lower_bound_s": 1958.870246931302, "time_over_lower_bound": 3.360679259033573, "penalized_time_over_lower_bound": 3.360679259033573, "errors": []}
{"seed": 621357, "strategy": "compact_joint_continuation", "successful": true, "virtual_time_s": 6524.427654, "common_lower_bound_s": 1958.870246931302, "time_over_lower_bound": 3.3307094557288526, "penalized_time_over_lower_bound": 3.3307094557288526, "errors": []}
{"seed": 621358, "strategy": "compact_baseline", "successful": true, "virtual_time_s": 8814.252212, "common_lower_bound_s": 1819.2194645441305, "time_over_lower_bound": 4.845073606448423, "penalized_time_over_lower_bound": 4.845073606448423, "errors": []}
{"seed": 621358, "strategy": "compact_clear_before_probe", "successful": true, "virtual_time_s": 8131.706886, "common_lower_bound_s": 1819.2194645441305, "time_over_lower_bound": 4.469887797752695, "penalized_time_over_lower_bound": 4.469887797752695, "errors": []}
{"seed": 621359, "strategy": "compact_baseline", "successful": true, "virtual_time_s": 5870.727315, "common_lower_bound_s": 501.00000444444436, "time_over_lower_bound": 11.718018488862114, "penalized_time_over_lower_bound": 11.718018488862114, "errors": []}
{"seed": 621358, "strategy": "compact_joint_probe", "successful": true, "virtual_time_s": 7588.416098, "common_lower_bound_s": 1819.2194645441305, "time_over_lower_bound": 4.171248299556615, "penalized_time_over_lower_bound": 4.171248299556615, "errors": []}
{"seed": 621359, "strategy": "compact_clear_before_probe", "successful": true, "virtual_time_s": 5436.635488, "common_lower_bound_s": 501.00000444444436, "time_over_lower_bound": 10.851567744053515, "penalized_time_over_lower_bound": 10.851567744053515, "errors": []}
{"seed": 621359, "strategy": "compact_joint_probe", "successful": true, "virtual_time_s": 5436.635488, "common_lower_bound_s": 501.00000444444436, "time_over_lower_bound": 10.851567744053515, "penalized_time_over_lower_bound": 10.851567744053515, "errors": []}
{"seed": 621360, "strategy": "compact_baseline", "successful": true, "virtual_time_s": 7269.276684, "common_lower_bound_s": 1980.4522647286824, "time_over_lower_bound": 3.670513454660759, "penalized_time_over_lower_bound": 3.670513454660759, "errors": []}
{"seed": 621360, "strategy": "compact_clear_before_probe", "successful": true, "virtual_time_s": 7053.276684, "common_lower_bound_s": 1980.4522647286824, "time_over_lower_bound": 3.561447458046298, "penalized_time_over_lower_bound": 3.561447458046298, "errors": []}
{"seed": 621358, "strategy": "compact_joint_continuation", "successful": true, "virtual_time_s": 6953.519788, "common_lower_bound_s": 1819.2194645441305, "time_over_lower_bound": 3.822254501736243, "penalized_time_over_lower_bound": 3.822254501736243, "errors": []}
{"seed": 621359, "strategy": "compact_joint_continuation", "successful": true, "virtual_time_s": 5378.710047, "common_lower_bound_s": 501.00000444444436, "time_over_lower_bound": 10.735948102364622, "penalized_time_over_lower_bound": 10.735948102364622, "errors": []}
{"seed": 621360, "strategy": "compact_joint_probe", "successful": true, "virtual_time_s": 7023.123621, "common_lower_bound_s": 1980.4522647286824, "time_over_lower_bound": 3.546222116069105, "penalized_time_over_lower_bound": 3.546222116069105, "errors": []}
{"seed": 621361, "strategy": "compact_baseline", "successful": true, "virtual_time_s": 8925.590817, "common_lower_bound_s": 2836.298877431684, "time_over_lower_bound": 3.1469147655843206, "penalized_time_over_lower_bound": 3.1469147655843206, "errors": []}
{"seed": 621361, "strategy": "compact_clear_before_probe", "successful": true, "virtual_time_s": 8384.586318, "common_lower_bound_s": 2836.298877431684, "time_over_lower_bound": 2.956171644926356, "penalized_time_over_lower_bound": 2.956171644926356, "errors": []}
{"seed": 621360, "strategy": "compact_joint_continuation", "successful": true, "virtual_time_s": 6935.653248, "common_lower_bound_s": 1980.4522647286824, "time_over_lower_bound": 3.5020552484511254, "penalized_time_over_lower_bound": 3.5020552484511254, "errors": []}
{"seed": 621361, "strategy": "compact_joint_probe", "successful": true, "virtual_time_s": 8469.678602, "common_lower_bound_s": 2836.298877431684, "time_over_lower_bound": 2.9861728146468947, "penalized_time_over_lower_bound": 2.9861728146468947, "errors": []}
{"seed": 621362, "strategy": "compact_baseline", "successful": true, "virtual_time_s": 6042.624226, "common_lower_bound_s": 765.958529203388, "time_over_lower_bound": 7.888970480274498, "penalized_time_over_lower_bound": 7.888970480274498, "errors": []}
{"seed": 621362, "strategy": "compact_clear_before_probe", "successful": true, "virtual_time_s": 5739.149188, "common_lower_bound_s": 765.958529203388, "time_over_lower_bound": 7.4927675183261275, "penalized_time_over_lower_bound": 7.4927675183261275, "errors": []}
{"seed": 621362, "strategy": "compact_joint_probe", "successful": true, "virtual_time_s": 5739.149188, "common_lower_bound_s": 765.958529203388, "time_over_lower_bound": 7.4927675183261275, "penalized_time_over_lower_bound": 7.4927675183261275, "errors": []}
{"seed": 621363, "strategy": "compact_baseline", "successful": true, "virtual_time_s": 7846.909782, "common_lower_bound_s": 1867.3867893054307, "time_over_lower_bound": 4.202080590341241, "penalized_time_over_lower_bound": 4.202080590341241, "errors": []}
{"seed": 621363, "strategy": "compact_clear_before_probe", "successful": true, "virtual_time_s": 7735.839316, "common_lower_bound_s": 1867.3867893054307, "time_over_lower_bound": 4.142601500826363, "penalized_time_over_lower_bound": 4.142601500826363, "errors": []}
{"seed": 621363, "strategy": "compact_joint_probe", "successful": true, "virtual_time_s": 6704.057606, "common_lower_bound_s": 1867.3867893054307, "time_over_lower_bound": 3.590074452916932, "penalized_time_over_lower_bound": 3.590074452916932, "errors": []}
{"seed": 621361, "strategy": "compact_joint_continuation", "successful": true, "virtual_time_s": 7437.54022, "common_lower_bound_s": 2836.298877431684, "time_over_lower_bound": 2.6222695637544433, "penalized_time_over_lower_bound": 2.6222695637544433, "errors": []}
{"seed": 621364, "strategy": "compact_baseline", "successful": true, "virtual_time_s": 6337.298498, "common_lower_bound_s": 1978.0930156498237, "time_over_lower_bound": 3.203741405415222, "penalized_time_over_lower_bound": 3.203741405415222, "errors": []}
{"seed": 621363, "strategy": "compact_joint_continuation", "successful": true, "virtual_time_s": 6586.552501, "common_lower_bound_s": 1867.3867893054307, "time_over_lower_bound": 3.5271495646865154, "penalized_time_over_lower_bound": 3.5271495646865154, "errors": []}
{"seed": 621362, "strategy": "compact_joint_continuation", "successful": true, "virtual_time_s": 5660.27531, "common_lower_bound_s": 765.958529203388, "time_over_lower_bound": 7.389793434230438, "penalized_time_over_lower_bound": 7.389793434230438, "errors": []}
{"seed": 621364, "strategy": "compact_clear_before_probe", "successful": true, "virtual_time_s": 6208.291594, "common_lower_bound_s": 1978.0930156498237, "time_over_lower_bound": 3.1385235905908666, "penalized_time_over_lower_bound": 3.1385235905908666, "errors": []}
{"seed": 621364, "strategy": "compact_joint_probe", "successful": true, "virtual_time_s": 6208.291594, "common_lower_bound_s": 1978.0930156498237, "time_over_lower_bound": 3.1385235905908666, "penalized_time_over_lower_bound": 3.1385235905908666, "errors": []}
{"seed": 621365, "strategy": "compact_baseline", "successful": true, "virtual_time_s": 5830.775581, "common_lower_bound_s": 1684.1256314119867, "time_over_lower_bound": 3.462197517955607, "penalized_time_over_lower_bound": 3.462197517955607, "errors": []}
{"seed": 621364, "strategy": "compact_joint_continuation", "successful": true, "virtual_time_s": 6208.291594, "common_lower_bound_s": 1978.0930156498237, "time_over_lower_bound": 3.1385235905908666, "penalized_time_over_lower_bound": 3.1385235905908666, "errors": []}
{"seed": 621365, "strategy": "compact_clear_before_probe", "successful": true, "virtual_time_s": 5794.775581, "common_lower_bound_s": 1684.1256314119867, "time_over_lower_bound": 3.440821440465582, "penalized_time_over_lower_bound": 3.440821440465582, "errors": []}
{"seed": 621365, "strategy": "compact_joint_probe", "successful": true, "virtual_time_s": 5794.775581, "common_lower_bound_s": 1684.1256314119867, "time_over_lower_bound": 3.440821440465582, "penalized_time_over_lower_bound": 3.440821440465582, "errors": []}
{"seed": 621365, "strategy": "compact_joint_continuation", "successful": true, "virtual_time_s": 5794.775581, "common_lower_bound_s": 1684.1256314119867, "time_over_lower_bound": 3.440821440465582, "penalized_time_over_lower_bound": 3.440821440465582, "errors": []}
{"seed": 621366, "strategy": "compact_baseline", "successful": true, "virtual_time_s": 5971.580435, "common_lower_bound_s": 681.0000044444444, "time_over_lower_bound": 8.768840522800845, "penalized_time_over_lower_bound": 8.768840522800845, "errors": []}
{"seed": 621366, "strategy": "compact_clear_before_probe", "successful": true, "virtual_time_s": 5765.21917, "common_lower_bound_s": 681.0000044444444, "time_over_lower_bound": 8.465813703926816, "penalized_time_over_lower_bound": 8.465813703926816, "errors": []}
{"seed": 621366, "strategy": "compact_joint_probe", "successful": true, "virtual_time_s": 5765.21917, "common_lower_bound_s": 681.0000044444444, "time_over_lower_bound": 8.465813703926816, "penalized_time_over_lower_bound": 8.465813703926816, "errors": []}
{"seed": 621366, "strategy": "compact_joint_continuation", "successful": true, "virtual_time_s": 5765.21917, "common_lower_bound_s": 681.0000044444444, "time_over_lower_bound": 8.465813703926816, "penalized_time_over_lower_bound": 8.465813703926816, "errors": []}
{"seed": 621367, "strategy": "compact_baseline", "successful": true, "virtual_time_s": 6895.006291, "common_lower_bound_s": 1890.3863135750184, "time_over_lower_bound": 3.647405951622902, "penalized_time_over_lower_bound": 3.647405951622902, "errors": []}
{"seed": 621367, "strategy": "compact_clear_before_probe", "successful": true, "virtual_time_s": 6078.293807, "common_lower_bound_s": 1890.3863135750184, "time_over_lower_bound": 3.215371251553863, "penalized_time_over_lower_bound": 3.215371251553863, "errors": []}
{"seed": 621368, "strategy": "compact_baseline", "successful": true, "virtual_time_s": 9056.9182, "common_lower_bound_s": 2777.7129568321193, "time_over_lower_bound": 3.260566639084654, "penalized_time_over_lower_bound": 3.260566639084654, "errors": []}
{"seed": 621367, "strategy": "compact_joint_probe", "successful": true, "virtual_time_s": 6078.293807, "common_lower_bound_s": 1890.3863135750184, "time_over_lower_bound": 3.215371251553863, "penalized_time_over_lower_bound": 3.215371251553863, "errors": []}
{"seed": 621368, "strategy": "compact_clear_before_probe", "successful": true, "virtual_time_s": 8743.519763, "common_lower_bound_s": 2777.7129568321193, "time_over_lower_bound": 3.1477405689073312, "penalized_time_over_lower_bound": 3.1477405689073312, "errors": []}
{"seed": 621368, "strategy": "compact_joint_probe", "successful": true, "virtual_time_s": 8585.371494, "common_lower_bound_s": 2777.7129568321193, "time_over_lower_bound": 3.0908058634652105, "penalized_time_over_lower_bound": 3.0908058634652105, "errors": []}
{"seed": 621367, "strategy": "compact_joint_continuation", "successful": true, "virtual_time_s": 6078.293807, "common_lower_bound_s": 1890.3863135750184, "time_over_lower_bound": 3.215371251553863, "penalized_time_over_lower_bound": 3.215371251553863, "errors": []}
{"seed": 621369, "strategy": "compact_baseline", "successful": true, "virtual_time_s": 5591.371589, "common_lower_bound_s": 585.9477662205938, "time_over_lower_bound": 9.54244031863925, "penalized_time_over_lower_bound": 9.54244031863925, "errors": []}
{"seed": 621369, "strategy": "compact_clear_before_probe", "successful": true, "virtual_time_s": 5239.371589, "common_lower_bound_s": 585.9477662205938, "time_over_lower_bound": 8.941704177480412, "penalized_time_over_lower_bound": 8.941704177480412, "errors": []}
{"seed": 621369, "strategy": "compact_joint_probe", "successful": true, "virtual_time_s": 5239.371589, "common_lower_bound_s": 585.9477662205938, "time_over_lower_bound": 8.941704177480412, "penalized_time_over_lower_bound": 8.941704177480412, "errors": []}
{"seed": 621369, "strategy": "compact_joint_continuation", "successful": true, "virtual_time_s": 5190.018446, "common_lower_bound_s": 585.9477662205938, "time_over_lower_bound": 8.857476289185298, "penalized_time_over_lower_bound": 8.857476289185298, "errors": []}
{"seed": 621370, "strategy": "compact_baseline", "successful": true, "virtual_time_s": 7332.390233, "common_lower_bound_s": 1741.9485575761314, "time_over_lower_bound": 4.209303541777834, "penalized_time_over_lower_bound": 4.209303541777834, "errors": []}
{"seed": 621368, "strategy": "compact_joint_continuation", "successful": true, "virtual_time_s": 7150.744615, "common_lower_bound_s": 2777.7129568321193, "time_over_lower_bound": 2.5743281347382863, "penalized_time_over_lower_bound": 2.5743281347382863, "errors": []}
{"seed": 621370, "strategy": "compact_clear_before_probe", "successful": true, "virtual_time_s": 6862.089282, "common_lower_bound_s": 1741.9485575761314, "time_over_lower_bound": 3.939317985112252, "penalized_time_over_lower_bound": 3.939317985112252, "errors": []}
{"seed": 621371, "strategy": "compact_baseline", "successful": true, "virtual_time_s": 7952.490691, "common_lower_bound_s": 2118.581684710374, "time_over_lower_bound": 3.753686132752142, "penalized_time_over_lower_bound": 3.753686132752142, "errors": []}
{"seed": 621371, "strategy": "compact_clear_before_probe", "successful": true, "virtual_time_s": 7534.345746, "common_lower_bound_s": 2118.581684710374, "time_over_lower_bound": 3.556315907182027, "penalized_time_over_lower_bound": 3.556315907182027, "errors": []}
{"seed": 621370, "strategy": "compact_joint_probe", "successful": true, "virtual_time_s": 6862.089282, "common_lower_bound_s": 1741.9485575761314, "time_over_lower_bound": 3.939317985112252, "penalized_time_over_lower_bound": 3.939317985112252, "errors": []}
{"seed": 621371, "strategy": "compact_joint_probe", "successful": true, "virtual_time_s": 7538.028406, "common_lower_bound_s": 2118.581684710374, "time_over_lower_bound": 3.5580541738849716, "penalized_time_over_lower_bound": 3.5580541738849716, "errors": []}
{"seed": 621372, "strategy": "compact_baseline", "successful": true, "virtual_time_s": 6712.936237, "common_lower_bound_s": 2129.723626295813, "time_over_lower_bound": 3.1520222408743614, "penalized_time_over_lower_bound": 3.1520222408743614, "errors": []}
{"seed": 621370, "strategy": "compact_joint_continuation", "successful": true, "virtual_time_s": 6862.089282, "common_lower_bound_s": 1741.9485575761314, "time_over_lower_bound": 3.939317985112252, "penalized_time_over_lower_bound": 3.939317985112252, "errors": []}
{"seed": 621371, "strategy": "compact_joint_continuation", "successful": true, "virtual_time_s": 7442.094706, "common_lower_bound_s": 2118.581684710374, "time_over_lower_bound": 3.512772134163612, "penalized_time_over_lower_bound": 3.512772134163612, "errors": []}
{"seed": 621372, "strategy": "compact_clear_before_probe", "successful": true, "virtual_time_s": 6645.936237, "common_lower_bound_s": 2129.723626295813, "time_over_lower_bound": 3.120562759854032, "penalized_time_over_lower_bound": 3.120562759854032, "errors": []}
{"seed": 621372, "strategy": "compact_joint_probe", "successful": true, "virtual_time_s": 6645.936237, "common_lower_bound_s": 2129.723626295813, "time_over_lower_bound": 3.120562759854032, "penalized_time_over_lower_bound": 3.120562759854032, "errors": []}
{"seed": 621372, "strategy": "compact_joint_continuation", "successful": true, "virtual_time_s": 6645.936237, "common_lower_bound_s": 2129.723626295813, "time_over_lower_bound": 3.120562759854032, "penalized_time_over_lower_bound": 3.120562759854032, "errors": []}
{"seed": 621373, "strategy": "compact_baseline", "successful": true, "virtual_time_s": 5923.327999, "common_lower_bound_s": 256.0000044444444, "time_over_lower_bound": 23.137999594392372, "penalized_time_over_lower_bound": 23.137999594392372, "errors": []}
{"seed": 621373, "strategy": "compact_clear_before_probe", "successful": true, "virtual_time_s": 3671.888581, "common_lower_bound_s": 256.0000044444444, "time_over_lower_bound": 14.343314520515376, "penalized_time_over_lower_bound": 14.343314520515376, "errors": []}
{"seed": 621374, "strategy": "compact_baseline", "successful": true, "virtual_time_s": 7292.381802, "common_lower_bound_s": 2044.1991346723353, "time_over_lower_bound": 3.5673539227717637, "penalized_time_over_lower_bound": 3.5673539227717637, "errors": []}
{"seed": 621374, "strategy": "compact_clear_before_probe", "successful": true, "virtual_time_s": 6733.670449, "common_lower_bound_s": 2044.1991346723353, "time_over_lower_bound": 3.294038401048115, "penalized_time_over_lower_bound": 3.294038401048115, "errors": []}
{"seed": 621373, "strategy": "compact_joint_probe", "successful": true, "virtual_time_s": 3316.842356, "common_lower_bound_s": 256.0000044444444, "time_over_lower_bound": 12.956415228187238, "penalized_time_over_lower_bound": 12.956415228187238, "errors": []}
{"seed": 621374, "strategy": "compact_joint_probe", "successful": true, "virtual_time_s": 6733.670449, "common_lower_bound_s": 2044.1991346723353, "time_over_lower_bound": 3.294038401048115, "penalized_time_over_lower_bound": 3.294038401048115, "errors": []}
{"seed": 621374, "strategy": "compact_joint_continuation", "successful": true, "virtual_time_s": 6733.670449, "common_lower_bound_s": 2044.1991346723353, "time_over_lower_bound": 3.294038401048115, "penalized_time_over_lower_bound": 3.294038401048115, "errors": []}
{"seed": 621375, "strategy": "compact_baseline", "successful": true, "virtual_time_s": 7588.930656, "common_lower_bound_s": 2704.6602309454456, "time_over_lower_bound": 2.8058720903908885, "penalized_time_over_lower_bound": 2.8058720903908885, "errors": []}
{"seed": 621375, "strategy": "compact_clear_before_probe", "successful": true, "virtual_time_s": 7040.384904, "common_lower_bound_s": 2704.6602309454456, "time_over_lower_bound": 2.60305705812776, "penalized_time_over_lower_bound": 2.60305705812776, "errors": []}
{"seed": 621375, "strategy": "compact_joint_probe", "successful": true, "virtual_time_s": 6895.295544, "common_lower_bound_s": 2704.6602309454456, "time_over_lower_bound": 2.549412848648153, "penalized_time_over_lower_bound": 2.549412848648153, "errors": []}
{"seed": 621376, "strategy": "compact_baseline", "successful": true, "virtual_time_s": 6089.66824, "common_lower_bound_s": 675.9654902069738, "time_over_lower_bound": 9.008844871851972, "penalized_time_over_lower_bound": 9.008844871851972, "errors": []}
{"seed": 621376, "strategy": "compact_clear_before_probe", "successful": true, "virtual_time_s": 5971.788108, "common_lower_bound_s": 675.9654902069738, "time_over_lower_bound": 8.83445707586566, "penalized_time_over_lower_bound": 8.83445707586566, "errors": []}
{"seed": 621373, "strategy": "compact_joint_continuation", "successful": true, "virtual_time_s": 3263.114303, "common_lower_bound_s": 256.0000044444444, "time_over_lower_bound": 12.746540024799653, "penalized_time_over_lower_bound": 12.746540024799653, "errors": []}
{"seed": 621376, "strategy": "compact_joint_probe", "successful": true, "virtual_time_s": 5971.788108, "common_lower_bound_s": 675.9654902069738, "time_over_lower_bound": 8.83445707586566, "penalized_time_over_lower_bound": 8.83445707586566, "errors": []}
{"seed": 621375, "strategy": "compact_joint_continuation", "successful": true, "virtual_time_s": 7049.617358, "common_lower_bound_s": 2704.6602309454456, "time_over_lower_bound": 2.6064705937335884, "penalized_time_over_lower_bound": 2.6064705937335884, "errors": []}
{"seed": 621376, "strategy": "compact_joint_continuation", "successful": true, "virtual_time_s": 5909.387769, "common_lower_bound_s": 675.9654902069738, "time_over_lower_bound": 8.742144169505762, "penalized_time_over_lower_bound": 8.742144169505762, "errors": []}
{"seed": 621377, "strategy": "compact_clear_before_probe", "successful": true, "virtual_time_s": 7156.543517, "common_lower_bound_s": 1636.4587986208157, "time_over_lower_bound": 4.373188938842477, "penalized_time_over_lower_bound": 4.373188938842477, "errors": []}
{"seed": 621377, "strategy": "compact_baseline", "successful": true, "virtual_time_s": 7681.436602, "common_lower_bound_s": 1636.4587986208157, "time_over_lower_bound": 4.69393828214545, "penalized_time_over_lower_bound": 4.69393828214545, "errors": []}
{"seed": 621377, "strategy": "compact_joint_probe", "successful": true, "virtual_time_s": 7965.502115, "common_lower_bound_s": 1636.4587986208157, "time_over_lower_bound": 4.8675237786085495, "penalized_time_over_lower_bound": 4.8675237786085495, "errors": []}
{"seed": 621378, "strategy": "compact_baseline", "successful": true, "virtual_time_s": 6854.457227, "common_lower_bound_s": 2150.4464606288766, "time_over_lower_bound": 3.187457745400219, "penalized_time_over_lower_bound": 3.187457745400219, "errors": []}
{"seed": 621377, "strategy": "compact_joint_continuation", "successful": true, "virtual_time_s": 7033.598941, "common_lower_bound_s": 1636.4587986208157, "time_over_lower_bound": 4.298060511470144, "penalized_time_over_lower_bound": 4.298060511470144, "errors": []}
{"seed": 621378, "strategy": "compact_clear_before_probe", "successful": true, "virtual_time_s": 4436.884623, "common_lower_bound_s": 2150.4464606288766, "time_over_lower_bound": 2.063238822371089, "penalized_time_over_lower_bound": 2.063238822371089, "errors": []}
{"seed": 621379, "strategy": "compact_baseline", "successful": true, "virtual_time_s": 8783.883951, "common_lower_bound_s": 2060.0759636226676, "time_over_lower_bound": 4.263864103124352, "penalized_time_over_lower_bound": 4.263864103124352, "errors": []}
{"seed": 621378, "strategy": "compact_joint_probe", "successful": true, "virtual_time_s": 4436.884623, "common_lower_bound_s": 2150.4464606288766, "time_over_lower_bound": 2.063238822371089, "penalized_time_over_lower_bound": 2.063238822371089, "errors": []}
{"seed": 621379, "strategy": "compact_clear_before_probe", "successful": true, "virtual_time_s": 8351.733424, "common_lower_bound_s": 2060.0759636226676, "time_over_lower_bound": 4.054090029434342, "penalized_time_over_lower_bound": 4.054090029434342, "errors": []}
{"seed": 621379, "strategy": "compact_joint_probe", "successful": true, "virtual_time_s": 8446.45916, "common_lower_bound_s": 2060.0759636226676, "time_over_lower_bound": 4.100071700825441, "penalized_time_over_lower_bound": 4.100071700825441, "errors": []}
{"seed": 621379, "strategy": "compact_joint_continuation", "successful": true, "virtual_time_s": 7251.955226, "common_lower_bound_s": 2060.0759636226676, "time_over_lower_bound": 3.5202368039124887, "penalized_time_over_lower_bound": 3.5202368039124887, "errors": []}
{"seed": 621378, "strategy": "compact_joint_continuation", "successful": true, "virtual_time_s": 4436.884623, "common_lower_bound_s": 2150.4464606288766, "time_over_lower_bound": 2.063238822371089, "penalized_time_over_lower_bound": 2.063238822371089, "errors": []}
{"seed": 621380, "strategy": "compact_baseline", "successful": true, "virtual_time_s": 5889.864832, "common_lower_bound_s": 501.0000044444444, "time_over_lower_bound": 11.756217125249794, "penalized_time_over_lower_bound": 11.756217125249794, "errors": []}
{"seed": 621380, "strategy": "compact_clear_before_probe", "successful": true, "virtual_time_s": 5388.290802, "common_lower_bound_s": 501.0000044444444, "time_over_lower_bound": 10.755071365668032, "penalized_time_over_lower_bound": 10.755071365668032, "errors": []}
{"seed": 621381, "strategy": "compact_baseline", "successful": true, "virtual_time_s": 6854.841899, "common_lower_bound_s": 1933.5180523818967, "time_over_lower_bound": 3.5452691484082783, "penalized_time_over_lower_bound": 3.5452691484082783, "errors": []}
{"seed": 621380, "strategy": "compact_joint_probe", "successful": true, "virtual_time_s": 5215.050175, "common_lower_bound_s": 501.0000044444444, "time_over_lower_bound": 10.409281694084884, "penalized_time_over_lower_bound": 10.409281694084884, "errors": []}
{"seed": 621380, "strategy": "compact_joint_continuation", "successful": true, "virtual_time_s": 5215.050175, "common_lower_bound_s": 501.0000044444444, "time_over_lower_bound": 10.409281694084884, "penalized_time_over_lower_bound": 10.409281694084884, "errors": []}
{"seed": 621381, "strategy": "compact_clear_before_probe", "successful": true, "virtual_time_s": 6617.588403, "common_lower_bound_s": 1933.5180523818967, "time_over_lower_bound": 3.422563546716208, "penalized_time_over_lower_bound": 3.422563546716208, "errors": []}
{"seed": 621381, "strategy": "compact_joint_probe", "successful": true, "virtual_time_s": 6617.588403, "common_lower_bound_s": 1933.5180523818967, "time_over_lower_bound": 3.422563546716208, "penalized_time_over_lower_bound": 3.422563546716208, "errors": []}
{"seed": 621381, "strategy": "compact_joint_continuation", "successful": true, "virtual_time_s": 6617.588403, "common_lower_bound_s": 1933.5180523818967, "time_over_lower_bound": 3.422563546716208, "penalized_time_over_lower_bound": 3.422563546716208, "errors": []}
{"seed": 621382, "strategy": "compact_baseline", "successful": true, "virtual_time_s": 7163.363024, "common_lower_bound_s": 2704.660230945445, "time_over_lower_bound": 2.6485260300130062, "penalized_time_over_lower_bound": 2.6485260300130062, "errors": []}
{"seed": 621382, "strategy": "compact_clear_before_probe", "successful": true, "virtual_time_s": 6687.835714, "common_lower_bound_s": 2704.660230945445, "time_over_lower_bound": 2.4727082675601695, "penalized_time_over_lower_bound": 2.4727082675601695, "errors": []}
{"seed": 621382, "strategy": "compact_joint_probe", "successful": true, "virtual_time_s": 6633.653318, "common_lower_bound_s": 2704.660230945445, "time_over_lower_bound": 2.4526752906338736, "penalized_time_over_lower_bound": 2.4526752906338736, "errors": []}
{"seed": 621383, "strategy": "compact_baseline", "successful": true, "virtual_time_s": 7166.555713, "common_lower_bound_s": 295.9591322983358, "time_over_lower_bound": 24.214680105819117, "penalized_time_over_lower_bound": 24.214680105819117, "errors": []}
{"seed": 621383, "strategy": "compact_clear_before_probe", "successful": true, "virtual_time_s": 4376.431911, "common_lower_bound_s": 295.9591322983358, "time_over_lower_bound": 14.787284572075388, "penalized_time_over_lower_bound": 14.787284572075388, "errors": []}
{"seed": 621382, "strategy": "compact_joint_continuation", "successful": true, "virtual_time_s": 6546.325252, "common_lower_bound_s": 2704.660230945445, "time_over_lower_bound": 2.4203872919415303, "penalized_time_over_lower_bound": 2.4203872919415303, "errors": []}
{"seed": 621384, "strategy": "compact_baseline", "successful": true, "virtual_time_s": 7410.153471, "common_lower_bound_s": 2298.831318810402, "time_over_lower_bound": 3.223443760473301, "penalized_time_over_lower_bound": 3.223443760473301, "errors": []}
{"seed": 621384, "strategy": "compact_clear_before_probe", "successful": true, "virtual_time_s": 6590.963399, "common_lower_bound_s": 2298.831318810402, "time_over_lower_bound": 2.867093094246988, "penalized_time_over_lower_bound": 2.867093094246988, "errors": []}
{"seed": 621383, "strategy": "compact_joint_probe", "successful": true, "virtual_time_s": 4376.155836, "common_lower_bound_s": 295.9591322983358, "time_over_lower_bound": 14.786351757474074, "penalized_time_over_lower_bound": 14.786351757474074, "errors": []}
{"seed": 621384, "strategy": "compact_joint_probe", "successful": true, "virtual_time_s": 6590.963399, "common_lower_bound_s": 2298.831318810402, "time_over_lower_bound": 2.867093094246988, "penalized_time_over_lower_bound": 2.867093094246988, "errors": []}
{"seed": 621384, "strategy": "compact_joint_continuation", "successful": true, "virtual_time_s": 6590.963399, "common_lower_bound_s": 2298.831318810402, "time_over_lower_bound": 2.867093094246988, "penalized_time_over_lower_bound": 2.867093094246988, "errors": []}
{"seed": 621383, "strategy": "compact_joint_continuation", "successful": true, "virtual_time_s": 4098.881433, "common_lower_bound_s": 295.9591322983358, "time_over_lower_bound": 13.849484559470199, "penalized_time_over_lower_bound": 13.849484559470199, "errors": []}
{"summaries": {"compact_baseline": {"runs": 84, "successful": 84, "mean_time_s": 7686.606443642857, "mean_lower_bound_s": 1703.6185844353772, "mean_time_over_mean_lower_bound": 4.51192920403037, "mean_individual_ratio": 6.5175703864121415, "p95_time_s": 9471.75668445, "max_time_s": 19114.569136, "mean_runtime_s": 0.13688419642788913, "mean_components_s": {"movement_s": 5491.392157928572, "switching_s": 308.0952380952381, "detection_s": 1688.5119047619048, "optical_s": 172.67857142857142, "removal_s": 25.928571428571427}}, "compact_clear_before_probe": {"runs": 84, "successful": 84, "mean_time_s": 7033.572133619047, "mean_lower_bound_s": 1703.6185844353772, "mean_time_over_mean_lower_bound": 4.128607305578409, "mean_individual_ratio": 5.413558188568243, "p95_time_s": 8991.0360795, "max_time_s": 18594.569136, "mean_runtime_s": 0.12678959404625598, "mean_components_s": {"movement_s": 5224.381657428571, "switching_s": 245.29761904761904, "detection_s": 1360.7142857142858, "optical_s": 177.25, "removal_s": 25.928571428571427}}, "compact_joint_continuation": {"runs": 84, "successful": 84, "mean_time_s": 6449.216850321429, "mean_lower_bound_s": 1703.6185844353772, "mean_time_over_mean_lower_bound": 3.7855990238911748, "mean_individual_ratio": 5.017033985251884, "p95_time_s": 8283.42058705, "max_time_s": 9896.283757, "mean_runtime_s": 1.1936385309541255, "mean_components_s": {"movement_s": 4762.62161222619, "switching_s": 245.20238095238096, "detection_s": 1360.5357142857142, "optical_s": 54.92857142857143, "removal_s": 25.928571428571427}}, "compact_joint_probe": {"runs": 84, "successful": 84, "mean_time_s": 6734.8656065714285, "mean_lower_bound_s": 1703.6185844353772, "mean_time_over_mean_lower_bound": 3.9532708014003823, "mean_individual_ratio": 5.185163429488283, "p95_time_s": 9604.601733999994, "max_time_s": 15131.185708, "mean_runtime_s": 0.4151944845226743, "mean_components_s": {"movement_s": 5005.091797047619, "switching_s": 245.26190476190476, "detection_s": 1357.6190476190477, "optical_s": 100.96428571428571, "removal_s": 25.928571428571427}}}, "paired_vs_compact_baseline": {"compact_clear_before_probe": {"pairs": 84, "all_complete": true, "mean_saved_s": 653.0343100238096, "saving_ci95_s": [486.30038371428583, 844.8868149642858], "mean_reduction_fraction": 0.08495742754774394, "wins": 84, "losses": 0, "ties": 0, "worst_regression_s": 0.0, "paired_ratio_p95": 0.9804926967401961}, "compact_joint_continuation": {"pairs": 84, "all_complete": true, "mean_saved_s": 1237.3895933214287, "saving_ci95_s": [938.6234170357144, 1598.8574557738095], "mean_reduction_fraction": 0.16097995941301257, "wins": 84, "losses": 0, "ties": 0, "worst_regression_s": 0.0, "paired_ratio_p95": 0.9774293804922991}, "compact_joint_probe": {"pairs": 84, "all_complete": true, "mean_saved_s": 951.7408370714286, "saving_ci95_s": [731.3498043214286, 1190.2678038690474], "mean_reduction_fraction": 0.12381807811411472, "wins": 81, "losses": 3, "ties": 0, "worst_regression_s": 411.4651509999994, "paired_ratio_p95": 0.9896902518665951}}}
