{"seed": 618001, "strategy": "compact_baseline", "successful": true, "virtual_time_s": 7369.089333, "common_lower_bound_s": 2002.118893518774, "time_over_lower_bound": 3.6806452188504357, "penalized_time_over_lower_bound": 3.6806452188504357, "errors": []}
{"seed": 618001, "strategy": "compact_combo", "successful": true, "virtual_time_s": 6986.089333, "common_lower_bound_s": 2002.118893518774, "time_over_lower_bound": 3.4893478881874858, "penalized_time_over_lower_bound": 3.4893478881874858, "errors": []}
{"seed": 618001, "strategy": "compact_clear_before_probe", "successful": true, "virtual_time_s": 6950.079245, "common_lower_bound_s": 2002.118893518774, "time_over_lower_bound": 3.471361899385037, "penalized_time_over_lower_bound": 3.471361899385037, "errors": []}
{"seed": 618001, "strategy": "compact_joint_probe", "successful": true, "virtual_time_s": 6950.079245, "common_lower_bound_s": 2002.118893518774, "time_over_lower_bound": 3.471361899385037, "penalized_time_over_lower_bound": 3.471361899385037, "errors": []}
{"seed": 618001, "strategy": "compact_joint_optical", "successful": true, "virtual_time_s": 6950.079245, "common_lower_bound_s": 2002.118893518774, "time_over_lower_bound": 3.471361899385037, "penalized_time_over_lower_bound": 3.471361899385037, "errors": []}
{"seed": 618002, "strategy": "compact_baseline", "successful": true, "virtual_time_s": 7690.962487, "common_lower_bound_s": 1977.4826732034435, "time_over_lower_bound": 3.889269216473561, "penalized_time_over_lower_bound": 3.889269216473561, "errors": []}
{"seed": 618002, "strategy": "compact_combo", "successful": true, "virtual_time_s": 6234.827853, "common_lower_bound_s": 1977.4826732034435, "time_over_lower_bound": 3.1529114957552706, "penalized_time_over_lower_bound": 3.1529114957552706, "errors": []}
{"seed": 618002, "strategy": "compact_clear_before_probe", "successful": true, "virtual_time_s": 6220.945366, "common_lower_bound_s": 1977.4826732034435, "time_over_lower_bound": 3.145891213257669, "penalized_time_over_lower_bound": 3.145891213257669, "errors": []}
{"seed": 618002, "strategy": "compact_joint_probe", "successful": true, "virtual_time_s": 6220.945366, "common_lower_bound_s": 1977.4826732034435, "time_over_lower_bound": 3.145891213257669, "penalized_time_over_lower_bound": 3.145891213257669, "errors": []}
{"seed": 618003, "strategy": "compact_baseline", "successful": true, "virtual_time_s": 8122.931194, "common_lower_bound_s": 2170.7718237443287, "time_over_lower_bound": 3.7419553290446204, "penalized_time_over_lower_bound": 3.7419553290446204, "errors": []}
{"seed": 618003, "strategy": "compact_combo", "successful": true, "virtual_time_s": 7710.931194, "common_lower_bound_s": 2170.7718237443287, "time_over_lower_bound": 3.5521610837474116, "penalized_time_over_lower_bound": 3.5521610837474116, "errors": []}
{"seed": 618003, "strategy": "compact_clear_before_probe", "successful": true, "virtual_time_s": 7672.252206, "common_lower_bound_s": 2170.7718237443287, "time_over_lower_bound": 3.534343002834014, "penalized_time_over_lower_bound": 3.534343002834014, "errors": []}
{"seed": 618002, "strategy": "compact_joint_optical", "successful": true, "virtual_time_s": 6220.945366, "common_lower_bound_s": 1977.4826732034435, "time_over_lower_bound": 3.145891213257669, "penalized_time_over_lower_bound": 3.145891213257669, "errors": []}
{"seed": 618003, "strategy": "compact_joint_probe", "successful": true, "virtual_time_s": 7672.252206, "common_lower_bound_s": 2170.7718237443287, "time_over_lower_bound": 3.534343002834014, "penalized_time_over_lower_bound": 3.534343002834014, "errors": []}
{"seed": 618003, "strategy": "compact_joint_optical", "successful": true, "virtual_time_s": 7672.252206, "common_lower_bound_s": 2170.7718237443287, "time_over_lower_bound": 3.534343002834014, "penalized_time_over_lower_bound": 3.534343002834014, "errors": []}
{"seed": 618004, "strategy": "compact_baseline", "successful": true, "virtual_time_s": 7007.24302, "common_lower_bound_s": 2263.8502181119306, "time_over_lower_bound": 3.095276782862471, "penalized_time_over_lower_bound": 3.095276782862471, "errors": []}
{"seed": 618004, "strategy": "compact_combo", "successful": true, "virtual_time_s": 6690.24302, "common_lower_bound_s": 2263.8502181119306, "time_over_lower_bound": 2.955249851105307, "penalized_time_over_lower_bound": 2.955249851105307, "errors": []}
{"seed": 618004, "strategy": "compact_clear_before_probe", "successful": true, "virtual_time_s": 6681.954428, "common_lower_bound_s": 2263.8502181119306, "time_over_lower_bound": 2.95158857001273, "penalized_time_over_lower_bound": 2.95158857001273, "errors": []}
{"seed": 618004, "strategy": "compact_joint_probe", "successful": true, "virtual_time_s": 6681.954428, "common_lower_bound_s": 2263.8502181119306, "time_over_lower_bound": 2.95158857001273, "penalized_time_over_lower_bound": 2.95158857001273, "errors": []}
{"seed": 618004, "strategy": "compact_joint_optical", "successful": true, "virtual_time_s": 6681.954428, "common_lower_bound_s": 2263.8502181119306, "time_over_lower_bound": 2.95158857001273, "penalized_time_over_lower_bound": 2.95158857001273, "errors": []}
{"seed": 618005, "strategy": "compact_baseline", "successful": true, "virtual_time_s": 7646.037668, "common_lower_bound_s": 2167.641612194876, "time_over_lower_bound": 3.527353241875578, "penalized_time_over_lower_bound": 3.527353241875578, "errors": []}
{"seed": 618005, "strategy": "compact_combo", "successful": true, "virtual_time_s": 7290.037668, "common_lower_bound_s": 2167.641612194876, "time_over_lower_bound": 3.363119450644966, "penalized_time_over_lower_bound": 3.363119450644966, "errors": []}
{"seed": 618005, "strategy": "compact_clear_before_probe", "successful": true, "virtual_time_s": 7282.548796, "common_lower_bound_s": 2167.641612194876, "time_over_lower_bound": 3.35966460277811, "penalized_time_over_lower_bound": 3.35966460277811, "errors": []}
{"seed": 618005, "strategy": "compact_joint_probe", "successful": true, "virtual_time_s": 7282.548796, "common_lower_bound_s": 2167.641612194876, "time_over_lower_bound": 3.35966460277811, "penalized_time_over_lower_bound": 3.35966460277811, "errors": []}
{"seed": 618005, "strategy": "compact_joint_optical", "successful": true, "virtual_time_s": 7282.548796, "common_lower_bound_s": 2167.641612194876, "time_over_lower_bound": 3.35966460277811, "penalized_time_over_lower_bound": 3.35966460277811, "errors": []}
{"seed": 618006, "strategy": "compact_baseline", "successful": true, "virtual_time_s": 7218.080559, "common_lower_bound_s": 2226.646786433537, "time_over_lower_bound": 3.2416818881998517, "penalized_time_over_lower_bound": 3.2416818881998517, "errors": []}
{"seed": 618006, "strategy": "compact_combo", "successful": true, "virtual_time_s": 7026.080559, "common_lower_bound_s": 2226.646786433537, "time_over_lower_bound": 3.1554535734218576, "penalized_time_over_lower_bound": 3.1554535734218576, "errors": []}
{"seed": 618006, "strategy": "compact_clear_before_probe", "successful": true, "virtual_time_s": 6949.883157, "common_lower_bound_s": 2226.646786433537, "time_over_lower_bound": 3.121232877771226, "penalized_time_over_lower_bound": 3.121232877771226, "errors": []}
{"seed": 618006, "strategy": "compact_joint_probe", "successful": true, "virtual_time_s": 6949.883157, "common_lower_bound_s": 2226.646786433537, "time_over_lower_bound": 3.121232877771226, "penalized_time_over_lower_bound": 3.121232877771226, "errors": []}
{"seed": 618007, "strategy": "compact_baseline", "successful": true, "virtual_time_s": 6822.524772, "common_lower_bound_s": 1920.2153599337885, "time_over_lower_bound": 3.552999790729332, "penalized_time_over_lower_bound": 3.552999790729332, "errors": []}
{"seed": 618006, "strategy": "compact_joint_optical", "successful": true, "virtual_time_s": 6949.883157, "common_lower_bound_s": 2226.646786433537, "time_over_lower_bound": 3.121232877771226, "penalized_time_over_lower_bound": 3.121232877771226, "errors": []}
{"seed": 618007, "strategy": "compact_combo", "successful": true, "virtual_time_s": 6414.524772, "common_lower_bound_s": 1920.2153599337885, "time_over_lower_bound": 3.340523623465433, "penalized_time_over_lower_bound": 3.340523623465433, "errors": []}
{"seed": 618007, "strategy": "compact_clear_before_probe", "successful": true, "virtual_time_s": 6366.499539, "common_lower_bound_s": 1920.2153599337885, "time_over_lower_bound": 3.315513286603189, "penalized_time_over_lower_bound": 3.315513286603189, "errors": []}
{"seed": 618007, "strategy": "compact_joint_probe", "successful": true, "virtual_time_s": 6366.499539, "common_lower_bound_s": 1920.2153599337885, "time_over_lower_bound": 3.315513286603189, "penalized_time_over_lower_bound": 3.315513286603189, "errors": []}
{"seed": 618007, "strategy": "compact_joint_optical", "successful": true, "virtual_time_s": 6366.499539, "common_lower_bound_s": 1920.2153599337885, "time_over_lower_bound": 3.315513286603189, "penalized_time_over_lower_bound": 3.315513286603189, "errors": []}
{"seed": 618008, "strategy": "compact_baseline", "successful": true, "virtual_time_s": 7337.25921, "common_lower_bound_s": 1690.8707747357735, "time_over_lower_bound": 4.33933764757781, "penalized_time_over_lower_bound": 4.33933764757781, "errors": []}
{"seed": 618008, "strategy": "compact_combo", "successful": true, "virtual_time_s": 5014.360706, "common_lower_bound_s": 1690.8707747357735, "time_over_lower_bound": 2.9655493376089472, "penalized_time_over_lower_bound": 2.9655493376089472, "errors": []}
{"seed": 618008, "strategy": "compact_clear_before_probe", "successful": true, "virtual_time_s": 4916.71976, "common_lower_bound_s": 1690.8707747357735, "time_over_lower_bound": 2.907803383595839, "penalized_time_over_lower_bound": 2.907803383595839, "errors": []}
{"seed": 618008, "strategy": "compact_joint_probe", "successful": true, "virtual_time_s": 4922.01772, "common_lower_bound_s": 1690.8707747357735, "time_over_lower_bound": 2.9109366567466672, "penalized_time_over_lower_bound": 2.9109366567466672, "errors": []}
{"seed": 618009, "strategy": "compact_baseline", "successful": true, "virtual_time_s": 8063.668006, "common_lower_bound_s": 1886.4810351501515, "time_over_lower_bound": 4.274449546935512, "penalized_time_over_lower_bound": 4.274449546935512, "errors": []}
{"seed": 618008, "strategy": "compact_joint_optical", "successful": true, "virtual_time_s": 4922.01772, "common_lower_bound_s": 1690.8707747357735, "time_over_lower_bound": 2.9109366567466672, "penalized_time_over_lower_bound": 2.9109366567466672, "errors": []}
{"seed": 618009, "strategy": "compact_combo", "successful": true, "virtual_time_s": 7468.572879, "common_lower_bound_s": 1886.4810351501515, "time_over_lower_bound": 3.9589970637608616, "penalized_time_over_lower_bound": 3.9589970637608616, "errors": []}
{"seed": 618009, "strategy": "compact_clear_before_probe", "successful": true, "virtual_time_s": 7451.052629, "common_lower_bound_s": 1886.4810351501515, "time_over_lower_bound": 3.9497097983849834, "penalized_time_over_lower_bound": 3.9497097983849834, "errors": []}
{"seed": 618009, "strategy": "compact_joint_probe", "successful": true, "virtual_time_s": 7451.052629, "common_lower_bound_s": 1886.4810351501515, "time_over_lower_bound": 3.9497097983849834, "penalized_time_over_lower_bound": 3.9497097983849834, "errors": []}
{"seed": 618010, "strategy": "compact_baseline", "successful": true, "virtual_time_s": 7184.737748, "common_lower_bound_s": 1932.2999225655885, "time_over_lower_bound": 3.718231142120292, "penalized_time_over_lower_bound": 3.718231142120292, "errors": []}
{"seed": 618009, "strategy": "compact_joint_optical", "successful": true, "virtual_time_s": 7451.052629, "common_lower_bound_s": 1886.4810351501515, "time_over_lower_bound": 3.9497097983849834, "penalized_time_over_lower_bound": 3.9497097983849834, "errors": []}
{"seed": 618010, "strategy": "compact_combo", "successful": true, "virtual_time_s": 6937.820413, "common_lower_bound_s": 1932.2999225655885, "time_over_lower_bound": 3.5904469756374002, "penalized_time_over_lower_bound": 3.5904469756374002, "errors": []}
{"seed": 618010, "strategy": "compact_clear_before_probe", "successful": true, "virtual_time_s": 6933.288092, "common_lower_bound_s": 1932.2999225655885, "time_over_lower_bound": 3.5881014179177773, "penalized_time_over_lower_bound": 3.5881014179177773, "errors": []}
{"seed": 618010, "strategy": "compact_joint_probe", "successful": true, "virtual_time_s": 6933.288092, "common_lower_bound_s": 1932.2999225655885, "time_over_lower_bound": 3.5881014179177773, "penalized_time_over_lower_bound": 3.5881014179177773, "errors": []}
{"seed": 618010, "strategy": "compact_joint_optical", "successful": true, "virtual_time_s": 6933.288092, "common_lower_bound_s": 1932.2999225655885, "time_over_lower_bound": 3.5881014179177773, "penalized_time_over_lower_bound": 3.5881014179177773, "errors": []}
{"seed": 618011, "strategy": "compact_baseline", "successful": true, "virtual_time_s": 8900.015636, "common_lower_bound_s": 1979.7251997479457, "time_over_lower_bound": 4.495581324687452, "penalized_time_over_lower_bound": 4.495581324687452, "errors": []}
{"seed": 618011, "strategy": "compact_combo", "successful": true, "virtual_time_s": 8327.015636, "common_lower_bound_s": 1979.7251997479457, "time_over_lower_bound": 4.206147215310578, "penalized_time_over_lower_bound": 4.206147215310578, "errors": []}
{"seed": 618011, "strategy": "compact_clear_before_probe", "successful": true, "virtual_time_s": 8266.130239, "common_lower_bound_s": 1979.7251997479457, "time_over_lower_bound": 4.175392746454117, "penalized_time_over_lower_bound": 4.175392746454117, "errors": []}
{"seed": 618011, "strategy": "compact_joint_probe", "successful": true, "virtual_time_s": 7256.426383, "common_lower_bound_s": 1979.7251997479457, "time_over_lower_bound": 3.665370519061874, "penalized_time_over_lower_bound": 3.665370519061874, "errors": []}
{"seed": 618012, "strategy": "compact_baseline", "successful": true, "virtual_time_s": 7761.79747, "common_lower_bound_s": 1867.483902279776, "time_over_lower_bound": 4.156286145505511, "penalized_time_over_lower_bound": 4.156286145505511, "errors": []}
{"seed": 618012, "strategy": "compact_combo", "successful": true, "virtual_time_s": 7252.159543, "common_lower_bound_s": 1867.483902279776, "time_over_lower_bound": 3.883385304765814, "penalized_time_over_lower_bound": 3.883385304765814, "errors": []}
{"seed": 618011, "strategy": "compact_joint_optical", "successful": true, "virtual_time_s": 7256.426383, "common_lower_bound_s": 1979.7251997479457, "time_over_lower_bound": 3.665370519061874, "penalized_time_over_lower_bound": 3.665370519061874, "errors": []}
{"seed": 618012, "strategy": "compact_clear_before_probe", "successful": true, "virtual_time_s": 7245.175481, "common_lower_bound_s": 1867.483902279776, "time_over_lower_bound": 3.879645480293178, "penalized_time_over_lower_bound": 3.879645480293178, "errors": []}
{"seed": 618012, "strategy": "compact_joint_probe", "successful": true, "virtual_time_s": 6567.418098, "common_lower_bound_s": 1867.483902279776, "time_over_lower_bound": 3.516720058460834, "penalized_time_over_lower_bound": 3.516720058460834, "errors": []}
{"seed": 618012, "strategy": "compact_joint_optical", "successful": true, "virtual_time_s": 6567.418098, "common_lower_bound_s": 1867.483902279776, "time_over_lower_bound": 3.516720058460834, "penalized_time_over_lower_bound": 3.516720058460834, "errors": []}
{"seed": 618013, "strategy": "compact_baseline", "successful": true, "virtual_time_s": 7218.428819, "common_lower_bound_s": 2479.2955817578686, "time_over_lower_bound": 2.911483758577101, "penalized_time_over_lower_bound": 2.911483758577101, "errors": []}
{"seed": 618013, "strategy": "compact_combo", "successful": true, "virtual_time_s": 7040.036422, "common_lower_bound_s": 2479.2955817578686, "time_over_lower_bound": 2.8395309029706244, "penalized_time_over_lower_bound": 2.8395309029706244, "errors": []}
{"seed": 618013, "strategy": "compact_clear_before_probe", "successful": true, "virtual_time_s": 6989.181377, "common_lower_bound_s": 2479.2955817578686, "time_over_lower_bound": 2.81901901024828, "penalized_time_over_lower_bound": 2.81901901024828, "errors": []}
{"seed": 618013, "strategy": "compact_joint_probe", "successful": true, "virtual_time_s": 6974.136174, "common_lower_bound_s": 2479.2955817578686, "time_over_lower_bound": 2.8129506724870628, "penalized_time_over_lower_bound": 2.8129506724870628, "errors": []}
{"seed": 618013, "strategy": "compact_joint_optical", "successful": true, "virtual_time_s": 6974.136174, "common_lower_bound_s": 2479.2955817578686, "time_over_lower_bound": 2.8129506724870628, "penalized_time_over_lower_bound": 2.8129506724870628, "errors": []}
{"seed": 618014, "strategy": "compact_baseline", "successful": true, "virtual_time_s": 5986.560482, "common_lower_bound_s": 2383.9038944676436, "time_over_lower_bound": 2.5112423767976084, "penalized_time_over_lower_bound": 2.5112423767976084, "errors": []}
{"seed": 618014, "strategy": "compact_combo", "successful": true, "virtual_time_s": 5543.560482, "common_lower_bound_s": 2383.9038944676436, "time_over_lower_bound": 2.3254127378477847, "penalized_time_over_lower_bound": 2.3254127378477847, "errors": []}
{"seed": 618014, "strategy": "compact_clear_before_probe", "successful": true, "virtual_time_s": 5543.560482, "common_lower_bound_s": 2383.9038944676436, "time_over_lower_bound": 2.3254127378477847, "penalized_time_over_lower_bound": 2.3254127378477847, "errors": []}
{"seed": 618014, "strategy": "compact_joint_probe", "successful": true, "virtual_time_s": 5543.560482, "common_lower_bound_s": 2383.9038944676436, "time_over_lower_bound": 2.3254127378477847, "penalized_time_over_lower_bound": 2.3254127378477847, "errors": []}
{"seed": 618014, "strategy": "compact_joint_optical", "successful": true, "virtual_time_s": 5543.560482, "common_lower_bound_s": 2383.9038944676436, "time_over_lower_bound": 2.3254127378477847, "penalized_time_over_lower_bound": 2.3254127378477847, "errors": []}
{"seed": 618015, "strategy": "compact_baseline", "successful": true, "virtual_time_s": 7803.753361, "common_lower_bound_s": 1995.6504670091908, "time_over_lower_bound": 3.910380845747604, "penalized_time_over_lower_bound": 3.910380845747604, "errors": []}
{"seed": 618015, "strategy": "compact_combo", "successful": true, "virtual_time_s": 7419.753361, "common_lower_bound_s": 1995.6504670091908, "time_over_lower_bound": 3.7179623805163216, "penalized_time_over_lower_bound": 3.7179623805163216, "errors": []}
{"seed": 618015, "strategy": "compact_clear_before_probe", "successful": true, "virtual_time_s": 7379.507465, "common_lower_bound_s": 1995.6504670091908, "time_over_lower_bound": 3.6977955744221083, "penalized_time_over_lower_bound": 3.6977955744221083, "errors": []}
{"seed": 618015, "strategy": "compact_joint_probe", "successful": true, "virtual_time_s": 7381.395886, "common_lower_bound_s": 1995.6504670091908, "time_over_lower_bound": 3.6987418428349486, "penalized_time_over_lower_bound": 3.6987418428349486, "errors": []}
{"seed": 618015, "strategy": "compact_joint_optical", "successful": true, "virtual_time_s": 7381.395886, "common_lower_bound_s": 1995.6504670091908, "time_over_lower_bound": 3.6987418428349486, "penalized_time_over_lower_bound": 3.6987418428349486, "errors": []}
{"seed": 618016, "strategy": "compact_baseline", "successful": true, "virtual_time_s": 6188.551621, "common_lower_bound_s": 2168.379800244124, "time_over_lower_bound": 2.85399800362615, "penalized_time_over_lower_bound": 2.85399800362615, "errors": []}
{"seed": 618016, "strategy": "compact_combo", "successful": true, "virtual_time_s": 5809.231856, "common_lower_bound_s": 2168.379800244124, "time_over_lower_bound": 2.679065657845538, "penalized_time_over_lower_bound": 2.679065657845538, "errors": []}
{"seed": 618016, "strategy": "compact_clear_before_probe", "successful": true, "virtual_time_s": 5802.211653, "common_lower_bound_s": 2168.379800244124, "time_over_lower_bound": 2.675828123996897, "penalized_time_over_lower_bound": 2.675828123996897, "errors": []}
{"seed": 618016, "strategy": "compact_joint_probe", "successful": true, "virtual_time_s": 5802.211653, "common_lower_bound_s": 2168.379800244124, "time_over_lower_bound": 2.675828123996897, "penalized_time_over_lower_bound": 2.675828123996897, "errors": []}
{"seed": 618016, "strategy": "compact_joint_optical", "successful": true, "virtual_time_s": 5802.211653, "common_lower_bound_s": 2168.379800244124, "time_over_lower_bound": 2.675828123996897, "penalized_time_over_lower_bound": 2.675828123996897, "errors": []}
{"seed": 618017, "strategy": "compact_baseline", "successful": true, "virtual_time_s": 7739.831845, "common_lower_bound_s": 2396.947639937959, "time_over_lower_bound": 3.229036678164706, "penalized_time_over_lower_bound": 3.229036678164706, "errors": []}
{"seed": 618017, "strategy": "compact_combo", "successful": true, "virtual_time_s": 7069.994367, "common_lower_bound_s": 2396.947639937959, "time_over_lower_bound": 2.949582314273246, "penalized_time_over_lower_bound": 2.949582314273246, "errors": []}
{"seed": 618017, "strategy": "compact_clear_before_probe", "successful": true, "virtual_time_s": 6987.945806, "common_lower_bound_s": 2396.947639937959, "time_over_lower_bound": 2.9153518790176287, "penalized_time_over_lower_bound": 2.9153518790176287, "errors": []}
{"seed": 618017, "strategy": "compact_joint_probe", "successful": true, "virtual_time_s": 6987.945806, "common_lower_bound_s": 2396.947639937959, "time_over_lower_bound": 2.9153518790176287, "penalized_time_over_lower_bound": 2.9153518790176287, "errors": []}
{"seed": 618017, "strategy": "compact_joint_optical", "successful": true, "virtual_time_s": 6987.945806, "common_lower_bound_s": 2396.947639937959, "time_over_lower_bound": 2.9153518790176287, "penalized_time_over_lower_bound": 2.9153518790176287, "errors": []}
{"seed": 618018, "strategy": "compact_baseline", "successful": true, "virtual_time_s": 6685.990863, "common_lower_bound_s": 2506.921848103572, "time_over_lower_bound": 2.667012084185152, "penalized_time_over_lower_bound": 2.667012084185152, "errors": []}
{"seed": 618018, "strategy": "compact_combo", "successful": true, "virtual_time_s": 6195.990863, "common_lower_bound_s": 2506.921848103572, "time_over_lower_bound": 2.4715532587053413, "penalized_time_over_lower_bound": 2.4715532587053413, "errors": []}
{"seed": 618018, "strategy": "compact_clear_before_probe", "successful": true, "virtual_time_s": 6188.258754, "common_lower_bound_s": 2506.921848103572, "time_over_lower_bound": 2.4684689547387664, "penalized_time_over_lower_bound": 2.4684689547387664, "errors": []}
{"seed": 618018, "strategy": "compact_joint_probe", "successful": true, "virtual_time_s": 6188.258754, "common_lower_bound_s": 2506.921848103572, "time_over_lower_bound": 2.4684689547387664, "penalized_time_over_lower_bound": 2.4684689547387664, "errors": []}
{"seed": 618019, "strategy": "compact_baseline", "successful": true, "virtual_time_s": 6797.874158, "common_lower_bound_s": 1967.3882511717388, "time_over_lower_bound": 3.4552784148992024, "penalized_time_over_lower_bound": 3.4552784148992024, "errors": []}
{"seed": 618018, "strategy": "compact_joint_optical", "successful": true, "virtual_time_s": 6188.258754, "common_lower_bound_s": 2506.921848103572, "time_over_lower_bound": 2.4684689547387664, "penalized_time_over_lower_bound": 2.4684689547387664, "errors": []}
{"seed": 618019, "strategy": "compact_combo", "successful": true, "virtual_time_s": 6569.874158, "common_lower_bound_s": 1967.3882511717388, "time_over_lower_bound": 3.3393887322886613, "penalized_time_over_lower_bound": 3.3393887322886613, "errors": []}
{"seed": 618019, "strategy": "compact_clear_before_probe", "successful": true, "virtual_time_s": 6549.860134, "common_lower_bound_s": 1967.3882511717388, "time_over_lower_bound": 3.329215842424101, "penalized_time_over_lower_bound": 3.329215842424101, "errors": []}
{"seed": 618019, "strategy": "compact_joint_probe", "successful": true, "virtual_time_s": 6549.860134, "common_lower_bound_s": 1967.3882511717388, "time_over_lower_bound": 3.329215842424101, "penalized_time_over_lower_bound": 3.329215842424101, "errors": []}
{"seed": 618019, "strategy": "compact_joint_optical", "successful": true, "virtual_time_s": 6549.860134, "common_lower_bound_s": 1967.3882511717388, "time_over_lower_bound": 3.329215842424101, "penalized_time_over_lower_bound": 3.329215842424101, "errors": []}
{"seed": 618020, "strategy": "compact_baseline", "successful": true, "virtual_time_s": 6671.72872, "common_lower_bound_s": 1787.9444649823567, "time_over_lower_bound": 3.731507801650783, "penalized_time_over_lower_bound": 3.731507801650783, "errors": []}
{"seed": 618020, "strategy": "compact_combo", "successful": true, "virtual_time_s": 4598.931934, "common_lower_bound_s": 1787.9444649823567, "time_over_lower_bound": 2.572189474601708, "penalized_time_over_lower_bound": 2.572189474601708, "errors": []}
{"seed": 618020, "strategy": "compact_clear_before_probe", "successful": true, "virtual_time_s": 4577.029548, "common_lower_bound_s": 1787.9444649823567, "time_over_lower_bound": 2.559939437517801, "penalized_time_over_lower_bound": 2.559939437517801, "errors": []}
{"seed": 618020, "strategy": "compact_joint_probe", "successful": true, "virtual_time_s": 4577.029548, "common_lower_bound_s": 1787.9444649823567, "time_over_lower_bound": 2.559939437517801, "penalized_time_over_lower_bound": 2.559939437517801, "errors": []}
{"seed": 618020, "strategy": "compact_joint_optical", "successful": true, "virtual_time_s": 4577.029548, "common_lower_bound_s": 1787.9444649823567, "time_over_lower_bound": 2.559939437517801, "penalized_time_over_lower_bound": 2.559939437517801, "errors": []}
{"seed": 618021, "strategy": "compact_baseline", "successful": true, "virtual_time_s": 7622.105166, "common_lower_bound_s": 1864.9553105024092, "time_over_lower_bound": 4.087017593974756, "penalized_time_over_lower_bound": 4.087017593974756, "errors": []}
{"seed": 618021, "strategy": "compact_combo", "successful": true, "virtual_time_s": 5555.15616, "common_lower_bound_s": 1864.9553105024092, "time_over_lower_bound": 2.9787073870973724, "penalized_time_over_lower_bound": 2.9787073870973724, "errors": []}
{"seed": 618021, "strategy": "compact_clear_before_probe", "successful": true, "virtual_time_s": 5495.049715, "common_lower_bound_s": 1864.9553105024092, "time_over_lower_bound": 2.946477957972978, "penalized_time_over_lower_bound": 2.946477957972978, "errors": []}
{"seed": 618021, "strategy": "compact_joint_probe", "successful": true, "virtual_time_s": 5495.049715, "common_lower_bound_s": 1864.9553105024092, "time_over_lower_bound": 2.946477957972978, "penalized_time_over_lower_bound": 2.946477957972978, "errors": []}
{"seed": 618021, "strategy": "compact_joint_optical", "successful": true, "virtual_time_s": 5495.049715, "common_lower_bound_s": 1864.9553105024092, "time_over_lower_bound": 2.946477957972978, "penalized_time_over_lower_bound": 2.946477957972978, "errors": []}
{"seed": 618022, "strategy": "compact_baseline", "successful": true, "virtual_time_s": 6510.669698, "common_lower_bound_s": 2357.059476860412, "time_over_lower_bound": 2.762200004673692, "penalized_time_over_lower_bound": 2.762200004673692, "errors": []}
{"seed": 618022, "strategy": "compact_combo", "successful": true, "virtual_time_s": 5875.817965, "common_lower_bound_s": 2357.059476860412, "time_over_lower_bound": 2.4928594389253815, "penalized_time_over_lower_bound": 2.4928594389253815, "errors": []}
{"seed": 618022, "strategy": "compact_clear_before_probe", "successful": true, "virtual_time_s": 5867.844098, "common_lower_bound_s": 2357.059476860412, "time_over_lower_bound": 2.4894764665913014, "penalized_time_over_lower_bound": 2.4894764665913014, "errors": []}
{"seed": 618022, "strategy": "compact_joint_probe", "successful": true, "virtual_time_s": 5867.844098, "common_lower_bound_s": 2357.059476860412, "time_over_lower_bound": 2.4894764665913014, "penalized_time_over_lower_bound": 2.4894764665913014, "errors": []}
{"seed": 618022, "strategy": "compact_joint_optical", "successful": true, "virtual_time_s": 5867.844098, "common_lower_bound_s": 2357.059476860412, "time_over_lower_bound": 2.4894764665913014, "penalized_time_over_lower_bound": 2.4894764665913014, "errors": []}
{"seed": 618023, "strategy": "compact_baseline", "successful": true, "virtual_time_s": 7206.36626, "common_lower_bound_s": 2165.769807755238, "time_over_lower_bound": 3.327392520754181, "penalized_time_over_lower_bound": 3.327392520754181, "errors": []}
{"seed": 618023, "strategy": "compact_combo", "successful": true, "virtual_time_s": 6614.795069, "common_lower_bound_s": 2165.769807755238, "time_over_lower_bound": 3.0542465987445158, "penalized_time_over_lower_bound": 3.0542465987445158, "errors": []}
{"seed": 618023, "strategy": "compact_clear_before_probe", "successful": true, "virtual_time_s": 6592.931914, "common_lower_bound_s": 2165.769807755238, "time_over_lower_bound": 3.0441517332044605, "penalized_time_over_lower_bound": 3.0441517332044605, "errors": []}
{"seed": 618023, "strategy": "compact_joint_probe", "successful": true, "virtual_time_s": 6503.818492, "common_lower_bound_s": 2165.769807755238, "time_over_lower_bound": 3.003005429621827, "penalized_time_over_lower_bound": 3.003005429621827, "errors": []}
{"seed": 618023, "strategy": "compact_joint_optical", "successful": true, "virtual_time_s": 6503.818492, "common_lower_bound_s": 2165.769807755238, "time_over_lower_bound": 3.003005429621827, "penalized_time_over_lower_bound": 3.003005429621827, "errors": []}
{"seed": 618024, "strategy": "compact_baseline", "successful": true, "virtual_time_s": 6658.17319, "common_lower_bound_s": 2182.262277412066, "time_over_lower_bound": 3.051041691421205, "penalized_time_over_lower_bound": 3.051041691421205, "errors": []}
{"seed": 618024, "strategy": "compact_combo", "successful": true, "virtual_time_s": 6570.104047, "common_lower_bound_s": 2182.262277412066, "time_over_lower_bound": 3.010684881925125, "penalized_time_over_lower_bound": 3.010684881925125, "errors": []}
{"seed": 618024, "strategy": "compact_clear_before_probe", "successful": true, "virtual_time_s": 6562.898396, "common_lower_bound_s": 2182.262277412066, "time_over_lower_bound": 3.007382963968432, "penalized_time_over_lower_bound": 3.007382963968432, "errors": []}
{"seed": 618024, "strategy": "compact_joint_probe", "successful": true, "virtual_time_s": 6562.898396, "common_lower_bound_s": 2182.262277412066, "time_over_lower_bound": 3.007382963968432, "penalized_time_over_lower_bound": 3.007382963968432, "errors": []}
{"seed": 618024, "strategy": "compact_joint_optical", "successful": true, "virtual_time_s": 6562.898396, "common_lower_bound_s": 2182.262277412066, "time_over_lower_bound": 3.007382963968432, "penalized_time_over_lower_bound": 3.007382963968432, "errors": []}
{"summaries": {"compact_baseline": {"runs": 24, "successful": 24, "mean_time_s": 7258.932553583333, "mean_lower_bound_s": 2097.586125909354, "mean_time_over_mean_lower_bound": 3.4606123981852766, "mean_individual_ratio": 3.50877746038894, "p95_time_s": 8114.0417158, "max_time_s": 8900.015636, "mean_runtime_s": 0.07577522083496054, "mean_components_s": {"movement_s": 5321.182553583333, "switching_s": 288.5, "detection_s": 1565.0, "optical_s": 57.0, "removal_s": 27.25}}, "compact_clear_before_probe": {"runs": 24, "successful": 24, "mean_time_s": 6561.367011666666, "mean_lower_bound_s": 2097.586125909354, "mean_time_over_mean_lower_bound": 3.128056069126676, "mean_individual_ratio": 3.1532820400516, "p95_time_s": 7639.07226945, "max_time_s": 8266.130239, "mean_runtime_s": 0.06475581666745711, "mean_components_s": {"movement_s": 5009.492011666666, "switching_s": 226.25, "detection_s": 1237.5, "optical_s": 60.875, "removal_s": 27.25}}, "compact_combo": {"runs": 24, "successful": 24, "mean_time_s": 6592.3295941666665, "mean_lower_bound_s": 2097.586125909354, "mean_time_over_mean_lower_bound": 3.142817123329672, "mean_individual_ratio": 3.1685198595480397, "p95_time_s": 7674.57744675, "max_time_s": 8327.015636, "mean_runtime_s": 0.0744982291701793, "mean_components_s": {"movement_s": 5022.4129275, "switching_s": 228.0, "detection_s": 1254.1666666666667, "optical_s": 60.5, "removal_s": 27.25}}, "compact_joint_optical": {"runs": 24, "successful": 24, "mean_time_s": 6487.0156165416665, "mean_lower_bound_s": 2097.586125909354, "mean_time_over_mean_lower_bound": 3.092609898785152, "mean_individual_ratio": 3.115111925509735, "p95_time_s": 7440.6041175499995, "max_time_s": 7672.252206, "mean_runtime_s": 0.16086585416148105, "mean_components_s": {"movement_s": 4952.5572832083335, "switching_s": 226.20833333333334, "detection_s": 1235.625, "optical_s": 45.375, "removal_s": 27.25}}, "compact_joint_probe": {"runs": 24, "successful": 24, "mean_time_s": 6487.0156165416665, "mean_lower_bound_s": 2097.586125909354, "mean_time_over_mean_lower_bound": 3.092609898785152, "mean_individual_ratio": 3.115111925509735, "p95_time_s": 7440.6041175499995, "max_time_s": 7672.252206, "mean_runtime_s": 0.16152419583643982, "mean_components_s": {"movement_s": 4952.5572832083335, "switching_s": 226.20833333333334, "detection_s": 1235.625, "optical_s": 45.375, "removal_s": 27.25}}}, "paired_vs_compact_baseline": {"compact_clear_before_probe": {"pairs": 24, "all_complete": true, "mean_saved_s": 697.5655419166666, "saving_ci95_s": [472.0873851249998, 971.1579647083335], "mean_reduction_fraction": 0.0960975373124685, "wins": 24, "losses": 0, "ties": 0, "worst_regression_s": 0.0, "paired_ratio_p95": 0.9677554982270233}, "compact_combo": {"pairs": 24, "all_complete": true, "mean_saved_s": 666.6029594166665, "saving_ci95_s": [444.1802727916666, 935.4151523333333], "mean_reduction_fraction": 0.09183209163275685, "wins": 24, "losses": 0, "ties": 0, "worst_regression_s": 0.0, "paired_ratio_p95": 0.9750035732809827}, "compact_joint_optical": {"pairs": 24, "all_complete": true, "mean_saved_s": 771.9169370416665, "saving_ci95_s": [527.3634622916665, 1051.6076231666666], "mean_reduction_fraction": 0.10634028231335668, "wins": 24, "losses": 0, "ties": 0, "worst_regression_s": 0.0, "paired_ratio_p95": 0.9659838630317938}, "compact_joint_probe": {"pairs": 24, "all_complete": true, "mean_saved_s": 771.9169370416665, "saving_ci95_s": [527.3634622916665, 1051.6076231666666], "mean_reduction_fraction": 0.10634028231335668, "wins": 24, "losses": 0, "ties": 0, "worst_regression_s": 0.0, "paired_ratio_p95": 0.9659838630317938}}}
