annex random: 2400 runs; warmup 0.182s
completed 100/2400 in 4.4s
completed 200/2400 in 9.9s
completed 300/2400 in 13.8s
completed 400/2400 in 18.4s
completed 500/2400 in 22.1s
completed 600/2400 in 26.2s
completed 700/2400 in 30.7s
completed 800/2400 in 34.9s
completed 900/2400 in 39.8s
completed 1000/2400 in 44.5s
completed 1100/2400 in 50.0s
completed 1200/2400 in 57.1s
completed 1300/2400 in 62.9s
completed 1400/2400 in 66.9s
completed 1500/2400 in 71.5s
completed 1600/2400 in 75.7s
completed 1700/2400 in 79.0s
completed 1800/2400 in 82.9s
completed 1900/2400 in 86.6s
completed 2000/2400 in 90.2s
completed 2100/2400 in 94.0s
completed 2200/2400 in 97.3s
completed 2300/2400 in 101.0s
completed 2400/2400 in 104.8s
phased {"seconds_per_source": 321.0021612678149, "virtual_seconds": 4100.0693341258, "movement_metres": 15250.996670629, "detects": 164.96, "switches": 159.9575, "local_runtime_seconds": 0.02055421136727091, "failed_clears": 0.0}
joint {"seconds_per_source": 265.79639065668056, "virtual_seconds": 3402.016646039017, "movement_metres": 12760.045730195085, "detects": 133.79, "switches": 115.945, "local_runtime_seconds": 0.024458843336688005, "failed_clears": 0.0}
v2 {"seconds_per_source": 246.25912626545326, "virtual_seconds": 3148.8639228847237, "movement_metres": 11404.19461442362, "detects": 134.685, "switches": 129.4875, "local_runtime_seconds": 0.20947004116664175, "failed_clears": 0.0}
v3 {"seconds_per_source": 242.79577922990612, "virtual_seconds": 3107.006470339176, "movement_metres": 11551.80735169588, "detects": 122.785, "switches": 117.6075, "local_runtime_seconds": 0.07798343842747273, "failed_clears": 0.0}
v3_origin20 {"seconds_per_source": 243.99135375262077, "virtual_seconds": 3119.627264158422, "movement_metres": 11203.348820792105, "detects": 136.55, "switches": 131.095, "local_runtime_seconds": 0.09454065752477618, "failed_clears": 0.0}
optical {"seconds_per_source": 241.73570041658803, "virtual_seconds": 3092.944785217568, "movement_metres": 11599.886426087836, "detects": 118.055, "switches": 113.005, "local_runtime_seconds": 0.09301475896740158, "failed_clears": 1.525}
