original random: 2400 runs; warmup 0.307s
completed 100/2400 in 4.7s
completed 200/2400 in 10.0s
completed 300/2400 in 13.0s
completed 400/2400 in 16.6s
completed 500/2400 in 20.0s
completed 600/2400 in 25.8s
completed 700/2400 in 29.8s
completed 800/2400 in 32.9s
completed 900/2400 in 36.1s
completed 1000/2400 in 41.5s
completed 1100/2400 in 46.7s
completed 1200/2400 in 50.9s
completed 1300/2400 in 55.1s
completed 1400/2400 in 58.2s
completed 1500/2400 in 61.4s
completed 1600/2400 in 64.5s
completed 1700/2400 in 67.2s
completed 1800/2400 in 70.0s
completed 1900/2400 in 72.7s
completed 2000/2400 in 75.6s
completed 2100/2400 in 79.4s
completed 2200/2400 in 82.9s
completed 2300/2400 in 87.0s
completed 2400/2400 in 90.9s
phased {"seconds_per_source": 321.59392907044196, "virtual_seconds": 4107.653675938178, "movement_metres": 15252.43087969089, "detects": 164.9375, "switches": 167.3675, "local_runtime_seconds": 0.017706639267344143, "failed_clears": 0.0}
joint {"seconds_per_source": 266.5001676747859, "virtual_seconds": 3413.5635532419833, "movement_metres": 12790.692766209917, "detects": 134.1525, "switches": 119.55, "local_runtime_seconds": 0.021376200814411276, "failed_clears": 0.0}
v2 {"seconds_per_source": 247.05802223550873, "virtual_seconds": 3159.372249340373, "movement_metres": 11406.686246701865, "detects": 135.3575, "switches": 136.135, "local_runtime_seconds": 0.1820434777945775, "failed_clears": 0.0}
v3 {"seconds_per_source": 243.017145267631, "virtual_seconds": 3109.406515967494, "movement_metres": 11538.73257983747, "detects": 122.915, "switches": 121.9725, "local_runtime_seconds": 0.0658154906170239, "failed_clears": 0.0}
v3_origin20 {"seconds_per_source": 244.47889578668344, "virtual_seconds": 3125.8541904997955, "movement_metres": 11200.983452498978, "detects": 136.665, "switches": 137.22, "local_runtime_seconds": 0.08147235478507354, "failed_clears": 0.0}
optical {"seconds_per_source": 242.5078983310472, "virtual_seconds": 3102.83167816677, "movement_metres": 11595.320890833847, "detects": 118.3475, "switches": 122.425, "local_runtime_seconds": 0.08122044281524722, "failed_clears": 1.4975}
