annex stress: 3150 runs; warmup 0.210s
completed 100/3150 in 10.1s
completed 200/3150 in 20.0s
completed 300/3150 in 30.4s
completed 400/3150 in 40.4s
completed 500/3150 in 48.5s
completed 600/3150 in 54.1s
completed 700/3150 in 64.4s
completed 800/3150 in 75.6s
completed 900/3150 in 84.7s
completed 1000/3150 in 94.3s
completed 1100/3150 in 102.4s
completed 1200/3150 in 107.8s
completed 1300/3150 in 113.5s
completed 1400/3150 in 121.1s
completed 1500/3150 in 128.7s
completed 1600/3150 in 138.0s
completed 1700/3150 in 146.7s
completed 1800/3150 in 151.5s
completed 1900/3150 in 156.4s
completed 2000/3150 in 163.4s
completed 2100/3150 in 169.6s
completed 2200/3150 in 176.1s
completed 2300/3150 in 182.3s
completed 2400/3150 in 187.5s
completed 2500/3150 in 190.5s
completed 2600/3150 in 195.8s
completed 2700/3150 in 201.0s
completed 2800/3150 in 206.4s
completed 2900/3150 in 211.9s
completed 3000/3150 in 217.6s
completed 3100/3150 in 220.8s
completed 3150/3150 in 222.4s
phased {"seconds_per_source": 341.76119076521417, "virtual_seconds": 4327.579730177175, "movement_metres": 15932.127222314448, "detects": 182.53714285714287, "switches": 163.89714285714285, "local_runtime_seconds": 0.027455933227569663, "failed_clears": 0.0}
joint {"seconds_per_source": 329.7106113140946, "virtual_seconds": 4194.313307272768, "movement_metres": 15733.62367922098, "detects": 170.18, "switches": 132.11714285714285, "local_runtime_seconds": 0.03081895402965269, "failed_clears": 0.0}
v2 {"seconds_per_source": 279.23287904015575, "virtual_seconds": 3533.2269554068334, "movement_metres": 13203.349062748455, "detects": 139.14, "switches": 132.28571428571428, "local_runtime_seconds": 0.18847199058900255, "failed_clears": 0.0}
v3 {"seconds_per_source": 278.6193692552618, "virtual_seconds": 3516.850144287603, "movement_metres": 13777.179292866587, "detects": 117.33428571428571, "switches": 110.17142857142858, "local_runtime_seconds": 0.07442515702610503, "failed_clears": 0.0}
v3_origin20 {"seconds_per_source": 272.8289079699408, "virtual_seconds": 3443.6748965986285, "movement_metres": 12893.074482993141, "detects": 134.65142857142857, "switches": 127.23142857142857, "local_runtime_seconds": 0.07900341247133578, "failed_clears": 0.0}
optical {"seconds_per_source": 278.561880909394, "virtual_seconds": 3516.2292487647915, "movement_metres": 13791.189100966816, "detects": 114.35714285714286, "switches": 108.08285714285714, "local_runtime_seconds": 0.0903511978523706, "failed_clears": 4.517142857142857}
scenario {"seconds_per_source": 278.862834012602, "virtual_seconds": 3519.0148451099144, "movement_metres": 13818.517082692433, "detects": 116.47142857142858, "switches": 108.38285714285715, "local_runtime_seconds": 0.32005715428635345, "failed_clears": 0.0}
future_cover {"seconds_per_source": 278.6193692552618, "virtual_seconds": 3516.850144287603, "movement_metres": 13777.179292866587, "detects": 117.33428571428571, "switches": 110.17142857142858, "local_runtime_seconds": 0.10202405427990016, "failed_clears": 0.0}
scenario_future {"seconds_per_source": 278.862834012602, "virtual_seconds": 3519.0148451099144, "movement_metres": 13818.517082692433, "detects": 116.47142857142858, "switches": 108.38285714285715, "local_runtime_seconds": 0.3507802999708136, "failed_clears": 0.0}
