{"baseline_wall_s":0.5542985130014131,"candidate_wall_s":0.42332984099630266,"case_id":"q3-random-6000","different_fields":[],"first_different_action_index":null,"identical":true,"repeat":0}
{"baseline_wall_s":0.8035938480024925,"candidate_wall_s":0.6259457819978707,"case_id":"q3-random-6001","different_fields":[],"first_different_action_index":null,"identical":true,"repeat":0}
{"baseline_wall_s":0.5570504549978068,"candidate_wall_s":0.4240299189987127,"case_id":"q3-random-6002","different_fields":[],"first_different_action_index":null,"identical":true,"repeat":0}
{"baseline_wall_s":0.6704460110049695,"candidate_wall_s":0.4969235739990836,"case_id":"q3-random-6003","different_fields":[],"first_different_action_index":null,"identical":true,"repeat":0}
{"baseline_wall_s":0.9100830419920385,"candidate_wall_s":0.6778408700047294,"case_id":"q3-random-6004","different_fields":[],"first_different_action_index":null,"identical":true,"repeat":0}
{"baseline_wall_s":0.6800723429914797,"candidate_wall_s":0.533737392994226,"case_id":"q3-random-6005","different_fields":[],"first_different_action_index":null,"identical":true,"repeat":0}
{"baseline_wall_s":0.6329699769994477,"candidate_wall_s":0.49281307800265495,"case_id":"q3-random-6006","different_fields":[],"first_different_action_index":null,"identical":true,"repeat":0}
{"baseline_wall_s":0.6197229160025017,"candidate_wall_s":0.45768074299849104,"case_id":"q3-random-6007","different_fields":[],"first_different_action_index":null,"identical":true,"repeat":0}
{"baseline_wall_s":0.8232147520029685,"candidate_wall_s":0.6472380339982919,"case_id":"q3-random-972000","different_fields":[],"first_different_action_index":null,"identical":true,"repeat":0}
{"baseline_wall_s":0.6364625449932646,"candidate_wall_s":0.47311733799870126,"case_id":"q3-random-972001","different_fields":[],"first_different_action_index":null,"identical":true,"repeat":0}
{"baseline_wall_s":0.5021077639976284,"candidate_wall_s":0.3663563180016354,"case_id":"q3-random-972002","different_fields":[],"first_different_action_index":null,"identical":true,"repeat":0}
{"baseline_wall_s":0.8704273299954366,"candidate_wall_s":0.6641774390009232,"case_id":"q3-random-972003","different_fields":[],"first_different_action_index":null,"identical":true,"repeat":0}
{"baseline_wall_s":0.706528946000617,"candidate_wall_s":0.5550488459994085,"case_id":"q3-random-972004","different_fields":[],"first_different_action_index":null,"identical":true,"repeat":0}
{"baseline_wall_s":0.7678206710115774,"candidate_wall_s":0.6390892720082775,"case_id":"q3-random-972005","different_fields":[],"first_different_action_index":null,"identical":true,"repeat":0}
{"baseline_wall_s":0.6459387209906708,"candidate_wall_s":0.5238481980049983,"case_id":"q3-random-972006","different_fields":[],"first_different_action_index":null,"identical":true,"repeat":0}
{"baseline_wall_s":0.5604247750015929,"candidate_wall_s":0.45363399099733215,"case_id":"q3-random-972007","different_fields":[],"first_different_action_index":null,"identical":true,"repeat":0}
{"baseline_wall_s":0.8474783319979906,"candidate_wall_s":0.6538131879933644,"case_id":"q3-random-972008","different_fields":[],"first_different_action_index":null,"identical":true,"repeat":0}
{"baseline_wall_s":0.6724104400054784,"candidate_wall_s":0.49653068999759853,"case_id":"q3-random-972009","different_fields":[],"first_different_action_index":null,"identical":true,"repeat":0}
{"baseline_wall_s":0.6470241589995567,"candidate_wall_s":0.4979259249957977,"case_id":"q3-random-972010","different_fields":[],"first_different_action_index":null,"identical":true,"repeat":0}
{"baseline_wall_s":0.5158900700043887,"candidate_wall_s":0.40307711200148333,"case_id":"q3-random-972011","different_fields":[],"first_different_action_index":null,"identical":true,"repeat":0}
{"baseline_wall_s":0.6104522039968288,"candidate_wall_s":0.4706424540054286,"case_id":"q3-random-972012","different_fields":[],"first_different_action_index":null,"identical":true,"repeat":0}
{"baseline_wall_s":0.581775052996818,"candidate_wall_s":0.43688897098763846,"case_id":"q3-random-972013","different_fields":[],"first_different_action_index":null,"identical":true,"repeat":0}
{"baseline_wall_s":0.953758226998616,"candidate_wall_s":0.7122238660085713,"case_id":"q3-random-972014","different_fields":[],"first_different_action_index":null,"identical":true,"repeat":0}
{"baseline_wall_s":0.7398885379952844,"candidate_wall_s":0.5653343470039545,"case_id":"q3-random-972015","different_fields":[],"first_different_action_index":null,"identical":true,"repeat":0}
{"baseline_wall_s":0.7171969540067948,"candidate_wall_s":0.5457101829961175,"case_id":"q3-random-972016","different_fields":[],"first_different_action_index":null,"identical":true,"repeat":0}
{"baseline_wall_s":0.4689660720032407,"candidate_wall_s":0.38349004699557554,"case_id":"q3-random-972017","different_fields":[],"first_different_action_index":null,"identical":true,"repeat":0}
{"baseline_wall_s":0.6485037969978293,"candidate_wall_s":0.5002024639979936,"case_id":"q3-random-972018","different_fields":[],"first_different_action_index":null,"identical":true,"repeat":0}
{"baseline_wall_s":0.4722042869980214,"candidate_wall_s":0.3600805290043354,"case_id":"q3-random-972019","different_fields":[],"first_different_action_index":null,"identical":true,"repeat":0}
{"baseline_wall_s":0.8623192570084939,"candidate_wall_s":0.6791499609971652,"case_id":"q3-random-972020","different_fields":[],"first_different_action_index":null,"identical":true,"repeat":0}
{"baseline_wall_s":0.7887018239998724,"candidate_wall_s":0.6569975160091417,"case_id":"q3-random-972021","different_fields":[],"first_different_action_index":null,"identical":true,"repeat":0}
{"baseline_wall_s":0.5976118339895038,"candidate_wall_s":0.47161454099114053,"case_id":"q3-random-972022","different_fields":[],"first_different_action_index":null,"identical":true,"repeat":0}
{"baseline_wall_s":0.6811680209939368,"candidate_wall_s":0.5067713539901888,"case_id":"q3-random-972023","different_fields":[],"first_different_action_index":null,"identical":true,"repeat":0}
{"baseline_wall_s":0.5488678190013161,"candidate_wall_s":0.44079415300802793,"case_id":"q3-random-972024","different_fields":[],"first_different_action_index":null,"identical":true,"repeat":0}
{"baseline_wall_s":0.8026936640089843,"candidate_wall_s":0.5768622049945407,"case_id":"q3-random-972025","different_fields":[],"first_different_action_index":null,"identical":true,"repeat":0}
{"baseline_wall_s":0.6874984739988577,"candidate_wall_s":0.5024157500010915,"case_id":"q3-random-972026","different_fields":[],"first_different_action_index":null,"identical":true,"repeat":0}
{"baseline_wall_s":0.6673060620087199,"candidate_wall_s":0.4861947329918621,"case_id":"q3-random-972027","different_fields":[],"first_different_action_index":null,"identical":true,"repeat":0}
{"baseline_wall_s":0.7475724339892622,"candidate_wall_s":0.5671684069966432,"case_id":"q3-random-972028","different_fields":[],"first_different_action_index":null,"identical":true,"repeat":0}
{"baseline_wall_s":0.672589533001883,"candidate_wall_s":0.48863373800122645,"case_id":"q3-random-972029","different_fields":[],"first_different_action_index":null,"identical":true,"repeat":0}
{"baseline_wall_s":0.8163424100057455,"candidate_wall_s":0.6138931989989942,"case_id":"q3-random-972030","different_fields":[],"first_different_action_index":null,"identical":true,"repeat":0}
{"baseline_wall_s":0.435784646004322,"candidate_wall_s":0.32467011400149204,"case_id":"q3-random-972031","different_fields":[],"first_different_action_index":null,"identical":true,"repeat":0}
{"baseline_wall_s":0.6932193969987566,"candidate_wall_s":0.5275891939963913,"case_id":"q3-v1-stress-minimum_radius-972100","different_fields":[],"first_different_action_index":null,"identical":true,"repeat":0}
{"baseline_wall_s":0.5519048420101171,"candidate_wall_s":0.40153989600366913,"case_id":"q3-v1-stress-boundary-972101","different_fields":[],"first_different_action_index":null,"identical":true,"repeat":0}
{"baseline_wall_s":0.3312143179937266,"candidate_wall_s":0.3145225960033713,"case_id":"q3-v1-stress-cluster-972102","different_fields":[],"first_different_action_index":null,"identical":true,"repeat":0}
{"baseline_wall_s":0.7912984959984897,"candidate_wall_s":0.5876578610041179,"case_id":"q3-v1-stress-positive_error-972103","different_fields":[],"first_different_action_index":null,"identical":true,"repeat":0}
{"baseline_wall_s":0.5074784669996006,"candidate_wall_s":0.3657738620095188,"case_id":"q3-v1-stress-negative_error-972104","different_fields":[],"first_different_action_index":null,"identical":true,"repeat":0}
{"baseline_wall_s":0.7552751979965251,"candidate_wall_s":0.5884252889954951,"case_id":"q3-v1-stress-alternating_error-972105","different_fields":[],"first_different_action_index":null,"identical":true,"repeat":0}
{"baseline_wall_s":0.41356777399778366,"candidate_wall_s":0.33561746899795253,"case_id":"q3-v1-stress-narrow_strip-972106","different_fields":[],"first_different_action_index":null,"identical":true,"repeat":0}
{"baseline_wall_s":0.7446863429941004,"candidate_wall_s":0.5565968590090051,"case_id":"q3-v1-stress-minimum_radius-972107","different_fields":[],"first_different_action_index":null,"identical":true,"repeat":0}
{"baseline_wall_s":0.5893775670119794,"candidate_wall_s":0.4434070290008094,"case_id":"q3-v1-stress-boundary-972108","different_fields":[],"first_different_action_index":null,"identical":true,"repeat":0}
{"baseline_wall_s":0.18441133499436546,"candidate_wall_s":0.14711365599941928,"case_id":"q3-v1-stress-cluster-972109","different_fields":[],"first_different_action_index":null,"identical":true,"repeat":0}
{"baseline_wall_s":0.7524828509922372,"candidate_wall_s":0.5680944320047274,"case_id":"q3-v1-stress-positive_error-972110","different_fields":[],"first_different_action_index":null,"identical":true,"repeat":0}
{"baseline_wall_s":0.40984098000626545,"candidate_wall_s":0.2944876030087471,"case_id":"q3-v1-stress-negative_error-972111","different_fields":[],"first_different_action_index":null,"identical":true,"repeat":0}
{"baseline_wall_s":0.7199456189991906,"candidate_wall_s":0.5493513090041233,"case_id":"q3-v1-stress-alternating_error-972112","different_fields":[],"first_different_action_index":null,"identical":true,"repeat":0}
{"baseline_wall_s":0.33540598100807983,"candidate_wall_s":0.2647792759962613,"case_id":"q3-v1-stress-narrow_strip-972113","different_fields":[],"first_different_action_index":null,"identical":true,"repeat":0}
{"baseline_wall_s":0.5759199899912346,"candidate_wall_s":0.4371183940093033,"case_id":"q3-random-6000","different_fields":[],"first_different_action_index":null,"identical":true,"repeat":1}
{"baseline_wall_s":0.8034895120072179,"candidate_wall_s":0.6573892019951018,"case_id":"q3-random-6001","different_fields":[],"first_different_action_index":null,"identical":true,"repeat":1}
{"baseline_wall_s":0.5644205130083719,"candidate_wall_s":0.42744619499717373,"case_id":"q3-random-6002","different_fields":[],"first_different_action_index":null,"identical":true,"repeat":1}
{"baseline_wall_s":0.6592035849898821,"candidate_wall_s":0.522315869005979,"case_id":"q3-random-6003","different_fields":[],"first_different_action_index":null,"identical":true,"repeat":1}
{"baseline_wall_s":0.9167221820098348,"candidate_wall_s":0.6778899830096634,"case_id":"q3-random-6004","different_fields":[],"first_different_action_index":null,"identical":true,"repeat":1}
{"baseline_wall_s":0.699511333994451,"candidate_wall_s":0.5298319079884095,"case_id":"q3-random-6005","different_fields":[],"first_different_action_index":null,"identical":true,"repeat":1}
{"baseline_wall_s":0.607909350990667,"candidate_wall_s":0.4870097579987487,"case_id":"q3-random-6006","different_fields":[],"first_different_action_index":null,"identical":true,"repeat":1}
{"baseline_wall_s":0.6125277959945379,"candidate_wall_s":0.4657202590024099,"case_id":"q3-random-6007","different_fields":[],"first_different_action_index":null,"identical":true,"repeat":1}
{"baseline_wall_s":0.824689084009151,"candidate_wall_s":0.6528153449908132,"case_id":"q3-random-972000","different_fields":[],"first_different_action_index":null,"identical":true,"repeat":1}
{"baseline_wall_s":0.6444867160025751,"candidate_wall_s":0.4713342850009212,"case_id":"q3-random-972001","different_fields":[],"first_different_action_index":null,"identical":true,"repeat":1}
{"baseline_wall_s":0.49770938299479894,"candidate_wall_s":0.36698459601029754,"case_id":"q3-random-972002","different_fields":[],"first_different_action_index":null,"identical":true,"repeat":1}
{"baseline_wall_s":0.88089424399368,"candidate_wall_s":0.6673311680060579,"case_id":"q3-random-972003","different_fields":[],"first_different_action_index":null,"identical":true,"repeat":1}
{"baseline_wall_s":0.7215072219987633,"candidate_wall_s":0.5455823030060856,"case_id":"q3-random-972004","different_fields":[],"first_different_action_index":null,"identical":true,"repeat":1}
{"baseline_wall_s":0.7640265289956005,"candidate_wall_s":0.6095405099913478,"case_id":"q3-random-972005","different_fields":[],"first_different_action_index":null,"identical":true,"repeat":1}
{"baseline_wall_s":0.6548034649895271,"candidate_wall_s":0.5048108070041053,"case_id":"q3-random-972006","different_fields":[],"first_different_action_index":null,"identical":true,"repeat":1}
{"baseline_wall_s":0.5857296050089644,"candidate_wall_s":0.4800912589998916,"case_id":"q3-random-972007","different_fields":[],"first_different_action_index":null,"identical":true,"repeat":1}
{"baseline_wall_s":0.8532699300121749,"candidate_wall_s":0.6514020550093846,"case_id":"q3-random-972008","different_fields":[],"first_different_action_index":null,"identical":true,"repeat":1}
{"baseline_wall_s":0.6716699429962318,"candidate_wall_s":0.5074443210032769,"case_id":"q3-random-972009","different_fields":[],"first_different_action_index":null,"identical":true,"repeat":1}
{"baseline_wall_s":0.6897530289861606,"candidate_wall_s":0.5333250219991896,"case_id":"q3-random-972010","different_fields":[],"first_different_action_index":null,"identical":true,"repeat":1}
{"baseline_wall_s":0.5141980769985821,"candidate_wall_s":0.38413961700280197,"case_id":"q3-random-972011","different_fields":[],"first_different_action_index":null,"identical":true,"repeat":1}
{"baseline_wall_s":0.6103855000110343,"candidate_wall_s":0.48260098199534696,"case_id":"q3-random-972012","different_fields":[],"first_different_action_index":null,"identical":true,"repeat":1}
{"baseline_wall_s":0.5808287969994126,"candidate_wall_s":0.47192913699836936,"case_id":"q3-random-972013","different_fields":[],"first_different_action_index":null,"identical":true,"repeat":1}
{"baseline_wall_s":0.9342865530052222,"candidate_wall_s":0.7369798909930978,"case_id":"q3-random-972014","different_fields":[],"first_different_action_index":null,"identical":true,"repeat":1}
{"baseline_wall_s":0.754278352993424,"candidate_wall_s":0.5711969809926813,"case_id":"q3-random-972015","different_fields":[],"first_different_action_index":null,"identical":true,"repeat":1}
{"baseline_wall_s":0.7428628640045645,"candidate_wall_s":0.5602898930083029,"case_id":"q3-random-972016","different_fields":[],"first_different_action_index":null,"identical":true,"repeat":1}
{"baseline_wall_s":0.4650089440110605,"candidate_wall_s":0.4054232820053585,"case_id":"q3-random-972017","different_fields":[],"first_different_action_index":null,"identical":true,"repeat":1}
{"baseline_wall_s":0.6447253010119312,"candidate_wall_s":0.5195754390006186,"case_id":"q3-random-972018","different_fields":[],"first_different_action_index":null,"identical":true,"repeat":1}
{"baseline_wall_s":0.4560882189980475,"candidate_wall_s":0.35639360299683176,"case_id":"q3-random-972019","different_fields":[],"first_different_action_index":null,"identical":true,"repeat":1}
{"baseline_wall_s":0.8446648429962806,"candidate_wall_s":0.6127366979926592,"case_id":"q3-random-972020","different_fields":[],"first_different_action_index":null,"identical":true,"repeat":1}
{"baseline_wall_s":0.797438149995287,"candidate_wall_s":0.6395845520019066,"case_id":"q3-random-972021","different_fields":[],"first_different_action_index":null,"identical":true,"repeat":1}
{"baseline_wall_s":0.6249402060057037,"candidate_wall_s":0.47213399500469677,"case_id":"q3-random-972022","different_fields":[],"first_different_action_index":null,"identical":true,"repeat":1}
{"baseline_wall_s":0.6811956849996932,"candidate_wall_s":0.5222887249983614,"case_id":"q3-random-972023","different_fields":[],"first_different_action_index":null,"identical":true,"repeat":1}
{"baseline_wall_s":0.5590001020027557,"candidate_wall_s":0.43159444199409336,"case_id":"q3-random-972024","different_fields":[],"first_different_action_index":null,"identical":true,"repeat":1}
{"baseline_wall_s":0.7394241389993113,"candidate_wall_s":0.5605019950016867,"case_id":"q3-random-972025","different_fields":[],"first_different_action_index":null,"identical":true,"repeat":1}
{"baseline_wall_s":0.6998736949899467,"candidate_wall_s":0.48951521700655576,"case_id":"q3-random-972026","different_fields":[],"first_different_action_index":null,"identical":true,"repeat":1}
{"baseline_wall_s":0.6936965729983058,"candidate_wall_s":0.47859023400815204,"case_id":"q3-random-972027","different_fields":[],"first_different_action_index":null,"identical":true,"repeat":1}
{"baseline_wall_s":0.7594836420030333,"candidate_wall_s":0.5609531100053573,"case_id":"q3-random-972028","different_fields":[],"first_different_action_index":null,"identical":true,"repeat":1}
{"baseline_wall_s":0.6677222139987862,"candidate_wall_s":0.4885660340078175,"case_id":"q3-random-972029","different_fields":[],"first_different_action_index":null,"identical":true,"repeat":1}
{"baseline_wall_s":0.8215779429883696,"candidate_wall_s":0.6252295890008099,"case_id":"q3-random-972030","different_fields":[],"first_different_action_index":null,"identical":true,"repeat":1}
{"baseline_wall_s":0.4239691459952155,"candidate_wall_s":0.3366598110005725,"case_id":"q3-random-972031","different_fields":[],"first_different_action_index":null,"identical":true,"repeat":1}
{"baseline_wall_s":0.7314473860024009,"candidate_wall_s":0.5252695030067116,"case_id":"q3-v1-stress-minimum_radius-972100","different_fields":[],"first_different_action_index":null,"identical":true,"repeat":1}
{"baseline_wall_s":0.5786982239951612,"candidate_wall_s":0.39999715200974606,"case_id":"q3-v1-stress-boundary-972101","different_fields":[],"first_different_action_index":null,"identical":true,"repeat":1}
{"baseline_wall_s":0.3305884939909447,"candidate_wall_s":0.30493871799262706,"case_id":"q3-v1-stress-cluster-972102","different_fields":[],"first_different_action_index":null,"identical":true,"repeat":1}
{"baseline_wall_s":0.7476206339924829,"candidate_wall_s":0.5722121350117959,"case_id":"q3-v1-stress-positive_error-972103","different_fields":[],"first_different_action_index":null,"identical":true,"repeat":1}
{"baseline_wall_s":0.4843177279981319,"candidate_wall_s":0.3655707580037415,"case_id":"q3-v1-stress-negative_error-972104","different_fields":[],"first_different_action_index":null,"identical":true,"repeat":1}
{"baseline_wall_s":0.7211125680041732,"candidate_wall_s":0.5608364180079661,"case_id":"q3-v1-stress-alternating_error-972105","different_fields":[],"first_different_action_index":null,"identical":true,"repeat":1}
{"baseline_wall_s":0.415992037000251,"candidate_wall_s":0.33298674700199626,"case_id":"q3-v1-stress-narrow_strip-972106","different_fields":[],"first_different_action_index":null,"identical":true,"repeat":1}
{"baseline_wall_s":0.7979419229959603,"candidate_wall_s":0.5517419669922674,"case_id":"q3-v1-stress-minimum_radius-972107","different_fields":[],"first_different_action_index":null,"identical":true,"repeat":1}
{"baseline_wall_s":0.5800102869980037,"candidate_wall_s":0.4308317129907664,"case_id":"q3-v1-stress-boundary-972108","different_fields":[],"first_different_action_index":null,"identical":true,"repeat":1}
{"baseline_wall_s":0.17869577300734818,"candidate_wall_s":0.1459341549925739,"case_id":"q3-v1-stress-cluster-972109","different_fields":[],"first_different_action_index":null,"identical":true,"repeat":1}
{"baseline_wall_s":0.723008168002707,"candidate_wall_s":0.5431813369941665,"case_id":"q3-v1-stress-positive_error-972110","different_fields":[],"first_different_action_index":null,"identical":true,"repeat":1}
{"baseline_wall_s":0.3833147929981351,"candidate_wall_s":0.288113237998914,"case_id":"q3-v1-stress-negative_error-972111","different_fields":[],"first_different_action_index":null,"identical":true,"repeat":1}
{"baseline_wall_s":0.6870617680106079,"candidate_wall_s":0.5327899330004584,"case_id":"q3-v1-stress-alternating_error-972112","different_fields":[],"first_different_action_index":null,"identical":true,"repeat":1}
{"baseline_wall_s":0.3409808270080248,"candidate_wall_s":0.2517189639911521,"case_id":"q3-v1-stress-narrow_strip-972113","different_fields":[],"first_different_action_index":null,"identical":true,"repeat":1}
{"all_pairs_exactly_identical":true,"all_runs_successful":true,"balanced_ab_ba":true,"case_count":54,"completed_at_utc":"2026-09-11T21:35:26.242032+00:00","different_pairs":[],"elapsed_including_startup_and_bounds_s":151.87924546799331,"final_load_average":[9.33740234375,8.8583984375,8.33056640625],"groups":{"baseline":{"failed_clear_count":0,"max_program_cpu_s":0.953678521,"max_program_runtime_s":0.953758226998616,"max_virtual_time_s":4606.630194,"mean_program_cpu_s":0.6466789036111111,"mean_program_runtime_s":0.6467588783053981,"mean_time_over_physical_lower_bound":2.238410506986696,"mean_virtual_time_s":3068.233924,"p95_program_cpu_s":0.8675421244,"p95_program_runtime_s":0.8675895044500066,"p95_virtual_time_s":3666.4991646,"runs":108,"success_rate":1},"candidate":{"failed_clear_count":0,"max_program_cpu_s":0.73693537,"max_program_runtime_s":0.7369798909930978,"max_virtual_time_s":4606.630194,"mean_program_cpu_s":0.49484611035185183,"mean_program_runtime_s":0.4949003853522569,"mean_time_over_physical_lower_bound":2.238410506986696,"mean_virtual_time_s":3068.233924,"p95_program_cpu_s":0.66615648275,"p95_program_runtime_s":0.6662273628542607,"p95_virtual_time_s":3666.4991646,"runs":108,"success_rate":1}},"paired_runs":108,"repeats":2,"runtime_reductions":{"mean_program_cpu_s_reduction_fraction":0.234788536337604,"mean_program_runtime_s_reduction_fraction":0.23479923978938255,"p95_program_cpu_s_reduction_fraction":0.23213355984215778,"p95_program_runtime_s_reduction_fraction":0.2320937961592746},"scope":"Synthetic research cases, not official tests. Runtime reduction is hardware/load dependent. Identical observed trajectories are finite-case evidence, not a proof for every possible input.","source_unchanged":true,"valid_runtime_only_result":true}
