{"seed": 618301, "strategy": "compact_baseline", "successful": true, "virtual_time_s": 7206.458177, "common_lower_bound_s": 1766.9839083289487, "time_over_lower_bound": 4.078394909558179, "penalized_time_over_lower_bound": 4.078394909558179, "errors": []}
{"seed": 618301, "strategy": "compact_combo", "successful": true, "virtual_time_s": 6282.082991, "common_lower_bound_s": 1766.9839083289487, "time_over_lower_bound": 3.5552576123576687, "penalized_time_over_lower_bound": 3.5552576123576687, "errors": []}
{"seed": 618301, "strategy": "compact_clear_before_probe", "successful": true, "virtual_time_s": 6273.476152, "common_lower_bound_s": 1766.9839083289487, "time_over_lower_bound": 3.550386691372237, "penalized_time_over_lower_bound": 3.550386691372237, "errors": []}
{"seed": 618301, "strategy": "compact_joint_probe", "successful": true, "virtual_time_s": 6273.476152, "common_lower_bound_s": 1766.9839083289487, "time_over_lower_bound": 3.550386691372237, "penalized_time_over_lower_bound": 3.550386691372237, "errors": []}
{"seed": 618302, "strategy": "compact_combo", "successful": true, "virtual_time_s": 10872.181009, "common_lower_bound_s": 2664.6134128961558, "time_over_lower_bound": 4.080209517966464, "penalized_time_over_lower_bound": 4.080209517966464, "errors": []}
{"seed": 618302, "strategy": "compact_baseline", "successful": true, "virtual_time_s": 12107.09476, "common_lower_bound_s": 2664.6134128961558, "time_over_lower_bound": 4.54365901687812, "penalized_time_over_lower_bound": 4.54365901687812, "errors": []}
{"seed": 618303, "strategy": "compact_baseline", "successful": true, "virtual_time_s": 6068.434015, "common_lower_bound_s": 720.9529715139022, "time_over_lower_bound": 8.417239757341068, "penalized_time_over_lower_bound": 8.417239757341068, "errors": []}
{"seed": 618302, "strategy": "compact_clear_before_probe", "successful": true, "virtual_time_s": 10817.013455, "common_lower_bound_s": 2664.6134128961558, "time_over_lower_bound": 4.059505743928174, "penalized_time_over_lower_bound": 4.059505743928174, "errors": []}
{"seed": 618303, "strategy": "compact_combo", "successful": true, "virtual_time_s": 5750.434015, "common_lower_bound_s": 720.9529715139022, "time_over_lower_bound": 7.976156895400373, "penalized_time_over_lower_bound": 7.976156895400373, "errors": []}
{"seed": 618303, "strategy": "compact_clear_before_probe", "successful": true, "virtual_time_s": 5750.434015, "common_lower_bound_s": 720.9529715139022, "time_over_lower_bound": 7.976156895400373, "penalized_time_over_lower_bound": 7.976156895400373, "errors": []}
{"seed": 618304, "strategy": "compact_baseline", "successful": true, "virtual_time_s": 6247.555287, "common_lower_bound_s": 2222.522273385285, "time_over_lower_bound": 2.811020326686713, "penalized_time_over_lower_bound": 2.811020326686713, "errors": []}
{"seed": 618303, "strategy": "compact_joint_probe", "successful": true, "virtual_time_s": 5646.496094, "common_lower_bound_s": 720.9529715139022, "time_over_lower_bound": 7.831989487668154, "penalized_time_over_lower_bound": 7.831989487668154, "errors": []}
{"seed": 618304, "strategy": "compact_combo", "successful": true, "virtual_time_s": 5998.555287, "common_lower_bound_s": 2222.522273385285, "time_over_lower_bound": 2.6989854539739504, "penalized_time_over_lower_bound": 2.6989854539739504, "errors": []}
{"seed": 618304, "strategy": "compact_clear_before_probe", "successful": true, "virtual_time_s": 5990.864222, "common_lower_bound_s": 2222.522273385285, "time_over_lower_bound": 2.695524941972743, "penalized_time_over_lower_bound": 2.695524941972743, "errors": []}
{"seed": 618304, "strategy": "compact_joint_probe", "successful": true, "virtual_time_s": 5990.864222, "common_lower_bound_s": 2222.522273385285, "time_over_lower_bound": 2.695524941972743, "penalized_time_over_lower_bound": 2.695524941972743, "errors": []}
{"seed": 618305, "strategy": "compact_baseline", "successful": true, "virtual_time_s": 6264.453237, "common_lower_bound_s": 1972.3867129800879, "time_over_lower_bound": 3.1760775895387217, "penalized_time_over_lower_bound": 3.1760775895387217, "errors": []}
{"seed": 618302, "strategy": "compact_joint_probe", "successful": true, "virtual_time_s": 9854.662697, "common_lower_bound_s": 2664.6134128961558, "time_over_lower_bound": 3.698346127549142, "penalized_time_over_lower_bound": 3.698346127549142, "errors": []}
{"seed": 618305, "strategy": "compact_combo", "successful": true, "virtual_time_s": 5988.453237, "common_lower_bound_s": 1972.3867129800879, "time_over_lower_bound": 3.036145598421731, "penalized_time_over_lower_bound": 3.036145598421731, "errors": []}
{"seed": 618305, "strategy": "compact_clear_before_probe", "successful": true, "virtual_time_s": 5988.453237, "common_lower_bound_s": 1972.3867129800879, "time_over_lower_bound": 3.036145598421731, "penalized_time_over_lower_bound": 3.036145598421731, "errors": []}
{"seed": 618305, "strategy": "compact_joint_probe", "successful": true, "virtual_time_s": 5988.453237, "common_lower_bound_s": 1972.3867129800879, "time_over_lower_bound": 3.036145598421731, "penalized_time_over_lower_bound": 3.036145598421731, "errors": []}
{"seed": 618306, "strategy": "compact_baseline", "successful": true, "virtual_time_s": 7834.531458, "common_lower_bound_s": 1920.1051865077725, "time_over_lower_bound": 4.080261598714392, "penalized_time_over_lower_bound": 4.080261598714392, "errors": []}
{"seed": 618306, "strategy": "compact_combo", "successful": true, "virtual_time_s": 7486.531458, "common_lower_bound_s": 1920.1051865077725, "time_over_lower_bound": 3.899021527886329, "penalized_time_over_lower_bound": 3.899021527886329, "errors": []}
{"seed": 618306, "strategy": "compact_clear_before_probe", "successful": true, "virtual_time_s": 7481.811532, "common_lower_bound_s": 1920.1051865077725, "time_over_lower_bound": 3.8965633677640783, "penalized_time_over_lower_bound": 3.8965633677640783, "errors": []}
{"seed": 618307, "strategy": "compact_baseline", "successful": true, "virtual_time_s": 6106.36727, "common_lower_bound_s": 726.0000044444444, "time_over_lower_bound": 8.410974149611423, "penalized_time_over_lower_bound": 8.410974149611423, "errors": []}
{"seed": 618306, "strategy": "compact_joint_probe", "successful": true, "virtual_time_s": 7481.811532, "common_lower_bound_s": 1920.1051865077725, "time_over_lower_bound": 3.8965633677640783, "penalized_time_over_lower_bound": 3.8965633677640783, "errors": []}
{"seed": 618307, "strategy": "compact_combo", "successful": true, "virtual_time_s": 5859.143704, "common_lower_bound_s": 726.0000044444444, "time_over_lower_bound": 8.070445823872387, "penalized_time_over_lower_bound": 8.070445823872387, "errors": []}
{"seed": 618307, "strategy": "compact_clear_before_probe", "successful": true, "virtual_time_s": 5802.112911, "common_lower_bound_s": 726.0000044444444, "time_over_lower_bound": 7.9918910130585195, "penalized_time_over_lower_bound": 7.9918910130585195, "errors": []}
{"seed": 618308, "strategy": "compact_baseline", "successful": true, "virtual_time_s": 6813.930888, "common_lower_bound_s": 2565.509171976099, "time_over_lower_bound": 2.655976038764862, "penalized_time_over_lower_bound": 2.655976038764862, "errors": []}
{"seed": 618308, "strategy": "compact_combo", "successful": true, "virtual_time_s": 6278.894627, "common_lower_bound_s": 2565.509171976099, "time_over_lower_bound": 2.4474263025782297, "penalized_time_over_lower_bound": 2.4474263025782297, "errors": []}
{"seed": 618308, "strategy": "compact_clear_before_probe", "successful": true, "virtual_time_s": 6261.719323, "common_lower_bound_s": 2565.509171976099, "time_over_lower_bound": 2.4407316065749525, "penalized_time_over_lower_bound": 2.4407316065749525, "errors": []}
{"seed": 618307, "strategy": "compact_joint_probe", "successful": true, "virtual_time_s": 5802.112911, "common_lower_bound_s": 726.0000044444444, "time_over_lower_bound": 7.9918910130585195, "penalized_time_over_lower_bound": 7.9918910130585195, "errors": []}
{"seed": 618308, "strategy": "compact_joint_probe", "successful": true, "virtual_time_s": 6261.719323, "common_lower_bound_s": 2565.509171976099, "time_over_lower_bound": 2.4407316065749525, "penalized_time_over_lower_bound": 2.4407316065749525, "errors": []}
{"seed": 618309, "strategy": "compact_baseline", "successful": true, "virtual_time_s": 12239.446353, "common_lower_bound_s": 2422.838423580975, "time_over_lower_bound": 5.051697312489373, "penalized_time_over_lower_bound": 5.051697312489373, "errors": []}
{"seed": 618309, "strategy": "compact_combo", "successful": true, "virtual_time_s": 11511.814404, "common_lower_bound_s": 2422.838423580975, "time_over_lower_bound": 4.75137520189458, "penalized_time_over_lower_bound": 4.75137520189458, "errors": []}
{"seed": 618309, "strategy": "compact_clear_before_probe", "successful": true, "virtual_time_s": 11432.416415, "common_lower_bound_s": 2422.838423580975, "time_over_lower_bound": 4.718604552301426, "penalized_time_over_lower_bound": 4.718604552301426, "errors": []}
{"seed": 618310, "strategy": "compact_baseline", "successful": true, "virtual_time_s": 7413.942557, "common_lower_bound_s": 585.9446148233558, "time_over_lower_bound": 12.652974990196087, "penalized_time_over_lower_bound": 12.652974990196087, "errors": []}
{"seed": 618310, "strategy": "compact_combo", "successful": true, "virtual_time_s": 7071.157391, "common_lower_bound_s": 585.9446148233558, "time_over_lower_bound": 12.067962077152524, "penalized_time_over_lower_bound": 12.067962077152524, "errors": []}
{"seed": 618310, "strategy": "compact_clear_before_probe", "successful": true, "virtual_time_s": 6956.874484, "common_lower_bound_s": 585.9446148233558, "time_over_lower_bound": 11.872921617510356, "penalized_time_over_lower_bound": 11.872921617510356, "errors": []}
{"seed": 618310, "strategy": "compact_joint_probe", "successful": true, "virtual_time_s": 6895.856744, "common_lower_bound_s": 585.9446148233558, "time_over_lower_bound": 11.76878593905823, "penalized_time_over_lower_bound": 11.76878593905823, "errors": []}
{"seed": 618309, "strategy": "compact_joint_probe", "successful": true, "virtual_time_s": 9137.303147, "common_lower_bound_s": 2422.838423580975, "time_over_lower_bound": 3.771321710134922, "penalized_time_over_lower_bound": 3.771321710134922, "errors": []}
{"seed": 618311, "strategy": "compact_baseline", "successful": true, "virtual_time_s": 7612.408285, "common_lower_bound_s": 1952.2888082997029, "time_over_lower_bound": 3.8992224166002556, "penalized_time_over_lower_bound": 3.8992224166002556, "errors": []}
{"seed": 618311, "strategy": "compact_combo", "successful": true, "virtual_time_s": 6719.57519, "common_lower_bound_s": 1952.2888082997029, "time_over_lower_bound": 3.44189607676553, "penalized_time_over_lower_bound": 3.44189607676553, "errors": []}
{"seed": 618311, "strategy": "compact_clear_before_probe", "successful": true, "virtual_time_s": 6717.966943, "common_lower_bound_s": 1952.2888082997029, "time_over_lower_bound": 3.441072301618553, "penalized_time_over_lower_bound": 3.441072301618553, "errors": []}
{"seed": 618312, "strategy": "compact_baseline", "successful": true, "virtual_time_s": 7887.477018, "common_lower_bound_s": 2011.9952723416363, "time_over_lower_bound": 3.9202264172421515, "penalized_time_over_lower_bound": 3.9202264172421515, "errors": []}
{"seed": 618312, "strategy": "compact_combo", "successful": true, "virtual_time_s": 7539.477018, "common_lower_bound_s": 2011.9952723416363, "time_over_lower_bound": 3.7472637841863667, "penalized_time_over_lower_bound": 3.7472637841863667, "errors": []}
{"seed": 618312, "strategy": "compact_clear_before_probe", "successful": true, "virtual_time_s": 7459.911849, "common_lower_bound_s": 2011.9952723416363, "time_over_lower_bound": 3.7077183786410552, "penalized_time_over_lower_bound": 3.7077183786410552, "errors": []}
{"seed": 618311, "strategy": "compact_joint_probe", "successful": true, "virtual_time_s": 6717.966943, "common_lower_bound_s": 1952.2888082997029, "time_over_lower_bound": 3.441072301618553, "penalized_time_over_lower_bound": 3.441072301618553, "errors": []}
{"seed": 618313, "strategy": "compact_baseline", "successful": true, "virtual_time_s": 7564.873107, "common_lower_bound_s": 1978.6811781420201, "time_over_lower_bound": 3.8231895014554134, "penalized_time_over_lower_bound": 3.8231895014554134, "errors": []}
{"seed": 618313, "strategy": "compact_combo", "successful": true, "virtual_time_s": 7139.873107, "common_lower_bound_s": 1978.6811781420201, "time_over_lower_bound": 3.6083999715933697, "penalized_time_over_lower_bound": 3.6083999715933697, "errors": []}
{"seed": 618312, "strategy": "compact_joint_probe", "successful": true, "virtual_time_s": 7014.171214, "common_lower_bound_s": 2011.9952723416363, "time_over_lower_bound": 3.486176787004396, "penalized_time_over_lower_bound": 3.486176787004396, "errors": []}
{"seed": 618313, "strategy": "compact_clear_before_probe", "successful": true, "virtual_time_s": 7115.272579, "common_lower_bound_s": 1978.6811781420201, "time_over_lower_bound": 3.595967181373421, "penalized_time_over_lower_bound": 3.595967181373421, "errors": []}
{"seed": 618314, "strategy": "compact_combo", "successful": true, "virtual_time_s": 5712.894105, "common_lower_bound_s": 591.0000044444444, "time_over_lower_bound": 9.666487414615625, "penalized_time_over_lower_bound": 9.666487414615625, "errors": []}
{"seed": 618314, "strategy": "compact_baseline", "successful": true, "virtual_time_s": 6233.592508, "common_lower_bound_s": 591.0000044444444, "time_over_lower_bound": 10.547533775164252, "penalized_time_over_lower_bound": 10.547533775164252, "errors": []}
{"seed": 618313, "strategy": "compact_joint_probe", "successful": true, "virtual_time_s": 7187.807264, "common_lower_bound_s": 1978.6811781420201, "time_over_lower_bound": 3.6326252775848125, "penalized_time_over_lower_bound": 3.6326252775848125, "errors": []}
{"seed": 618314, "strategy": "compact_clear_before_probe", "successful": true, "virtual_time_s": 5612.011182, "common_lower_bound_s": 591.0000044444444, "time_over_lower_bound": 9.495788730620127, "penalized_time_over_lower_bound": 9.495788730620127, "errors": []}
{"seed": 618315, "strategy": "compact_baseline", "successful": true, "virtual_time_s": 9644.035028, "common_lower_bound_s": 1878.0849983340036, "time_over_lower_bound": 5.135036506097942, "penalized_time_over_lower_bound": 5.135036506097942, "errors": []}
{"seed": 618315, "strategy": "compact_combo", "successful": true, "virtual_time_s": 8762.87153, "common_lower_bound_s": 1878.0849983340036, "time_over_lower_bound": 4.665854600709391, "penalized_time_over_lower_bound": 4.665854600709391, "errors": []}
{"seed": 618315, "strategy": "compact_clear_before_probe", "successful": true, "virtual_time_s": 8657.330841, "common_lower_bound_s": 1878.0849983340036, "time_over_lower_bound": 4.609658694190985, "penalized_time_over_lower_bound": 4.609658694190985, "errors": []}
{"seed": 618314, "strategy": "compact_joint_probe", "successful": true, "virtual_time_s": 5518.801834, "common_lower_bound_s": 591.0000044444444, "time_over_lower_bound": 9.338074098980455, "penalized_time_over_lower_bound": 9.338074098980455, "errors": []}
{"seed": 618316, "strategy": "compact_baseline", "successful": true, "virtual_time_s": 10157.322951, "common_lower_bound_s": 2742.5524679256405, "time_over_lower_bound": 3.703602053120465, "penalized_time_over_lower_bound": 3.703602053120465, "errors": []}
{"seed": 618316, "strategy": "compact_combo", "successful": true, "virtual_time_s": 9834.322951, "common_lower_bound_s": 2742.5524679256405, "time_over_lower_bound": 3.5858285542439585, "penalized_time_over_lower_bound": 3.5858285542439585, "errors": []}
{"seed": 618316, "strategy": "compact_clear_before_probe", "successful": true, "virtual_time_s": 9816.109831, "common_lower_bound_s": 2742.5524679256405, "time_over_lower_bound": 3.5791876165725727, "penalized_time_over_lower_bound": 3.5791876165725727, "errors": []}
{"seed": 618315, "strategy": "compact_joint_probe", "successful": true, "virtual_time_s": 7393.719235, "common_lower_bound_s": 1878.0849983340036, "time_over_lower_bound": 3.936839515548423, "penalized_time_over_lower_bound": 3.936839515548423, "errors": []}
{"seed": 618316, "strategy": "compact_joint_probe", "successful": true, "virtual_time_s": 8817.786684, "common_lower_bound_s": 2742.5524679256405, "time_over_lower_bound": 3.215175201614075, "penalized_time_over_lower_bound": 3.215175201614075, "errors": []}
{"seed": 618317, "strategy": "compact_combo", "successful": true, "virtual_time_s": 2260.791689, "common_lower_bound_s": 295.96031760248684, "time_over_lower_bound": 7.638833838651765, "penalized_time_over_lower_bound": 7.638833838651765, "errors": []}
{"seed": 618317, "strategy": "compact_baseline", "successful": true, "virtual_time_s": 5702.889166, "common_lower_bound_s": 295.96031760248684, "time_over_lower_bound": 19.269100709844896, "penalized_time_over_lower_bound": 19.269100709844896, "errors": []}
{"seed": 618317, "strategy": "compact_clear_before_probe", "successful": true, "virtual_time_s": 2248.162474, "common_lower_bound_s": 295.96031760248684, "time_over_lower_bound": 7.596161851061312, "penalized_time_over_lower_bound": 7.596161851061312, "errors": []}
{"seed": 618318, "strategy": "compact_baseline", "successful": true, "virtual_time_s": 6456.907361, "common_lower_bound_s": 2228.166064641656, "time_over_lower_bound": 2.8978573291566714, "penalized_time_over_lower_bound": 2.8978573291566714, "errors": []}
{"seed": 618318, "strategy": "compact_combo", "successful": true, "virtual_time_s": 5986.171818, "common_lower_bound_s": 2228.166064641656, "time_over_lower_bound": 2.6865914138956803, "penalized_time_over_lower_bound": 2.6865914138956803, "errors": []}
{"seed": 618318, "strategy": "compact_clear_before_probe", "successful": true, "virtual_time_s": 5789.344367, "common_lower_bound_s": 2228.166064641656, "time_over_lower_bound": 2.5982553360227527, "penalized_time_over_lower_bound": 2.5982553360227527, "errors": []}
{"seed": 618319, "strategy": "compact_baseline", "successful": true, "virtual_time_s": 7297.421395, "common_lower_bound_s": 1750.0740753159746, "time_over_lower_bound": 4.169778581333739, "penalized_time_over_lower_bound": 4.169778581333739, "errors": []}
{"seed": 618318, "strategy": "compact_joint_probe", "successful": true, "virtual_time_s": 5789.344367, "common_lower_bound_s": 2228.166064641656, "time_over_lower_bound": 2.5982553360227527, "penalized_time_over_lower_bound": 2.5982553360227527, "errors": []}
{"seed": 618319, "strategy": "compact_combo", "successful": true, "virtual_time_s": 6746.789546, "common_lower_bound_s": 1750.0740753159746, "time_over_lower_bound": 3.8551451285179867, "penalized_time_over_lower_bound": 3.8551451285179867, "errors": []}
{"seed": 618319, "strategy": "compact_clear_before_probe", "successful": true, "virtual_time_s": 6723.719599, "common_lower_bound_s": 1750.0740753159746, "time_over_lower_bound": 3.8419628596498336, "penalized_time_over_lower_bound": 3.8419628596498336, "errors": []}
{"seed": 618320, "strategy": "compact_baseline", "successful": true, "virtual_time_s": 9075.24157, "common_lower_bound_s": 2232.957234157069, "time_over_lower_bound": 4.06422542768754, "penalized_time_over_lower_bound": 4.06422542768754, "errors": []}
{"seed": 618319, "strategy": "compact_joint_probe", "successful": true, "virtual_time_s": 6917.862939, "common_lower_bound_s": 1750.0740753159746, "time_over_lower_bound": 3.9528972153655753, "penalized_time_over_lower_bound": 3.9528972153655753, "errors": []}
{"seed": 618317, "strategy": "compact_joint_probe", "successful": true, "virtual_time_s": 2248.162474, "common_lower_bound_s": 295.96031760248684, "time_over_lower_bound": 7.596161851061312, "penalized_time_over_lower_bound": 7.596161851061312, "errors": []}
{"seed": 618320, "strategy": "compact_combo", "successful": true, "virtual_time_s": 8661.24157, "common_lower_bound_s": 2232.957234157069, "time_over_lower_bound": 3.878821070780417, "penalized_time_over_lower_bound": 3.878821070780417, "errors": []}
{"seed": 618320, "strategy": "compact_clear_before_probe", "successful": true, "virtual_time_s": 8528.072298, "common_lower_bound_s": 2232.957234157069, "time_over_lower_bound": 3.819182995333678, "penalized_time_over_lower_bound": 3.819182995333678, "errors": []}
{"seed": 618321, "strategy": "compact_baseline", "successful": true, "virtual_time_s": 7489.154654, "common_lower_bound_s": 681.0000044444444, "time_over_lower_bound": 10.997290169050155, "penalized_time_over_lower_bound": 10.997290169050155, "errors": []}
{"seed": 618321, "strategy": "compact_combo", "successful": true, "virtual_time_s": 7376.529729, "common_lower_bound_s": 681.0000044444444, "time_over_lower_bound": 10.83190848877854, "penalized_time_over_lower_bound": 10.83190848877854, "errors": []}
{"seed": 618321, "strategy": "compact_clear_before_probe", "successful": true, "virtual_time_s": 7380.740967, "common_lower_bound_s": 681.0000044444444, "time_over_lower_bound": 10.838092391821881, "penalized_time_over_lower_bound": 10.838092391821881, "errors": []}
{"seed": 618320, "strategy": "compact_joint_probe", "successful": true, "virtual_time_s": 8087.870442, "common_lower_bound_s": 2232.957234157069, "time_over_lower_bound": 3.6220444880365723, "penalized_time_over_lower_bound": 3.6220444880365723, "errors": []}
{"seed": 618321, "strategy": "compact_joint_probe", "successful": true, "virtual_time_s": 6929.528978, "common_lower_bound_s": 681.0000044444444, "time_over_lower_bound": 10.17551972507411, "penalized_time_over_lower_bound": 10.17551972507411, "errors": []}
{"seed": 618322, "strategy": "compact_baseline", "successful": true, "virtual_time_s": 10280.6333, "common_lower_bound_s": 2056.6231861960796, "time_over_lower_bound": 4.998792860550702, "penalized_time_over_lower_bound": 4.998792860550702, "errors": []}
{"seed": 618322, "strategy": "compact_combo", "successful": true, "virtual_time_s": 9886.6333, "common_lower_bound_s": 2056.6231861960796, "time_over_lower_bound": 4.8072166872173945, "penalized_time_over_lower_bound": 4.8072166872173945, "errors": []}
{"seed": 618322, "strategy": "compact_clear_before_probe", "successful": true, "virtual_time_s": 9870.504709, "common_lower_bound_s": 2056.6231861960796, "time_over_lower_bound": 4.7993744188289735, "penalized_time_over_lower_bound": 4.7993744188289735, "errors": []}
{"seed": 618323, "strategy": "compact_baseline", "successful": true, "virtual_time_s": 11669.215575, "common_lower_bound_s": 2664.6134128961553, "time_over_lower_bound": 4.379327792363241, "penalized_time_over_lower_bound": 4.379327792363241, "errors": []}
{"seed": 618323, "strategy": "compact_combo", "successful": true, "virtual_time_s": 11154.215575, "common_lower_bound_s": 2664.6134128961553, "time_over_lower_bound": 4.186053977292165, "penalized_time_over_lower_bound": 4.186053977292165, "errors": []}
{"seed": 618323, "strategy": "compact_clear_before_probe", "successful": true, "virtual_time_s": 11117.866686, "common_lower_bound_s": 2664.6134128961553, "time_over_lower_bound": 4.1724126404948345, "penalized_time_over_lower_bound": 4.1724126404948345, "errors": []}
{"seed": 618322, "strategy": "compact_joint_probe", "successful": true, "virtual_time_s": 8125.320485, "common_lower_bound_s": 2056.6231861960796, "time_over_lower_bound": 3.950806613256439, "penalized_time_over_lower_bound": 3.950806613256439, "errors": []}
{"seed": 618324, "strategy": "compact_baseline", "successful": true, "virtual_time_s": 6515.337119, "common_lower_bound_s": 540.9636400107225, "time_over_lower_bound": 12.04394646351991, "penalized_time_over_lower_bound": 12.04394646351991, "errors": []}
{"seed": 618324, "strategy": "compact_combo", "successful": true, "virtual_time_s": 6146.565442, "common_lower_bound_s": 540.9636400107225, "time_over_lower_bound": 11.36225244616841, "penalized_time_over_lower_bound": 11.36225244616841, "errors": []}
{"seed": 618323, "strategy": "compact_joint_probe", "successful": true, "virtual_time_s": 11625.781661, "common_lower_bound_s": 2664.6134128961553, "time_over_lower_bound": 4.363027523892854, "penalized_time_over_lower_bound": 4.363027523892854, "errors": []}
{"seed": 618324, "strategy": "compact_clear_before_probe", "successful": true, "virtual_time_s": 6049.734829, "common_lower_bound_s": 540.9636400107225, "time_over_lower_bound": 11.183255918789824, "penalized_time_over_lower_bound": 11.183255918789824, "errors": []}
{"seed": 618325, "strategy": "compact_baseline", "successful": true, "virtual_time_s": 7624.070792, "common_lower_bound_s": 2225.0346174709757, "time_over_lower_bound": 3.4264953597286905, "penalized_time_over_lower_bound": 3.4264953597286905, "errors": []}
{"seed": 618325, "strategy": "compact_combo", "successful": true, "virtual_time_s": 7186.78623, "common_lower_bound_s": 2225.0346174709757, "time_over_lower_bound": 3.2299660299976196, "penalized_time_over_lower_bound": 3.2299660299976196, "errors": []}
{"seed": 618325, "strategy": "compact_clear_before_probe", "successful": true, "virtual_time_s": 7175.327529, "common_lower_bound_s": 2225.0346174709757, "time_over_lower_bound": 3.2248161321443343, "penalized_time_over_lower_bound": 3.2248161321443343, "errors": []}
{"seed": 618324, "strategy": "compact_joint_probe", "successful": true, "virtual_time_s": 5993.028494, "common_lower_bound_s": 540.9636400107225, "time_over_lower_bound": 11.078431248875084, "penalized_time_over_lower_bound": 11.078431248875084, "errors": []}
{"seed": 618326, "strategy": "compact_baseline", "successful": true, "virtual_time_s": 6425.040253, "common_lower_bound_s": 2310.522752890448, "time_over_lower_bound": 2.7807734180337844, "penalized_time_over_lower_bound": 2.7807734180337844, "errors": []}
{"seed": 618325, "strategy": "compact_joint_probe", "successful": true, "virtual_time_s": 7168.579475, "common_lower_bound_s": 2225.0346174709757, "time_over_lower_bound": 3.221783346071248, "penalized_time_over_lower_bound": 3.221783346071248, "errors": []}
{"seed": 618326, "strategy": "compact_combo", "successful": true, "virtual_time_s": 5868.090235, "common_lower_bound_s": 2310.522752890448, "time_over_lower_bound": 2.539724063595158, "penalized_time_over_lower_bound": 2.539724063595158, "errors": []}
{"seed": 618326, "strategy": "compact_clear_before_probe", "successful": true, "virtual_time_s": 5871.090235, "common_lower_bound_s": 2310.522752890448, "time_over_lower_bound": 2.5410224710643106, "penalized_time_over_lower_bound": 2.5410224710643106, "errors": []}
{"seed": 618326, "strategy": "compact_joint_probe", "successful": true, "virtual_time_s": 5871.090235, "common_lower_bound_s": 2310.522752890448, "time_over_lower_bound": 2.5410224710643106, "penalized_time_over_lower_bound": 2.5410224710643106, "errors": []}
{"seed": 618327, "strategy": "compact_baseline", "successful": true, "virtual_time_s": 8766.232571, "common_lower_bound_s": 1944.4526172905885, "time_over_lower_bound": 4.508329230061116, "penalized_time_over_lower_bound": 4.508329230061116, "errors": []}
{"seed": 618327, "strategy": "compact_combo", "successful": true, "virtual_time_s": 9238.391468, "common_lower_bound_s": 1944.4526172905885, "time_over_lower_bound": 4.751152785030487, "penalized_time_over_lower_bound": 4.751152785030487, "errors": []}
{"seed": 618328, "strategy": "compact_baseline", "successful": true, "virtual_time_s": 6664.775391, "common_lower_bound_s": 726.0000044444444, "time_over_lower_bound": 9.180131336362834, "penalized_time_over_lower_bound": 9.180131336362834, "errors": []}
{"seed": 618327, "strategy": "compact_clear_before_probe", "successful": true, "virtual_time_s": 9174.697877, "common_lower_bound_s": 1944.4526172905885, "time_over_lower_bound": 4.71839621876931, "penalized_time_over_lower_bound": 4.71839621876931, "errors": []}
{"seed": 618328, "strategy": "compact_combo", "successful": true, "virtual_time_s": 6245.500145, "common_lower_bound_s": 726.0000044444444, "time_over_lower_bound": 8.602617226950615, "penalized_time_over_lower_bound": 8.602617226950615, "errors": []}
{"seed": 618328, "strategy": "compact_clear_before_probe", "successful": true, "virtual_time_s": 6251.500145, "common_lower_bound_s": 726.0000044444444, "time_over_lower_bound": 8.610881689709938, "penalized_time_over_lower_bound": 8.610881689709938, "errors": []}
{"seed": 618328, "strategy": "compact_joint_probe", "successful": true, "virtual_time_s": 6251.500145, "common_lower_bound_s": 726.0000044444444, "time_over_lower_bound": 8.610881689709938, "penalized_time_over_lower_bound": 8.610881689709938, "errors": []}
{"seed": 618329, "strategy": "compact_baseline", "successful": true, "virtual_time_s": 9675.924586, "common_lower_bound_s": 2005.3599100654344, "time_over_lower_bound": 4.825031425747548, "penalized_time_over_lower_bound": 4.825031425747548, "errors": []}
{"seed": 618329, "strategy": "compact_combo", "successful": true, "virtual_time_s": 8975.633554, "common_lower_bound_s": 2005.3599100654344, "time_over_lower_bound": 4.475821775906115, "penalized_time_over_lower_bound": 4.475821775906115, "errors": []}
{"seed": 618329, "strategy": "compact_clear_before_probe", "successful": true, "virtual_time_s": 8907.973752, "common_lower_bound_s": 2005.3599100654344, "time_over_lower_bound": 4.442082295197242, "penalized_time_over_lower_bound": 4.442082295197242, "errors": []}
{"seed": 618330, "strategy": "compact_baseline", "successful": true, "virtual_time_s": 7509.707048, "common_lower_bound_s": 2704.6602309454456, "time_over_lower_bound": 2.776580570852293, "penalized_time_over_lower_bound": 2.776580570852293, "errors": []}
{"seed": 618327, "strategy": "compact_joint_probe", "successful": true, "virtual_time_s": 8254.332184, "common_lower_bound_s": 1944.4526172905885, "time_over_lower_bound": 4.245067280426527, "penalized_time_over_lower_bound": 4.245067280426527, "errors": []}
{"seed": 618329, "strategy": "compact_joint_probe", "successful": true, "virtual_time_s": 8284.241623, "common_lower_bound_s": 2005.3599100654344, "time_over_lower_bound": 4.131049783841389, "penalized_time_over_lower_bound": 4.131049783841389, "errors": []}
{"seed": 618330, "strategy": "compact_combo", "successful": true, "virtual_time_s": 6972.104688, "common_lower_bound_s": 2704.6602309454456, "time_over_lower_bound": 2.5778116630800683, "penalized_time_over_lower_bound": 2.5778116630800683, "errors": []}
{"seed": 618330, "strategy": "compact_clear_before_probe", "successful": true, "virtual_time_s": 6975.104688, "common_lower_bound_s": 2704.6602309454456, "time_over_lower_bound": 2.5789208597050917, "penalized_time_over_lower_bound": 2.5789208597050917, "errors": []}
{"seed": 618330, "strategy": "compact_joint_probe", "successful": true, "virtual_time_s": 7029.112434, "common_lower_bound_s": 2704.6602309454456, "time_over_lower_bound": 2.5988892629012006, "penalized_time_over_lower_bound": 2.5988892629012006, "errors": []}
{"seed": 618331, "strategy": "compact_baseline", "successful": true, "virtual_time_s": 6072.065985, "common_lower_bound_s": 540.9516366440439, "time_over_lower_bound": 11.224785311067523, "penalized_time_over_lower_bound": 11.224785311067523, "errors": []}
{"seed": 618331, "strategy": "compact_combo", "successful": true, "virtual_time_s": 5577.735806, "common_lower_bound_s": 540.9516366440439, "time_over_lower_bound": 10.310969462266831, "penalized_time_over_lower_bound": 10.310969462266831, "errors": []}
{"seed": 618331, "strategy": "compact_clear_before_probe", "successful": true, "virtual_time_s": 5531.379192, "common_lower_bound_s": 540.9516366440439, "time_over_lower_bound": 10.225274899463423, "penalized_time_over_lower_bound": 10.225274899463423, "errors": []}
{"seed": 618332, "strategy": "compact_baseline", "successful": true, "virtual_time_s": 10100.50607, "common_lower_bound_s": 1958.0309967668916, "time_over_lower_bound": 5.158501620596402, "penalized_time_over_lower_bound": 5.158501620596402, "errors": []}
{"seed": 618332, "strategy": "compact_combo", "successful": true, "virtual_time_s": 9686.50607, "common_lower_bound_s": 1958.0309967668916, "time_over_lower_bound": 4.947064722670068, "penalized_time_over_lower_bound": 4.947064722670068, "errors": []}
{"seed": 618331, "strategy": "compact_joint_probe", "successful": true, "virtual_time_s": 5531.379192, "common_lower_bound_s": 540.9516366440439, "time_over_lower_bound": 10.225274899463423, "penalized_time_over_lower_bound": 10.225274899463423, "errors": []}
{"seed": 618332, "strategy": "compact_clear_before_probe", "successful": true, "virtual_time_s": 9664.617279, "common_lower_bound_s": 1958.0309967668916, "time_over_lower_bound": 4.935885741828527, "penalized_time_over_lower_bound": 4.935885741828527, "errors": []}
{"seed": 618333, "strategy": "compact_baseline", "successful": true, "virtual_time_s": 6705.07449, "common_lower_bound_s": 2490.7759431223867, "time_over_lower_bound": 2.691962120685433, "penalized_time_over_lower_bound": 2.691962120685433, "errors": []}
{"seed": 618333, "strategy": "compact_combo", "successful": true, "virtual_time_s": 6268.543893, "common_lower_bound_s": 2490.7759431223867, "time_over_lower_bound": 2.5167032427420506, "penalized_time_over_lower_bound": 2.5167032427420506, "errors": []}
{"seed": 618333, "strategy": "compact_clear_before_probe", "successful": true, "virtual_time_s": 6227.857673, "common_lower_bound_s": 2490.7759431223867, "time_over_lower_bound": 2.5003684856506534, "penalized_time_over_lower_bound": 2.5003684856506534, "errors": []}
{"seed": 618332, "strategy": "compact_joint_probe", "successful": true, "virtual_time_s": 7970.201223, "common_lower_bound_s": 1958.0309967668916, "time_over_lower_bound": 4.07051841169033, "penalized_time_over_lower_bound": 4.07051841169033, "errors": []}
{"seed": 618333, "strategy": "compact_joint_probe", "successful": true, "virtual_time_s": 6082.537477, "common_lower_bound_s": 2490.7759431223867, "time_over_lower_bound": 2.4420251423237422, "penalized_time_over_lower_bound": 2.4420251423237422, "errors": []}
{"seed": 618334, "strategy": "compact_baseline", "successful": true, "virtual_time_s": 8941.156191, "common_lower_bound_s": 2027.5964523840491, "time_over_lower_bound": 4.409731621145314, "penalized_time_over_lower_bound": 4.409731621145314, "errors": []}
{"seed": 618334, "strategy": "compact_combo", "successful": true, "virtual_time_s": 8281.883482, "common_lower_bound_s": 2027.5964523840491, "time_over_lower_bound": 4.084581758003253, "penalized_time_over_lower_bound": 4.084581758003253, "errors": []}
{"seed": 618334, "strategy": "compact_clear_before_probe", "successful": true, "virtual_time_s": 8281.145379, "common_lower_bound_s": 2027.5964523840491, "time_over_lower_bound": 4.0842177294515505, "penalized_time_over_lower_bound": 4.0842177294515505, "errors": []}
{"seed": 618335, "strategy": "compact_baseline", "successful": true, "virtual_time_s": 7175.444239, "common_lower_bound_s": 501.00000444444436, "time_over_lower_bound": 14.322243862965239, "penalized_time_over_lower_bound": 14.322243862965239, "errors": []}
{"seed": 618335, "strategy": "compact_combo", "successful": true, "virtual_time_s": 7077.109909, "common_lower_bound_s": 501.00000444444436, "time_over_lower_bound": 14.125967756922, "penalized_time_over_lower_bound": 14.125967756922, "errors": []}
{"seed": 618335, "strategy": "compact_clear_before_probe", "successful": true, "virtual_time_s": 6763.419131, "common_lower_bound_s": 501.00000444444436, "time_over_lower_bound": 13.499838465071296, "penalized_time_over_lower_bound": 13.499838465071296, "errors": []}
{"seed": 618334, "strategy": "compact_joint_probe", "successful": true, "virtual_time_s": 8726.121063, "common_lower_bound_s": 2027.5964523840491, "time_over_lower_bound": 4.303677417042144, "penalized_time_over_lower_bound": 4.303677417042144, "errors": []}
{"seed": 618335, "strategy": "compact_joint_probe", "successful": true, "virtual_time_s": 6828.387987, "common_lower_bound_s": 501.00000444444436, "time_over_lower_bound": 13.629516819210322, "penalized_time_over_lower_bound": 13.629516819210322, "errors": []}
{"seed": 618336, "strategy": "compact_baseline", "successful": true, "virtual_time_s": 6805.423356, "common_lower_bound_s": 2136.6538944855974, "time_over_lower_bound": 3.185084572454078, "penalized_time_over_lower_bound": 3.185084572454078, "errors": []}
{"seed": 618336, "strategy": "compact_combo", "successful": true, "virtual_time_s": 6434.095351, "common_lower_bound_s": 2136.6538944855974, "time_over_lower_bound": 3.0112950757282184, "penalized_time_over_lower_bound": 3.0112950757282184, "errors": []}
{"seed": 618336, "strategy": "compact_clear_before_probe", "successful": true, "virtual_time_s": 6369.864614, "common_lower_bound_s": 2136.6538944855974, "time_over_lower_bound": 2.9812337086692997, "penalized_time_over_lower_bound": 2.9812337086692997, "errors": []}
{"seed": 618336, "strategy": "compact_joint_probe", "successful": true, "virtual_time_s": 6369.864614, "common_lower_bound_s": 2136.6538944855974, "time_over_lower_bound": 2.9812337086692997, "penalized_time_over_lower_bound": 2.9812337086692997, "errors": []}
{"seed": 618337, "strategy": "compact_baseline", "successful": true, "virtual_time_s": 8362.054547, "common_lower_bound_s": 2704.6602309454456, "time_over_lower_bound": 3.0917208939316367, "penalized_time_over_lower_bound": 3.0917208939316367, "errors": []}
{"seed": 618337, "strategy": "compact_combo", "successful": true, "virtual_time_s": 7870.054547, "common_lower_bound_s": 2704.6602309454456, "time_over_lower_bound": 2.909812647427781, "penalized_time_over_lower_bound": 2.909812647427781, "errors": []}
{"seed": 618337, "strategy": "compact_clear_before_probe", "successful": true, "virtual_time_s": 7870.054547, "common_lower_bound_s": 2704.6602309454456, "time_over_lower_bound": 2.909812647427781, "penalized_time_over_lower_bound": 2.909812647427781, "errors": []}
{"seed": 618338, "strategy": "compact_baseline", "successful": true, "virtual_time_s": 6009.177445, "common_lower_bound_s": 540.9503409192102, "time_over_lower_bound": 11.108556535501764, "penalized_time_over_lower_bound": 11.108556535501764, "errors": []}
{"seed": 618337, "strategy": "compact_joint_probe", "successful": true, "virtual_time_s": 7870.054547, "common_lower_bound_s": 2704.6602309454456, "time_over_lower_bound": 2.909812647427781, "penalized_time_over_lower_bound": 2.909812647427781, "errors": []}
{"seed": 618338, "strategy": "compact_combo", "successful": true, "virtual_time_s": 5561.653819, "common_lower_bound_s": 540.9503409192102, "time_over_lower_bound": 10.281265022496068, "penalized_time_over_lower_bound": 10.281265022496068, "errors": []}
{"seed": 618338, "strategy": "compact_clear_before_probe", "successful": true, "virtual_time_s": 5603.405859, "common_lower_bound_s": 540.9503409192102, "time_over_lower_bound": 10.358447781876631, "penalized_time_over_lower_bound": 10.358447781876631, "errors": []}
{"seed": 618338, "strategy": "compact_joint_probe", "successful": true, "virtual_time_s": 5585.199652, "common_lower_bound_s": 540.9503409192102, "time_over_lower_bound": 10.324791814548718, "penalized_time_over_lower_bound": 10.324791814548718, "errors": []}
{"seed": 618339, "strategy": "compact_baseline", "successful": true, "virtual_time_s": 9425.075351, "common_lower_bound_s": 1942.207321779854, "time_over_lower_bound": 4.852764813162575, "penalized_time_over_lower_bound": 4.852764813162575, "errors": []}
{"seed": 618339, "strategy": "compact_combo", "successful": true, "virtual_time_s": 8612.21088, "common_lower_bound_s": 1942.207321779854, "time_over_lower_bound": 4.434238705324055, "penalized_time_over_lower_bound": 4.434238705324055, "errors": []}
{"seed": 618340, "strategy": "compact_baseline", "successful": true, "virtual_time_s": 8025.64013, "common_lower_bound_s": 2118.918109716917, "time_over_lower_bound": 3.7876122221033866, "penalized_time_over_lower_bound": 3.7876122221033866, "errors": []}
{"seed": 618340, "strategy": "compact_combo", "successful": true, "virtual_time_s": 7755.64013, "common_lower_bound_s": 2118.918109716917, "time_over_lower_bound": 3.66018870405338, "penalized_time_over_lower_bound": 3.66018870405338, "errors": []}
{"seed": 618340, "strategy": "compact_clear_before_probe", "successful": true, "virtual_time_s": 7741.87371, "common_lower_bound_s": 2118.918109716917, "time_over_lower_bound": 3.653691794174291, "penalized_time_over_lower_bound": 3.653691794174291, "errors": []}
{"seed": 618339, "strategy": "compact_clear_before_probe", "successful": true, "virtual_time_s": 8525.705973, "common_lower_bound_s": 1942.207321779854, "time_over_lower_bound": 4.389699223863999, "penalized_time_over_lower_bound": 4.389699223863999, "errors": []}
{"seed": 618341, "strategy": "compact_baseline", "successful": true, "virtual_time_s": 7010.257085, "common_lower_bound_s": 2058.801358014728, "time_over_lower_bound": 3.4050186812388197, "penalized_time_over_lower_bound": 3.4050186812388197, "errors": []}
{"seed": 618341, "strategy": "compact_combo", "successful": true, "virtual_time_s": 6790.257085, "common_lower_bound_s": 2058.801358014728, "time_over_lower_bound": 3.2981603876285304, "penalized_time_over_lower_bound": 3.2981603876285304, "errors": []}
{"seed": 618341, "strategy": "compact_clear_before_probe", "successful": true, "virtual_time_s": 6790.257085, "common_lower_bound_s": 2058.801358014728, "time_over_lower_bound": 3.2981603876285304, "penalized_time_over_lower_bound": 3.2981603876285304, "errors": []}
{"seed": 618340, "strategy": "compact_joint_probe", "successful": true, "virtual_time_s": 7605.962287, "common_lower_bound_s": 2118.918109716917, "time_over_lower_bound": 3.5895498991304295, "penalized_time_over_lower_bound": 3.5895498991304295, "errors": []}
{"seed": 618339, "strategy": "compact_joint_probe", "successful": true, "virtual_time_s": 7449.599996, "common_lower_bound_s": 1942.207321779854, "time_over_lower_bound": 3.8356358316954173, "penalized_time_over_lower_bound": 3.8356358316954173, "errors": []}
{"seed": 618341, "strategy": "compact_joint_probe", "successful": true, "virtual_time_s": 6695.153527, "common_lower_bound_s": 2058.801358014728, "time_over_lower_bound": 3.2519667334278615, "penalized_time_over_lower_bound": 3.2519667334278615, "errors": []}
{"seed": 618342, "strategy": "compact_baseline", "successful": true, "virtual_time_s": 5624.905994, "common_lower_bound_s": 256.00000444444436, "time_over_lower_bound": 21.97228865759916, "penalized_time_over_lower_bound": 21.97228865759916, "errors": []}
{"seed": 618342, "strategy": "compact_combo", "successful": true, "virtual_time_s": 5492.646521, "common_lower_bound_s": 256.00000444444436, "time_over_lower_bound": 21.45565010016233, "penalized_time_over_lower_bound": 21.45565010016233, "errors": []}
{"seed": 618343, "strategy": "compact_baseline", "successful": true, "virtual_time_s": 6673.319457, "common_lower_bound_s": 1899.9694128162705, "time_over_lower_bound": 3.5123299417269713, "penalized_time_over_lower_bound": 3.5123299417269713, "errors": []}
{"seed": 618342, "strategy": "compact_clear_before_probe", "successful": true, "virtual_time_s": 5479.507088, "common_lower_bound_s": 256.00000444444436, "time_over_lower_bound": 21.404324190897157, "penalized_time_over_lower_bound": 21.404324190897157, "errors": []}
{"seed": 618343, "strategy": "compact_combo", "successful": true, "virtual_time_s": 6607.319457, "common_lower_bound_s": 1899.9694128162705, "time_over_lower_bound": 3.4775925404010364, "penalized_time_over_lower_bound": 3.4775925404010364, "errors": []}
{"seed": 618343, "strategy": "compact_clear_before_probe", "successful": true, "virtual_time_s": 6563.022742, "common_lower_bound_s": 1899.9694128162705, "time_over_lower_bound": 3.4542781045468613, "penalized_time_over_lower_bound": 3.4542781045468613, "errors": []}
{"seed": 618343, "strategy": "compact_joint_probe", "successful": true, "virtual_time_s": 6563.022742, "common_lower_bound_s": 1899.9694128162705, "time_over_lower_bound": 3.4542781045468613, "penalized_time_over_lower_bound": 3.4542781045468613, "errors": []}
{"seed": 618344, "strategy": "compact_baseline", "successful": true, "virtual_time_s": 9697.739635, "common_lower_bound_s": 2704.6602309454456, "time_over_lower_bound": 3.5855666911662474, "penalized_time_over_lower_bound": 3.5855666911662474, "errors": []}
{"seed": 618344, "strategy": "compact_combo", "successful": true, "virtual_time_s": 9338.739635, "common_lower_bound_s": 2704.6602309454456, "time_over_lower_bound": 3.452832828371767, "penalized_time_over_lower_bound": 3.452832828371767, "errors": []}
{"seed": 618344, "strategy": "compact_clear_before_probe", "successful": true, "virtual_time_s": 9262.758619, "common_lower_bound_s": 2704.6602309454456, "time_over_lower_bound": 3.4247401995340816, "penalized_time_over_lower_bound": 3.4247401995340816, "errors": []}
{"seed": 618342, "strategy": "compact_joint_probe", "successful": true, "virtual_time_s": 5354.632043, "common_lower_bound_s": 256.00000444444436, "time_over_lower_bound": 20.916531054834536, "penalized_time_over_lower_bound": 20.916531054834536, "errors": []}
{"seed": 618344, "strategy": "compact_joint_probe", "successful": true, "virtual_time_s": 9357.811183, "common_lower_bound_s": 2704.6602309454456, "time_over_lower_bound": 3.4598841939302916, "penalized_time_over_lower_bound": 3.4598841939302916, "errors": []}
{"seed": 618345, "strategy": "compact_baseline", "successful": true, "virtual_time_s": 6213.714941, "common_lower_bound_s": 295.9477804288381, "time_over_lower_bound": 20.99598426450816, "penalized_time_over_lower_bound": 20.99598426450816, "errors": []}
{"seed": 618345, "strategy": "compact_combo", "successful": true, "virtual_time_s": 2999.465647, "common_lower_bound_s": 295.9477804288381, "time_over_lower_bound": 10.135117900373084, "penalized_time_over_lower_bound": 10.135117900373084, "errors": []}
{"seed": 618346, "strategy": "compact_baseline", "successful": true, "virtual_time_s": 8743.092198, "common_lower_bound_s": 1821.4306467930844, "time_over_lower_bound": 4.800123580545651, "penalized_time_over_lower_bound": 4.800123580545651, "errors": []}
{"seed": 618346, "strategy": "compact_combo", "successful": true, "virtual_time_s": 8443.092198, "common_lower_bound_s": 1821.4306467930844, "time_over_lower_bound": 4.635417885860982, "penalized_time_over_lower_bound": 4.635417885860982, "errors": []}
{"seed": 618345, "strategy": "compact_clear_before_probe", "successful": true, "virtual_time_s": 2891.689225, "common_lower_bound_s": 295.9477804288381, "time_over_lower_bound": 9.77094411997227, "penalized_time_over_lower_bound": 9.77094411997227, "errors": []}
{"seed": 618346, "strategy": "compact_clear_before_probe", "successful": true, "virtual_time_s": 8385.109634, "common_lower_bound_s": 1821.4306467930844, "time_over_lower_bound": 4.603584357583588, "penalized_time_over_lower_bound": 4.603584357583588, "errors": []}
{"seed": 618347, "strategy": "compact_baseline", "successful": true, "virtual_time_s": 7336.200663, "common_lower_bound_s": 2040.3200237295825, "time_over_lower_bound": 3.5956127360794436, "penalized_time_over_lower_bound": 3.5956127360794436, "errors": []}
{"seed": 618346, "strategy": "compact_joint_probe", "successful": true, "virtual_time_s": 7830.25316, "common_lower_bound_s": 1821.4306467930844, "time_over_lower_bound": 4.298957620915402, "penalized_time_over_lower_bound": 4.298957620915402, "errors": []}
{"seed": 618347, "strategy": "compact_combo", "successful": true, "virtual_time_s": 6940.992356, "common_lower_bound_s": 2040.3200237295825, "time_over_lower_bound": 3.401913560262121, "penalized_time_over_lower_bound": 3.401913560262121, "errors": []}
{"seed": 618347, "strategy": "compact_clear_before_probe", "successful": true, "virtual_time_s": 6946.992356, "common_lower_bound_s": 2040.3200237295825, "time_over_lower_bound": 3.404854275409852, "penalized_time_over_lower_bound": 3.404854275409852, "errors": []}
{"seed": 618347, "strategy": "compact_joint_probe", "successful": true, "virtual_time_s": 6936.634267, "common_lower_bound_s": 2040.3200237295825, "time_over_lower_bound": 3.3997775772058785, "penalized_time_over_lower_bound": 3.3997775772058785, "errors": []}
{"seed": 618345, "strategy": "compact_joint_probe", "successful": true, "virtual_time_s": 3491.644727, "common_lower_bound_s": 295.9477804288381, "time_over_lower_bound": 11.798178455471069, "penalized_time_over_lower_bound": 11.798178455471069, "errors": []}
{"seed": 618348, "strategy": "compact_baseline", "successful": true, "virtual_time_s": 8427.897424, "common_lower_bound_s": 1695.650391200972, "time_over_lower_bound": 4.9703037063146045, "penalized_time_over_lower_bound": 4.9703037063146045, "errors": []}
{"seed": 618348, "strategy": "compact_combo", "successful": true, "virtual_time_s": 4878.659677, "common_lower_bound_s": 1695.650391200972, "time_over_lower_bound": 2.8771612959347177, "penalized_time_over_lower_bound": 2.8771612959347177, "errors": []}
{"seed": 618348, "strategy": "compact_clear_before_probe", "successful": true, "virtual_time_s": 4873.09031, "common_lower_bound_s": 1695.650391200972, "time_over_lower_bound": 2.8738767939943997, "penalized_time_over_lower_bound": 2.8738767939943997, "errors": []}
{"seed": 618349, "strategy": "compact_baseline", "successful": true, "virtual_time_s": 5771.426108, "common_lower_bound_s": 636.0000044444444, "time_over_lower_bound": 9.074569288787078, "penalized_time_over_lower_bound": 9.074569288787078, "errors": []}
{"seed": 618349, "strategy": "compact_combo", "successful": true, "virtual_time_s": 5771.426108, "common_lower_bound_s": 636.0000044444444, "time_over_lower_bound": 9.074569288787078, "penalized_time_over_lower_bound": 9.074569288787078, "errors": []}
{"seed": 618349, "strategy": "compact_clear_before_probe", "successful": true, "virtual_time_s": 5771.426108, "common_lower_bound_s": 636.0000044444444, "time_over_lower_bound": 9.074569288787078, "penalized_time_over_lower_bound": 9.074569288787078, "errors": []}
{"seed": 618349, "strategy": "compact_joint_probe", "successful": true, "virtual_time_s": 5771.426108, "common_lower_bound_s": 636.0000044444444, "time_over_lower_bound": 9.074569288787078, "penalized_time_over_lower_bound": 9.074569288787078, "errors": []}
{"seed": 618350, "strategy": "compact_combo", "successful": true, "virtual_time_s": 6181.391412, "common_lower_bound_s": 1871.4225198898996, "time_over_lower_bound": 3.3030442598091994, "penalized_time_over_lower_bound": 3.3030442598091994, "errors": []}
{"seed": 618350, "strategy": "compact_baseline", "successful": true, "virtual_time_s": 8676.585528, "common_lower_bound_s": 1871.4225198898996, "time_over_lower_bound": 4.636358404253073, "penalized_time_over_lower_bound": 4.636358404253073, "errors": []}
{"seed": 618348, "strategy": "compact_joint_probe", "successful": true, "virtual_time_s": 4873.09031, "common_lower_bound_s": 1695.650391200972, "time_over_lower_bound": 2.8738767939943997, "penalized_time_over_lower_bound": 2.8738767939943997, "errors": []}
{"seed": 618351, "strategy": "compact_baseline", "successful": true, "virtual_time_s": 8590.799942, "common_lower_bound_s": 2704.660230945445, "time_over_lower_bound": 3.1762954339728604, "penalized_time_over_lower_bound": 3.1762954339728604, "errors": []}
{"seed": 618351, "strategy": "compact_combo", "successful": true, "virtual_time_s": 7986.799942, "common_lower_bound_s": 2704.660230945445, "time_over_lower_bound": 2.9529771801347935, "penalized_time_over_lower_bound": 2.9529771801347935, "errors": []}
{"seed": 618351, "strategy": "compact_clear_before_probe", "successful": true, "virtual_time_s": 7947.871553, "common_lower_bound_s": 2704.660230945445, "time_over_lower_bound": 2.938584100902659, "penalized_time_over_lower_bound": 2.938584100902659, "errors": []}
{"seed": 618350, "strategy": "compact_clear_before_probe", "successful": true, "virtual_time_s": 6146.031002, "common_lower_bound_s": 1871.4225198898996, "time_over_lower_bound": 3.284149323137132, "penalized_time_over_lower_bound": 3.284149323137132, "errors": []}
{"seed": 618352, "strategy": "compact_baseline", "successful": true, "virtual_time_s": 6362.899831, "common_lower_bound_s": 765.9568209710528, "time_over_lower_bound": 8.307126011272205, "penalized_time_over_lower_bound": 8.307126011272205, "errors": []}
{"seed": 618352, "strategy": "compact_combo", "successful": true, "virtual_time_s": 5692.231831, "common_lower_bound_s": 765.9568209710528, "time_over_lower_bound": 7.431530962520304, "penalized_time_over_lower_bound": 7.431530962520304, "errors": []}
{"seed": 618350, "strategy": "compact_joint_probe", "successful": true, "virtual_time_s": 6146.031002, "common_lower_bound_s": 1871.4225198898996, "time_over_lower_bound": 3.284149323137132, "penalized_time_over_lower_bound": 3.284149323137132, "errors": []}
{"seed": 618352, "strategy": "compact_clear_before_probe", "successful": true, "virtual_time_s": 5688.145605, "common_lower_bound_s": 765.9568209710528, "time_over_lower_bound": 7.426196163105867, "penalized_time_over_lower_bound": 7.426196163105867, "errors": []}
{"seed": 618351, "strategy": "compact_joint_probe", "successful": true, "virtual_time_s": 7907.358711, "common_lower_bound_s": 2704.660230945445, "time_over_lower_bound": 2.9236051983638225, "penalized_time_over_lower_bound": 2.9236051983638225, "errors": []}
{"seed": 618352, "strategy": "compact_joint_probe", "successful": true, "virtual_time_s": 5688.145605, "common_lower_bound_s": 765.9568209710528, "time_over_lower_bound": 7.426196163105867, "penalized_time_over_lower_bound": 7.426196163105867, "errors": []}
{"seed": 618353, "strategy": "compact_baseline", "successful": true, "virtual_time_s": 9359.231824, "common_lower_bound_s": 2055.8130718825896, "time_over_lower_bound": 4.552569468502008, "penalized_time_over_lower_bound": 4.552569468502008, "errors": []}
{"seed": 618353, "strategy": "compact_combo", "successful": true, "virtual_time_s": 8923.231824, "common_lower_bound_s": 2055.8130718825896, "time_over_lower_bound": 4.340487929590137, "penalized_time_over_lower_bound": 4.340487929590137, "errors": []}
{"seed": 618353, "strategy": "compact_clear_before_probe", "successful": true, "virtual_time_s": 8835.789236, "common_lower_bound_s": 2055.8130718825896, "time_over_lower_bound": 4.2979536208069336, "penalized_time_over_lower_bound": 4.2979536208069336, "errors": []}
{"seed": 618354, "strategy": "compact_baseline", "successful": true, "virtual_time_s": 8197.651205, "common_lower_bound_s": 2160.7955263510125, "time_over_lower_bound": 3.7938116332754404, "penalized_time_over_lower_bound": 3.7938116332754404, "errors": []}
{"seed": 618354, "strategy": "compact_combo", "successful": true, "virtual_time_s": 7700.651205, "common_lower_bound_s": 2160.7955263510125, "time_over_lower_bound": 3.563803752409778, "penalized_time_over_lower_bound": 3.563803752409778, "errors": []}
{"seed": 618353, "strategy": "compact_joint_probe", "successful": true, "virtual_time_s": 8729.896801, "common_lower_bound_s": 2055.8130718825896, "time_over_lower_bound": 4.246444835086922, "penalized_time_over_lower_bound": 4.246444835086922, "errors": []}
{"seed": 618354, "strategy": "compact_clear_before_probe", "successful": true, "virtual_time_s": 7600.130264, "common_lower_bound_s": 2160.7955263510125, "time_over_lower_bound": 3.517283413130035, "penalized_time_over_lower_bound": 3.517283413130035, "errors": []}
{"seed": 618355, "strategy": "compact_baseline", "successful": true, "virtual_time_s": 8152.985891, "common_lower_bound_s": 2068.8098485795667, "time_over_lower_bound": 3.9409063605327455, "penalized_time_over_lower_bound": 3.9409063605327455, "errors": []}
{"seed": 618355, "strategy": "compact_combo", "successful": true, "virtual_time_s": 7960.985891, "common_lower_bound_s": 2068.8098485795667, "time_over_lower_bound": 3.848099377748984, "penalized_time_over_lower_bound": 3.848099377748984, "errors": []}
{"seed": 618354, "strategy": "compact_joint_probe", "successful": true, "virtual_time_s": 6671.107669, "common_lower_bound_s": 2160.7955263510125, "time_over_lower_bound": 3.087338708195893, "penalized_time_over_lower_bound": 3.087338708195893, "errors": []}
{"seed": 618355, "strategy": "compact_clear_before_probe", "successful": true, "virtual_time_s": 7963.985891, "common_lower_bound_s": 2068.8098485795667, "time_over_lower_bound": 3.84954948685498, "penalized_time_over_lower_bound": 3.84954948685498, "errors": []}
{"seed": 618355, "strategy": "compact_joint_probe", "successful": true, "virtual_time_s": 6850.19475, "common_lower_bound_s": 2068.8098485795667, "time_over_lower_bound": 3.3111765949409535, "penalized_time_over_lower_bound": 3.3111765949409535, "errors": []}
{"seed": 618356, "strategy": "compact_baseline", "successful": true, "virtual_time_s": 7020.625031, "common_lower_bound_s": 256.0000044444444, "time_over_lower_bound": 27.424316051227155, "penalized_time_over_lower_bound": 27.424316051227155, "errors": []}
{"seed": 618356, "strategy": "compact_combo", "successful": true, "virtual_time_s": 4674.587414, "common_lower_bound_s": 256.0000044444444, "time_over_lower_bound": 18.26010676892176, "penalized_time_over_lower_bound": 18.26010676892176, "errors": []}
{"seed": 618356, "strategy": "compact_clear_before_probe", "successful": true, "virtual_time_s": 4617.648748, "common_lower_bound_s": 256.0000044444444, "time_over_lower_bound": 18.037690108720657, "penalized_time_over_lower_bound": 18.037690108720657, "errors": []}
{"seed": 618357, "strategy": "compact_baseline", "successful": true, "virtual_time_s": 8816.292969, "common_lower_bound_s": 2196.5703821721268, "time_over_lower_bound": 4.013662863050086, "penalized_time_over_lower_bound": 4.013662863050086, "errors": []}
{"seed": 618357, "strategy": "compact_combo", "successful": true, "virtual_time_s": 8564.292969, "common_lower_bound_s": 2196.5703821721268, "time_over_lower_bound": 3.898938562820378, "penalized_time_over_lower_bound": 3.898938562820378, "errors": []}
{"seed": 618357, "strategy": "compact_clear_before_probe", "successful": true, "virtual_time_s": 8564.292969, "common_lower_bound_s": 2196.5703821721268, "time_over_lower_bound": 3.898938562820378, "penalized_time_over_lower_bound": 3.898938562820378, "errors": []}
{"seed": 618358, "strategy": "compact_baseline", "successful": true, "virtual_time_s": 10455.209746, "common_lower_bound_s": 2777.712956832119, "time_over_lower_bound": 3.7639633426787875, "penalized_time_over_lower_bound": 3.7639633426787875, "errors": []}
{"seed": 618357, "strategy": "compact_joint_probe", "successful": true, "virtual_time_s": 7048.879764, "common_lower_bound_s": 2196.5703821721268, "time_over_lower_bound": 3.209038882254964, "penalized_time_over_lower_bound": 3.209038882254964, "errors": []}
{"seed": 618358, "strategy": "compact_combo", "successful": true, "virtual_time_s": 9922.209746, "common_lower_bound_s": 2777.712956832119, "time_over_lower_bound": 3.572078864950798, "penalized_time_over_lower_bound": 3.572078864950798, "errors": []}
{"seed": 618358, "strategy": "compact_clear_before_probe", "successful": true, "virtual_time_s": 9922.209746, "common_lower_bound_s": 2777.712956832119, "time_over_lower_bound": 3.572078864950798, "penalized_time_over_lower_bound": 3.572078864950798, "errors": []}
{"seed": 618359, "strategy": "compact_baseline", "successful": true, "virtual_time_s": 6143.811056, "common_lower_bound_s": 630.9491633643524, "time_over_lower_bound": 9.737410575584123, "penalized_time_over_lower_bound": 9.737410575584123, "errors": []}
{"seed": 618358, "strategy": "compact_joint_probe", "successful": true, "virtual_time_s": 8559.402603, "common_lower_bound_s": 2777.712956832119, "time_over_lower_bound": 3.0814568445408015, "penalized_time_over_lower_bound": 3.0814568445408015, "errors": []}
{"seed": 618359, "strategy": "compact_combo", "successful": true, "virtual_time_s": 5882.811056, "common_lower_bound_s": 630.9491633643524, "time_over_lower_bound": 9.323748088723384, "penalized_time_over_lower_bound": 9.323748088723384, "errors": []}
{"seed": 618359, "strategy": "compact_clear_before_probe", "successful": true, "virtual_time_s": 5882.811056, "common_lower_bound_s": 630.9491633643524, "time_over_lower_bound": 9.323748088723384, "penalized_time_over_lower_bound": 9.323748088723384, "errors": []}
{"seed": 618359, "strategy": "compact_joint_probe", "successful": true, "virtual_time_s": 5641.421406, "common_lower_bound_s": 630.9491633643524, "time_over_lower_bound": 8.941166315078009, "penalized_time_over_lower_bound": 8.941166315078009, "errors": []}
{"seed": 618360, "strategy": "compact_baseline", "successful": true, "virtual_time_s": 6872.391988, "common_lower_bound_s": 2089.9704964451494, "time_over_lower_bound": 3.2882722505840714, "penalized_time_over_lower_bound": 3.2882722505840714, "errors": []}
{"seed": 618356, "strategy": "compact_joint_probe", "successful": true, "virtual_time_s": 4724.336516, "common_lower_bound_s": 256.0000044444444, "time_over_lower_bound": 18.454439195235434, "penalized_time_over_lower_bound": 18.454439195235434, "errors": []}
{"seed": 618360, "strategy": "compact_combo", "successful": true, "virtual_time_s": 6435.391988, "common_lower_bound_s": 2089.9704964451494, "time_over_lower_bound": 3.0791783898126885, "penalized_time_over_lower_bound": 3.0791783898126885, "errors": []}
{"seed": 618360, "strategy": "compact_clear_before_probe", "successful": true, "virtual_time_s": 6415.309588, "common_lower_bound_s": 2089.9704964451494, "time_over_lower_bound": 3.069569450340022, "penalized_time_over_lower_bound": 3.069569450340022, "errors": []}
{"seed": 618360, "strategy": "compact_joint_probe", "successful": true, "virtual_time_s": 6415.309588, "common_lower_bound_s": 2089.9704964451494, "time_over_lower_bound": 3.069569450340022, "penalized_time_over_lower_bound": 3.069569450340022, "errors": []}
{"seed": 618361, "strategy": "compact_baseline", "successful": true, "virtual_time_s": 8928.253114, "common_lower_bound_s": 2233.3438346470766, "time_over_lower_bound": 3.997706477386579, "penalized_time_over_lower_bound": 3.997706477386579, "errors": []}
{"seed": 618361, "strategy": "compact_combo", "successful": true, "virtual_time_s": 8642.253114, "common_lower_bound_s": 2233.3438346470766, "time_over_lower_bound": 3.8696473780382714, "penalized_time_over_lower_bound": 3.8696473780382714, "errors": []}
{"seed": 618362, "strategy": "compact_baseline", "successful": true, "virtual_time_s": 7339.945996, "common_lower_bound_s": 1909.6289373228092, "time_over_lower_bound": 3.843650382827873, "penalized_time_over_lower_bound": 3.843650382827873, "errors": []}
{"seed": 618361, "strategy": "compact_clear_before_probe", "successful": true, "virtual_time_s": 8588.162529, "common_lower_bound_s": 2233.3438346470766, "time_over_lower_bound": 3.845427826995184, "penalized_time_over_lower_bound": 3.845427826995184, "errors": []}
{"seed": 618362, "strategy": "compact_combo", "successful": true, "virtual_time_s": 7129.945996, "common_lower_bound_s": 1909.6289373228092, "time_over_lower_bound": 3.7336813747679054, "penalized_time_over_lower_bound": 3.7336813747679054, "errors": []}
{"seed": 618362, "strategy": "compact_clear_before_probe", "successful": true, "virtual_time_s": 7135.945996, "common_lower_bound_s": 1909.6289373228092, "time_over_lower_bound": 3.7368233464267617, "penalized_time_over_lower_bound": 3.7368233464267617, "errors": []}
{"seed": 618362, "strategy": "compact_joint_probe", "successful": true, "virtual_time_s": 7135.945996, "common_lower_bound_s": 1909.6289373228092, "time_over_lower_bound": 3.7368233464267617, "penalized_time_over_lower_bound": 3.7368233464267617, "errors": []}
{"seed": 618361, "strategy": "compact_joint_probe", "successful": true, "virtual_time_s": 7692.518868, "common_lower_bound_s": 2233.3438346470766, "time_over_lower_bound": 3.4443952376081883, "penalized_time_over_lower_bound": 3.4443952376081883, "errors": []}
{"seed": 618363, "strategy": "compact_baseline", "successful": true, "virtual_time_s": 6524.991753, "common_lower_bound_s": 501.0000044444444, "time_over_lower_bound": 13.0239355191933, "penalized_time_over_lower_bound": 13.0239355191933, "errors": []}
{"seed": 618363, "strategy": "compact_combo", "successful": true, "virtual_time_s": 6140.991753, "common_lower_bound_s": 501.0000044444444, "time_over_lower_bound": 12.257468460124477, "penalized_time_over_lower_bound": 12.257468460124477, "errors": []}
{"seed": 618364, "strategy": "compact_baseline", "successful": true, "virtual_time_s": 6165.790294, "common_lower_bound_s": 1843.0777772494018, "time_over_lower_bound": 3.345377156682877, "penalized_time_over_lower_bound": 3.345377156682877, "errors": []}
{"seed": 618363, "strategy": "compact_clear_before_probe", "successful": true, "virtual_time_s": 6102.063932, "common_lower_bound_s": 501.0000044444444, "time_over_lower_bound": 12.1797682192968, "penalized_time_over_lower_bound": 12.1797682192968, "errors": []}
{"seed": 618364, "strategy": "compact_combo", "successful": true, "virtual_time_s": 6112.790294, "common_lower_bound_s": 1843.0777772494018, "time_over_lower_bound": 3.316620909575879, "penalized_time_over_lower_bound": 3.316620909575879, "errors": []}
{"seed": 618364, "strategy": "compact_clear_before_probe", "successful": true, "virtual_time_s": 6112.790294, "common_lower_bound_s": 1843.0777772494018, "time_over_lower_bound": 3.316620909575879, "penalized_time_over_lower_bound": 3.316620909575879, "errors": []}
{"seed": 618365, "strategy": "compact_baseline", "successful": true, "virtual_time_s": 11560.483409, "common_lower_bound_s": 2836.2988774316836, "time_over_lower_bound": 4.075904518027456, "penalized_time_over_lower_bound": 4.075904518027456, "errors": []}
{"seed": 618364, "strategy": "compact_joint_probe", "successful": true, "virtual_time_s": 6112.790294, "common_lower_bound_s": 1843.0777772494018, "time_over_lower_bound": 3.316620909575879, "penalized_time_over_lower_bound": 3.316620909575879, "errors": []}
{"seed": 618363, "strategy": "compact_joint_probe", "successful": true, "virtual_time_s": 5425.414509, "common_lower_bound_s": 501.0000044444444, "time_over_lower_bound": 10.829170580579548, "penalized_time_over_lower_bound": 10.829170580579548, "errors": []}
{"seed": 618365, "strategy": "compact_combo", "successful": true, "virtual_time_s": 11326.483409, "common_lower_bound_s": 2836.2988774316836, "time_over_lower_bound": 3.9934026343712836, "penalized_time_over_lower_bound": 3.9934026343712836, "errors": []}
{"seed": 618365, "strategy": "compact_clear_before_probe", "successful": true, "virtual_time_s": 11304.083749, "common_lower_bound_s": 2836.2988774316836, "time_over_lower_bound": 3.985505138032575, "penalized_time_over_lower_bound": 3.985505138032575, "errors": []}
{"seed": 618366, "strategy": "compact_baseline", "successful": true, "virtual_time_s": 6398.993089, "common_lower_bound_s": 630.9601872659928, "time_over_lower_bound": 10.141674891925293, "penalized_time_over_lower_bound": 10.141674891925293, "errors": []}
{"seed": 618366, "strategy": "compact_combo", "successful": true, "virtual_time_s": 5872.993089, "common_lower_bound_s": 630.9601872659928, "time_over_lower_bound": 9.308024828710995, "penalized_time_over_lower_bound": 9.308024828710995, "errors": []}
{"seed": 618365, "strategy": "compact_joint_probe", "successful": true, "virtual_time_s": 10732.233892, "common_lower_bound_s": 2836.2988774316836, "time_over_lower_bound": 3.783886803113718, "penalized_time_over_lower_bound": 3.783886803113718, "errors": []}
{"seed": 618366, "strategy": "compact_clear_before_probe", "successful": true, "virtual_time_s": 5863.834582, "common_lower_bound_s": 630.9601872659928, "time_over_lower_bound": 9.29350963871195, "penalized_time_over_lower_bound": 9.29350963871195, "errors": []}
{"seed": 618366, "strategy": "compact_joint_probe", "successful": true, "virtual_time_s": 6491.962713, "common_lower_bound_s": 630.9601872659928, "time_over_lower_bound": 10.289021152238238, "penalized_time_over_lower_bound": 10.289021152238238, "errors": []}
{"seed": 618367, "strategy": "compact_baseline", "successful": true, "virtual_time_s": 6215.074939, "common_lower_bound_s": 2326.9352238120696, "time_over_lower_bound": 2.6709273534560363, "penalized_time_over_lower_bound": 2.6709273534560363, "errors": []}
{"seed": 618367, "strategy": "compact_combo", "successful": true, "virtual_time_s": 5832.074939, "common_lower_bound_s": 2326.9352238120696, "time_over_lower_bound": 2.5063331713401475, "penalized_time_over_lower_bound": 2.5063331713401475, "errors": []}
{"seed": 618368, "strategy": "compact_baseline", "successful": true, "virtual_time_s": 8337.14712, "common_lower_bound_s": 1937.5114224066754, "time_over_lower_bound": 4.3030183066709515, "penalized_time_over_lower_bound": 4.3030183066709515, "errors": []}
{"seed": 618367, "strategy": "compact_clear_before_probe", "successful": true, "virtual_time_s": 5832.074939, "common_lower_bound_s": 2326.9352238120696, "time_over_lower_bound": 2.5063331713401475, "penalized_time_over_lower_bound": 2.5063331713401475, "errors": []}
{"seed": 618367, "strategy": "compact_joint_probe", "successful": true, "virtual_time_s": 5832.074939, "common_lower_bound_s": 2326.9352238120696, "time_over_lower_bound": 2.5063331713401475, "penalized_time_over_lower_bound": 2.5063331713401475, "errors": []}
{"seed": 618368, "strategy": "compact_combo", "successful": true, "virtual_time_s": 8044.14712, "common_lower_bound_s": 1937.5114224066754, "time_over_lower_bound": 4.151793391756102, "penalized_time_over_lower_bound": 4.151793391756102, "errors": []}
{"seed": 618368, "strategy": "compact_clear_before_probe", "successful": true, "virtual_time_s": 7967.234821, "common_lower_bound_s": 1937.5114224066754, "time_over_lower_bound": 4.1120969553322775, "penalized_time_over_lower_bound": 4.1120969553322775, "errors": []}
{"seed": 618369, "strategy": "compact_baseline", "successful": true, "virtual_time_s": 6836.5447, "common_lower_bound_s": 1886.5175373329928, "time_over_lower_bound": 3.6238967116441225, "penalized_time_over_lower_bound": 3.6238967116441225, "errors": []}
{"seed": 618369, "strategy": "compact_combo", "successful": true, "virtual_time_s": 6617.573261, "common_lower_bound_s": 1886.5175373329928, "time_over_lower_bound": 3.5078249367113723, "penalized_time_over_lower_bound": 3.5078249367113723, "errors": []}
{"seed": 618368, "strategy": "compact_joint_probe", "successful": true, "virtual_time_s": 7112.190798, "common_lower_bound_s": 1937.5114224066754, "time_over_lower_bound": 3.6707865129205834, "penalized_time_over_lower_bound": 3.6707865129205834, "errors": []}
{"seed": 618370, "strategy": "compact_baseline", "successful": true, "virtual_time_s": 7619.112155, "common_lower_bound_s": 726.0000044444444, "time_over_lower_bound": 10.494644777351425, "penalized_time_over_lower_bound": 10.494644777351425, "errors": []}
{"seed": 618369, "strategy": "compact_clear_before_probe", "successful": true, "virtual_time_s": 6613.756734, "common_lower_bound_s": 1886.5175373329928, "time_over_lower_bound": 3.505801882631846, "penalized_time_over_lower_bound": 3.505801882631846, "errors": []}
{"seed": 618370, "strategy": "compact_combo", "successful": true, "virtual_time_s": 7407.525703, "common_lower_bound_s": 726.0000044444444, "time_over_lower_bound": 10.203203385196185, "penalized_time_over_lower_bound": 10.203203385196185, "errors": []}
{"seed": 618370, "strategy": "compact_clear_before_probe", "successful": true, "virtual_time_s": 7366.342046, "common_lower_bound_s": 726.0000044444444, "time_over_lower_bound": 10.146476585267974, "penalized_time_over_lower_bound": 10.146476585267974, "errors": []}
{"seed": 618369, "strategy": "compact_joint_probe", "successful": true, "virtual_time_s": 6546.690512, "common_lower_bound_s": 1886.5175373329928, "time_over_lower_bound": 3.4702516051110694, "penalized_time_over_lower_bound": 3.4702516051110694, "errors": []}
{"seed": 618370, "strategy": "compact_joint_probe", "successful": true, "virtual_time_s": 6638.537769, "common_lower_bound_s": 726.0000044444444, "time_over_lower_bound": 9.143991361377465, "penalized_time_over_lower_bound": 9.143991361377465, "errors": []}
{"seed": 618371, "strategy": "compact_baseline", "successful": true, "virtual_time_s": 6242.921069, "common_lower_bound_s": 2068.6437594794706, "time_over_lower_bound": 3.017881179585457, "penalized_time_over_lower_bound": 3.017881179585457, "errors": []}
{"seed": 618371, "strategy": "compact_combo", "successful": true, "virtual_time_s": 6176.942349, "common_lower_bound_s": 2068.6437594794706, "time_over_lower_bound": 2.985986504778519, "penalized_time_over_lower_bound": 2.985986504778519, "errors": []}
{"seed": 618372, "strategy": "compact_baseline", "successful": true, "virtual_time_s": 12390.429847, "common_lower_bound_s": 2809.3417162355568, "time_over_lower_bound": 4.410438849568947, "penalized_time_over_lower_bound": 4.410438849568947, "errors": []}
{"seed": 618371, "strategy": "compact_clear_before_probe", "successful": true, "virtual_time_s": 6176.942349, "common_lower_bound_s": 2068.6437594794706, "time_over_lower_bound": 2.985986504778519, "penalized_time_over_lower_bound": 2.985986504778519, "errors": []}
{"seed": 618372, "strategy": "compact_combo", "successful": true, "virtual_time_s": 12018.429847, "common_lower_bound_s": 2809.3417162355568, "time_over_lower_bound": 4.278023487688915, "penalized_time_over_lower_bound": 4.278023487688915, "errors": []}
{"seed": 618372, "strategy": "compact_clear_before_probe", "successful": true, "virtual_time_s": 12001.935769, "common_lower_bound_s": 2809.3417162355568, "time_over_lower_bound": 4.272152333637175, "penalized_time_over_lower_bound": 4.272152333637175, "errors": []}
{"seed": 618373, "strategy": "compact_baseline", "successful": true, "virtual_time_s": 6860.582104, "common_lower_bound_s": 675.9792760442897, "time_over_lower_bound": 10.149101233024338, "penalized_time_over_lower_bound": 10.149101233024338, "errors": []}
{"seed": 618373, "strategy": "compact_combo", "successful": true, "virtual_time_s": 6529.027859, "common_lower_bound_s": 675.9792760442897, "time_over_lower_bound": 9.65862133704262, "penalized_time_over_lower_bound": 9.65862133704262, "errors": []}
{"seed": 618373, "strategy": "compact_clear_before_probe", "successful": true, "virtual_time_s": 6463.802483, "common_lower_bound_s": 675.9792760442897, "time_over_lower_bound": 9.562131136364151, "penalized_time_over_lower_bound": 9.562131136364151, "errors": []}
{"seed": 618372, "strategy": "compact_joint_probe", "successful": true, "virtual_time_s": 12310.922108, "common_lower_bound_s": 2809.3417162355568, "time_over_lower_bound": 4.3821376505583345, "penalized_time_over_lower_bound": 4.3821376505583345, "errors": []}
{"seed": 618371, "strategy": "compact_joint_probe", "successful": true, "virtual_time_s": 6176.942349, "common_lower_bound_s": 2068.6437594794706, "time_over_lower_bound": 2.985986504778519, "penalized_time_over_lower_bound": 2.985986504778519, "errors": []}
{"seed": 618374, "strategy": "compact_baseline", "successful": true, "virtual_time_s": 7210.349816, "common_lower_bound_s": 1695.4675919649114, "time_over_lower_bound": 4.252720518027584, "penalized_time_over_lower_bound": 4.252720518027584, "errors": []}
{"seed": 618374, "strategy": "compact_combo", "successful": true, "virtual_time_s": 6925.444421, "common_lower_bound_s": 1695.4675919649114, "time_over_lower_bound": 4.084681095540118, "penalized_time_over_lower_bound": 4.084681095540118, "errors": []}
{"seed": 618374, "strategy": "compact_clear_before_probe", "successful": true, "virtual_time_s": 6919.418012, "common_lower_bound_s": 1695.4675919649114, "time_over_lower_bound": 4.081126672542852, "penalized_time_over_lower_bound": 4.081126672542852, "errors": []}
{"seed": 618373, "strategy": "compact_joint_probe", "successful": true, "virtual_time_s": 6254.041271, "common_lower_bound_s": 675.9792760442897, "time_over_lower_bound": 9.251823972470778, "penalized_time_over_lower_bound": 9.251823972470778, "errors": []}
{"seed": 618374, "strategy": "compact_joint_probe", "successful": true, "virtual_time_s": 6943.685176, "common_lower_bound_s": 1695.4675919649114, "time_over_lower_bound": 4.0954396350052455, "penalized_time_over_lower_bound": 4.0954396350052455, "errors": []}
{"seed": 618375, "strategy": "compact_baseline", "successful": true, "virtual_time_s": 7598.40922, "common_lower_bound_s": 2021.1076699260757, "time_over_lower_bound": 3.759527180596925, "penalized_time_over_lower_bound": 3.759527180596925, "errors": []}
{"seed": 618375, "strategy": "compact_clear_before_probe", "successful": true, "virtual_time_s": 6263.126333, "common_lower_bound_s": 2021.1076699260757, "time_over_lower_bound": 3.098858327141513, "penalized_time_over_lower_bound": 3.098858327141513, "errors": []}
{"seed": 618375, "strategy": "compact_combo", "successful": true, "virtual_time_s": 6269.591854, "common_lower_bound_s": 2021.1076699260757, "time_over_lower_bound": 3.102057325936187, "penalized_time_over_lower_bound": 3.102057325936187, "errors": []}
{"seed": 618376, "strategy": "compact_baseline", "successful": true, "virtual_time_s": 6318.21688, "common_lower_bound_s": 1973.3703820361675, "time_over_lower_bound": 3.201738982968176, "penalized_time_over_lower_bound": 3.201738982968176, "errors": []}
{"seed": 618376, "strategy": "compact_combo", "successful": true, "virtual_time_s": 6234.21688, "common_lower_bound_s": 1973.3703820361675, "time_over_lower_bound": 3.1591722145780845, "penalized_time_over_lower_bound": 3.1591722145780845, "errors": []}
{"seed": 618376, "strategy": "compact_clear_before_probe", "successful": true, "virtual_time_s": 6234.21688, "common_lower_bound_s": 1973.3703820361675, "time_over_lower_bound": 3.1591722145780845, "penalized_time_over_lower_bound": 3.1591722145780845, "errors": []}
{"seed": 618376, "strategy": "compact_joint_probe", "successful": true, "virtual_time_s": 6234.21688, "common_lower_bound_s": 1973.3703820361675, "time_over_lower_bound": 3.1591722145780845, "penalized_time_over_lower_bound": 3.1591722145780845, "errors": []}
{"seed": 618377, "strategy": "compact_baseline", "successful": true, "virtual_time_s": 8233.956334, "common_lower_bound_s": 501.00000444444436, "time_over_lower_bound": 16.435042437036664, "penalized_time_over_lower_bound": 16.435042437036664, "errors": []}
{"seed": 618377, "strategy": "compact_combo", "successful": true, "virtual_time_s": 7609.348305, "common_lower_bound_s": 501.00000444444436, "time_over_lower_bound": 15.188319835322073, "penalized_time_over_lower_bound": 15.188319835322073, "errors": []}
{"seed": 618375, "strategy": "compact_joint_probe", "successful": true, "virtual_time_s": 6263.126333, "common_lower_bound_s": 2021.1076699260757, "time_over_lower_bound": 3.098858327141513, "penalized_time_over_lower_bound": 3.098858327141513, "errors": []}
{"seed": 618378, "strategy": "compact_baseline", "successful": true, "virtual_time_s": 6088.977076, "common_lower_bound_s": 2133.0191759286054, "time_over_lower_bound": 2.8546283806141486, "penalized_time_over_lower_bound": 2.8546283806141486, "errors": []}
{"seed": 618377, "strategy": "compact_clear_before_probe", "successful": true, "virtual_time_s": 7560.044333, "common_lower_bound_s": 501.00000444444436, "time_over_lower_bound": 15.089908714438604, "penalized_time_over_lower_bound": 15.089908714438604, "errors": []}
{"seed": 618378, "strategy": "compact_combo", "successful": true, "virtual_time_s": 5824.977076, "common_lower_bound_s": 2133.0191759286054, "time_over_lower_bound": 2.730860154346296, "penalized_time_over_lower_bound": 2.730860154346296, "errors": []}
{"seed": 618378, "strategy": "compact_clear_before_probe", "successful": true, "virtual_time_s": 5824.977076, "common_lower_bound_s": 2133.0191759286054, "time_over_lower_bound": 2.730860154346296, "penalized_time_over_lower_bound": 2.730860154346296, "errors": []}
{"seed": 618378, "strategy": "compact_joint_probe", "successful": true, "virtual_time_s": 5824.977076, "common_lower_bound_s": 2133.0191759286054, "time_over_lower_bound": 2.730860154346296, "penalized_time_over_lower_bound": 2.730860154346296, "errors": []}
{"seed": 618379, "strategy": "compact_baseline", "successful": true, "virtual_time_s": 9191.756599, "common_lower_bound_s": 2777.7129568321193, "time_over_lower_bound": 3.3091095955007765, "penalized_time_over_lower_bound": 3.3091095955007765, "errors": []}
{"seed": 618379, "strategy": "compact_combo", "successful": true, "virtual_time_s": 8773.756599, "common_lower_bound_s": 2777.7129568321193, "time_over_lower_bound": 3.158626083886706, "penalized_time_over_lower_bound": 3.158626083886706, "errors": []}
{"seed": 618379, "strategy": "compact_clear_before_probe", "successful": true, "virtual_time_s": 8773.756599, "common_lower_bound_s": 2777.7129568321193, "time_over_lower_bound": 3.158626083886706, "penalized_time_over_lower_bound": 3.158626083886706, "errors": []}
{"seed": 618379, "strategy": "compact_joint_probe", "successful": true, "virtual_time_s": 7564.327478, "common_lower_bound_s": 2777.7129568321193, "time_over_lower_bound": 2.7232214399240307, "penalized_time_over_lower_bound": 2.7232214399240307, "errors": []}
{"seed": 618380, "strategy": "compact_baseline", "successful": true, "virtual_time_s": 9206.598136, "common_lower_bound_s": 630.9560445292061, "time_over_lower_bound": 14.591504774107667, "penalized_time_over_lower_bound": 14.591504774107667, "errors": []}
{"seed": 618377, "strategy": "compact_joint_probe", "successful": true, "virtual_time_s": 6341.513233, "common_lower_bound_s": 501.00000444444436, "time_over_lower_bound": 12.657710931623768, "penalized_time_over_lower_bound": 12.657710931623768, "errors": []}
{"seed": 618380, "strategy": "compact_combo", "successful": true, "virtual_time_s": 8863.785824, "common_lower_bound_s": 630.9560445292061, "time_over_lower_bound": 14.048182755129638, "penalized_time_over_lower_bound": 14.048182755129638, "errors": []}
{"seed": 618380, "strategy": "compact_clear_before_probe", "successful": true, "virtual_time_s": 8816.974591, "common_lower_bound_s": 630.9560445292061, "time_over_lower_bound": 13.973991797762823, "penalized_time_over_lower_bound": 13.973991797762823, "errors": []}
{"seed": 618381, "strategy": "compact_baseline", "successful": true, "virtual_time_s": 7969.845583, "common_lower_bound_s": 2386.161279979374, "time_over_lower_bound": 3.340028039960858, "penalized_time_over_lower_bound": 3.340028039960858, "errors": []}
{"seed": 618381, "strategy": "compact_combo", "successful": true, "virtual_time_s": 7531.845583, "common_lower_bound_s": 2386.161279979374, "time_over_lower_bound": 3.156469617621616, "penalized_time_over_lower_bound": 3.156469617621616, "errors": []}
{"seed": 618380, "strategy": "compact_joint_probe", "successful": true, "virtual_time_s": 8469.144384, "common_lower_bound_s": 630.9560445292061, "time_over_lower_bound": 13.422716934773693, "penalized_time_over_lower_bound": 13.422716934773693, "errors": []}
{"seed": 618381, "strategy": "compact_clear_before_probe", "successful": true, "virtual_time_s": 7534.845583, "common_lower_bound_s": 2386.161279979374, "time_over_lower_bound": 3.157726867089693, "penalized_time_over_lower_bound": 3.157726867089693, "errors": []}
{"seed": 618381, "strategy": "compact_joint_probe", "successful": true, "virtual_time_s": 6647.394, "common_lower_bound_s": 2386.161279979374, "time_over_lower_bound": 2.7858108568660795, "penalized_time_over_lower_bound": 2.7858108568660795, "errors": []}
{"seed": 618382, "strategy": "compact_baseline", "successful": true, "virtual_time_s": 6588.292962, "common_lower_bound_s": 1819.2725712900613, "time_over_lower_bound": 3.6213886066166476, "penalized_time_over_lower_bound": 3.6213886066166476, "errors": []}
{"seed": 618382, "strategy": "compact_combo", "successful": true, "virtual_time_s": 6306.292962, "common_lower_bound_s": 1819.2725712900613, "time_over_lower_bound": 3.4663815975239793, "penalized_time_over_lower_bound": 3.4663815975239793, "errors": []}
{"seed": 618383, "strategy": "compact_baseline", "successful": true, "virtual_time_s": 9724.345694, "common_lower_bound_s": 2192.3104394558873, "time_over_lower_bound": 4.435660898651515, "penalized_time_over_lower_bound": 4.435660898651515, "errors": []}
{"seed": 618382, "strategy": "compact_clear_before_probe", "successful": true, "virtual_time_s": 6306.292962, "common_lower_bound_s": 1819.2725712900613, "time_over_lower_bound": 3.4663815975239793, "penalized_time_over_lower_bound": 3.4663815975239793, "errors": []}
{"seed": 618383, "strategy": "compact_combo", "successful": true, "virtual_time_s": 9297.995822, "common_lower_bound_s": 2192.3104394558873, "time_over_lower_bound": 4.241185762134894, "penalized_time_over_lower_bound": 4.241185762134894, "errors": []}
{"seed": 618382, "strategy": "compact_joint_probe", "successful": true, "virtual_time_s": 6306.292962, "common_lower_bound_s": 1819.2725712900613, "time_over_lower_bound": 3.4663815975239793, "penalized_time_over_lower_bound": 3.4663815975239793, "errors": []}
{"seed": 618383, "strategy": "compact_clear_before_probe", "successful": true, "virtual_time_s": 9279.631542, "common_lower_bound_s": 2192.3104394558873, "time_over_lower_bound": 4.232809083508777, "penalized_time_over_lower_bound": 4.232809083508777, "errors": []}
{"seed": 618384, "strategy": "compact_baseline", "successful": true, "virtual_time_s": 6934.165394, "common_lower_bound_s": 636.0000044444444, "time_over_lower_bound": 10.902775700539653, "penalized_time_over_lower_bound": 10.902775700539653, "errors": []}
{"seed": 618384, "strategy": "compact_combo", "successful": true, "virtual_time_s": 6330.580713, "common_lower_bound_s": 636.0000044444444, "time_over_lower_bound": 9.953743189876011, "penalized_time_over_lower_bound": 9.953743189876011, "errors": []}
{"seed": 618384, "strategy": "compact_clear_before_probe", "successful": true, "virtual_time_s": 6303.894347, "common_lower_bound_s": 636.0000044444444, "time_over_lower_bound": 9.911783495200677, "penalized_time_over_lower_bound": 9.911783495200677, "errors": []}
{"seed": 618383, "strategy": "compact_joint_probe", "successful": true, "virtual_time_s": 7946.211467, "common_lower_bound_s": 2192.3104394558873, "time_over_lower_bound": 3.6245831447904715, "penalized_time_over_lower_bound": 3.6245831447904715, "errors": []}
{"seed": 618384, "strategy": "compact_joint_probe", "successful": true, "virtual_time_s": 6303.894347, "common_lower_bound_s": 636.0000044444444, "time_over_lower_bound": 9.911783495200677, "penalized_time_over_lower_bound": 9.911783495200677, "errors": []}
{"summaries": {"compact_baseline": {"runs": 84, "successful": 84, "mean_time_s": 7819.146586702381, "mean_lower_bound_s": 1716.5434519422502, "mean_time_over_mean_lower_bound": 4.555169621750677, "mean_individual_ratio": 6.445315274074165, "p95_time_s": 11394.692359549994, "max_time_s": 12390.429847, "mean_runtime_s": 0.10655918571206885, "mean_components_s": {"movement_s": 5591.075158130952, "switching_s": 310.51190476190476, "detection_s": 1706.845238095238, "optical_s": 184.35714285714286, "removal_s": 26.357142857142858}}, "compact_clear_before_probe": {"runs": 84, "successful": 84, "mean_time_s": 7222.275830821429, "mean_lower_bound_s": 1716.5434519422502, "mean_time_over_mean_lower_bound": 4.207452961735109, "mean_individual_ratio": 5.70483410768631, "p95_time_s": 10682.792898649994, "max_time_s": 12001.935769, "mean_runtime_s": 0.10016683452461923, "mean_components_s": {"movement_s": 5371.882973678571, "switching_s": 248.9047619047619, "detection_s": 1384.1666666666667, "optical_s": 190.96428571428572, "removal_s": 26.357142857142858}}, "compact_combo": {"runs": 84, "successful": 84, "mean_time_s": 7257.682614690476, "mean_lower_bound_s": 1716.5434519422502, "mean_time_over_mean_lower_bound": 4.228079753226455, "mean_individual_ratio": 5.743421922194485, "p95_time_s": 10729.685319549993, "max_time_s": 12018.429847, "mean_runtime_s": 0.10441483809700003, "mean_components_s": {"movement_s": 5392.004043261904, "switching_s": 250.1904761904762, "detection_s": 1400.952380952381, "optical_s": 188.17857142857142, "removal_s": 26.357142857142858}}, "compact_joint_probe": {"runs": 84, "successful": 84, "mean_time_s": 6918.343750511905, "mean_lower_bound_s": 1716.5434519422502, "mean_time_over_mean_lower_bound": 4.030392439343073, "mean_individual_ratio": 5.533093963880864, "p95_time_s": 9324.7349776, "max_time_s": 12310.922108, "mean_runtime_s": 0.36454079047654797, "mean_components_s": {"movement_s": 5149.343750511905, "switching_s": 248.77380952380952, "detection_s": 1381.904761904762, "optical_s": 111.96428571428571, "removal_s": 26.357142857142858}}}, "paired_vs_compact_baseline": {"compact_clear_before_probe": {"pairs": 84, "all_complete": true, "mean_saved_s": 596.8707558809524, "saving_ci95_s": [463.5260657142856, 752.7176824523809], "mean_reduction_fraction": 0.0763345141650138, "wins": 82, "losses": 1, "ties": 1, "worst_regression_s": 408.46530600000006, "paired_ratio_p95": 0.9865279295824763}, "compact_combo": {"pairs": 84, "all_complete": true, "mean_saved_s": 561.4639720119047, "saving_ci95_s": [429.0062604047619, 716.0511597738096], "mean_reduction_fraction": 0.07180629826875962, "wins": 82, "losses": 1, "ties": 1, "worst_regression_s": 472.15889699999934, "paired_ratio_p95": 0.9890224858185753}, "compact_joint_probe": {"pairs": 84, "all_complete": true, "mean_saved_s": 900.8028361904761, "saving_ci95_s": [732.6215187738094, 1082.4113592261904], "mean_reduction_fraction": 0.11520475108145756, "wins": 82, "losses": 1, "ties": 1, "worst_regression_s": 92.9696240000003, "paired_ratio_p95": 0.9911082714235956}}}
